[Wed 20 May 2026 06:31:02 -05] Starting training on compute-0-1.hpc.cedia.edu.ec...
Epoch 1 - Loss: 0.2493 - L_BS: 0.2609 - C_Loc: 0.2415 - Beta: 0.10 - Dice: 52.40, Prec: 59.52, Rec: 59.69, HD95: 146.58, ASSD: 39.52, IPE: 0.31, Mem: 10.87
Val. Loss: 0.3066, L_BS: 0.2134, C_Loc: 0.3687, Val. DSC: 54.52, Val. Precision: 43.48, Val. Recall: 91.43, Val. HD95: 175.96, Val. ASSD: 58.07, Val. IPE: 1.70, Val. Mem: 6.42
Model saved successfully!
Model saved successfully!
Model saved successfully!
Model saved successfully!
Epoch 2 - Loss: 0.1652 - L_BS: 0.1675 - C_Loc: 0.1636 - Beta: 0.10 - Dice: 65.13, Prec: 69.72, Rec: 69.46, HD95: 112.91, ASSD: 29.76, IPE: 0.12, Mem: 10.40
Val. Loss: 0.1690, L_BS: 0.1872, C_Loc: 0.1569, Val. DSC: 61.77, Val. Precision: 73.49, Val. Recall: 60.32, Val. HD95: 102.89, Val. ASSD: 27.77, Val. IPE: 0.05, Val. Mem: 2.81
Model saved successfully!
Model saved successfully!Model saved successfully!

Model saved successfully!
Epoch 3 - Loss: 0.1274 - L_BS: 0.1234 - C_Loc: 0.1301 - Beta: 0.10 - Dice: 71.77, Prec: 74.63, Rec: 75.62, HD95: 97.33, ASSD: 25.64, IPE: 0.10, Mem: 10.40
Val. Loss: 0.1101, L_BS: 0.1273, C_Loc: 0.0986, Val. DSC: 73.98, Val. Precision: 76.54, Val. Recall: 76.19, Val. HD95: 70.93, Val. ASSD: 19.20, Val. IPE: 0.05, Val. Mem: 2.81
Model saved successfully!
Model saved successfully!Model saved successfully!

Model saved successfully!
Epoch 4 - Loss: 0.1098 - L_BS: 0.1106 - C_Loc: 0.1094 - Beta: 0.10 - Dice: 75.16, Prec: 78.72, Rec: 76.74, HD95: 90.31, ASSD: 22.88, IPE: 0.10, Mem: 10.40
Val. Loss: 0.1507, L_BS: 0.1791, C_Loc: 0.1317, Val. DSC: 65.53, Val. Precision: 76.39, Val. Recall: 62.46, Val. HD95: 96.61, Val. ASSD: 26.35, Val. IPE: 0.05, Val. Mem: 2.81
Epoch 5 - Loss: 0.1012 - L_BS: 0.0967 - C_Loc: 0.1042 - Beta: 0.10 - Dice: 76.87, Prec: 79.65, Rec: 79.20, HD95: 84.79, ASSD: 21.39, IPE: 0.10, Mem: 10.40
Val. Loss: 0.1425, L_BS: 0.1554, C_Loc: 0.1339, Val. DSC: 67.15, Val. Precision: 78.32, Val. Recall: 65.35, Val. HD95: 102.00, Val. ASSD: 25.75, Val. IPE: 0.05, Val. Mem: 2.81
Epoch 6 - Loss: 0.0988 - L_BS: 0.0926 - C_Loc: 0.1030 - Beta: 0.10 - Dice: 77.73, Prec: 80.51, Rec: 80.40, HD95: 82.23, ASSD: 20.91, IPE: 0.10, Mem: 10.40
Val. Loss: 0.2088, L_BS: 0.2666, C_Loc: 0.1703, Val. DSC: 58.00, Val. Precision: 72.97, Val. Recall: 53.12, Val. HD95: 108.88, Val. ASSD: 32.10, Val. IPE: 0.05, Val. Mem: 2.81
Epoch 7 - Loss: 0.0904 - L_BS: 0.0859 - C_Loc: 0.0935 - Beta: 0.10 - Dice: 79.21, Prec: 81.65, Rec: 81.09, HD95: 85.91, ASSD: 20.19, IPE: 0.11, Mem: 10.40
Val. Loss: 0.1116, L_BS: 0.1115, C_Loc: 0.1118, Val. DSC: 76.25, Val. Precision: 72.99, Val. Recall: 87.25, Val. HD95: 94.30, Val. ASSD: 22.81, Val. IPE: 0.05, Val. Mem: 2.81
Epoch 8 - Loss: 0.0865 - L_BS: 0.0840 - C_Loc: 0.0882 - Beta: 0.10 - Dice: 80.14, Prec: 82.32, Rec: 82.29, HD95: 78.92, ASSD: 18.87, IPE: 0.10, Mem: 10.40
Val. Loss: 0.0857, L_BS: 0.0843, C_Loc: 0.0867, Val. DSC: 80.86, Val. Precision: 85.40, Val. Recall: 80.54, Val. HD95: 76.81, Val. ASSD: 18.67, Val. IPE: 0.05, Val. Mem: 2.81
Model saved successfully!
Model saved successfully!Model saved successfully!

Model saved successfully!
Epoch 9 - Loss: 0.0764 - L_BS: 0.0715 - C_Loc: 0.0796 - Beta: 0.10 - Dice: 82.86, Prec: 84.89, Rec: 84.47, HD95: 74.51, ASSD: 16.96, IPE: 0.11, Mem: 10.40
Val. Loss: 0.1314, L_BS: 0.1336, C_Loc: 0.1299, Val. DSC: 73.72, Val. Precision: 83.52, Val. Recall: 71.08, Val. HD95: 79.60, Val. ASSD: 19.41, Val. IPE: 0.05, Val. Mem: 2.81
Epoch 10 - Loss: 0.0790 - L_BS: 0.0713 - C_Loc: 0.0841 - Beta: 0.10 - Dice: 82.24, Prec: 84.61, Rec: 83.40, HD95: 76.80, ASSD: 17.90, IPE: 0.12, Mem: 10.40
Val. Loss: 0.1206, L_BS: 0.1209, C_Loc: 0.1204, Val. DSC: 75.94, Val. Precision: 90.50, Val. Recall: 70.85, Val. HD95: 66.28, Val. ASSD: 18.02, Val. IPE: 0.05, Val. Mem: 2.81
Epoch 11 - Loss: 0.0672 - L_BS: 0.0616 - C_Loc: 0.0710 - Beta: 0.10 - Dice: 85.07, Prec: 86.84, Rec: 86.50, HD95: 73.27, ASSD: 16.00, IPE: 0.11, Mem: 10.40
Val. Loss: 0.1872, L_BS: 0.2119, C_Loc: 0.1707, Val. DSC: 64.22, Val. Precision: 81.88, Val. Recall: 58.95, Val. HD95: 83.33, Val. ASSD: 22.97, Val. IPE: 0.05, Val. Mem: 2.81
Epoch 12 - Loss: 0.0586 - L_BS: 0.0523 - C_Loc: 0.0628 - Beta: 0.10 - Dice: 87.00, Prec: 88.98, Rec: 87.54, HD95: 67.94, ASSD: 14.24, IPE: 0.11, Mem: 10.40
Val. Loss: 0.1116, L_BS: 0.1026, C_Loc: 0.1176, Val. DSC: 76.50, Val. Precision: 89.50, Val. Recall: 70.91, Val. HD95: 74.45, Val. ASSD: 17.52, Val. IPE: 0.05, Val. Mem: 2.81
Epoch 13 - Loss: 0.0630 - L_BS: 0.0562 - C_Loc: 0.0676 - Beta: 0.10 - Dice: 86.18, Prec: 88.10, Rec: 87.14, HD95: 69.42, ASSD: 14.88, IPE: 0.11, Mem: 10.40
Val. Loss: 0.1773, L_BS: 0.1869, C_Loc: 0.1710, Val. DSC: 65.46, Val. Precision: 91.06, Val. Recall: 57.53, Val. HD95: 82.00, Val. ASSD: 25.01, Val. IPE: 0.05, Val. Mem: 2.81
Epoch 14 - Loss: 0.0623 - L_BS: 0.0554 - C_Loc: 0.0668 - Beta: 0.10 - Dice: 86.27, Prec: 87.80, Rec: 87.70, HD95: 72.82, ASSD: 15.29, IPE: 0.11, Mem: 10.40
Val. Loss: 0.1120, L_BS: 0.1151, C_Loc: 0.1100, Val. DSC: 76.57, Val. Precision: 90.24, Val. Recall: 70.51, Val. HD95: 68.34, Val. ASSD: 17.35, Val. IPE: 0.05, Val. Mem: 2.81
Epoch 15 - Loss: 0.0538 - L_BS: 0.0489 - C_Loc: 0.0571 - Beta: 0.10 - Dice: 88.11, Prec: 89.58, Rec: 89.16, HD95: 65.13, ASSD: 13.58, IPE: 0.11, Mem: 10.40
Val. Loss: 0.0456, L_BS: 0.0424, C_Loc: 0.0477, Val. DSC: 89.25, Val. Precision: 89.89, Val. Recall: 90.89, Val. HD95: 51.92, Val. ASSD: 11.13, Val. IPE: 0.05, Val. Mem: 2.81
Model saved successfully!
Model saved successfully!Model saved successfully!

Model saved successfully!
Epoch 16 - Loss: 0.0457 - L_BS: 0.0421 - C_Loc: 0.0482 - Beta: 0.10 - Dice: 90.09, Prec: 91.44, Rec: 90.83, HD95: 60.58, ASSD: 12.02, IPE: 0.12, Mem: 10.40
Val. Loss: 0.0502, L_BS: 0.0482, C_Loc: 0.0515, Val. DSC: 89.17, Val. Precision: 88.59, Val. Recall: 93.53, Val. HD95: 64.30, Val. ASSD: 13.75, Val. IPE: 0.05, Val. Mem: 2.81
Epoch 17 - Loss: 0.0452 - L_BS: 0.0400 - C_Loc: 0.0487 - Beta: 0.10 - Dice: 90.23, Prec: 91.51, Rec: 90.85, HD95: 57.21, ASSD: 11.66, IPE: 0.11, Mem: 10.40
Val. Loss: 0.0456, L_BS: 0.0454, C_Loc: 0.0457, Val. DSC: 89.02, Val. Precision: 87.69, Val. Recall: 93.30, Val. HD95: 55.83, Val. ASSD: 12.04, Val. IPE: 0.05, Val. Mem: 2.81
Model saved successfully!
Model saved successfully!Model saved successfully!

Model saved successfully!
Epoch 18 - Loss: 0.0499 - L_BS: 0.0440 - C_Loc: 0.0539 - Beta: 0.10 - Dice: 89.22, Prec: 90.41, Rec: 90.36, HD95: 61.64, ASSD: 12.73, IPE: 0.11, Mem: 10.40
Val. Loss: 0.0505, L_BS: 0.0439, C_Loc: 0.0549, Val. DSC: 88.91, Val. Precision: 90.21, Val. Recall: 89.71, Val. HD95: 70.74, Val. ASSD: 14.33, Val. IPE: 0.05, Val. Mem: 2.81
Epoch 19 - Loss: 0.0476 - L_BS: 0.0419 - C_Loc: 0.0514 - Beta: 0.10 - Dice: 89.89, Prec: 91.11, Rec: 90.74, HD95: 60.20, ASSD: 12.02, IPE: 0.11, Mem: 10.40
Val. Loss: 0.0363, L_BS: 0.0357, C_Loc: 0.0368, Val. DSC: 91.05, Val. Precision: 91.12, Val. Recall: 92.55, Val. HD95: 38.01, Val. ASSD: 9.01, Val. IPE: 0.05, Val. Mem: 2.81
Model saved successfully!
Model saved successfully!Model saved successfully!

Model saved successfully!
Epoch 20 - Loss: 0.0458 - L_BS: 0.0429 - C_Loc: 0.0477 - Beta: 0.10 - Dice: 90.13, Prec: 91.31, Rec: 91.32, HD95: 60.70, ASSD: 12.42, IPE: 0.12, Mem: 10.40
Val. Loss: 0.0442, L_BS: 0.0408, C_Loc: 0.0464, Val. DSC: 89.77, Val. Precision: 86.88, Val. Recall: 95.25, Val. HD95: 58.36, Val. ASSD: 12.89, Val. IPE: 0.05, Val. Mem: 2.81
Epoch 21 - Loss: 0.0439 - L_BS: 0.0371 - C_Loc: 0.0485 - Beta: 0.10 - Dice: 91.07, Prec: 92.31, Rec: 91.74, HD95: 52.84, ASSD: 10.96, IPE: 0.11, Mem: 10.40
Val. Loss: 0.2611, L_BS: 0.3257, C_Loc: 0.2181, Val. DSC: 51.24, Val. Precision: 81.41, Val. Recall: 43.37, Val. HD95: 99.96, Val. ASSD: 28.06, Val. IPE: 0.05, Val. Mem: 2.81
Epoch 22 - Loss: 0.0390 - L_BS: 0.0379 - C_Loc: 0.0397 - Beta: 0.10 - Dice: 91.67, Prec: 92.84, Rec: 92.45, HD95: 53.24, ASSD: 10.32, IPE: 0.11, Mem: 10.40
Val. Loss: 0.0370, L_BS: 0.0361, C_Loc: 0.0376, Val. DSC: 91.27, Val. Precision: 92.18, Val. Recall: 91.18, Val. HD95: 56.47, Val. ASSD: 10.33, Val. IPE: 0.05, Val. Mem: 2.81
Epoch 23 - Loss: 0.0412 - L_BS: 0.0386 - C_Loc: 0.0429 - Beta: 0.10 - Dice: 91.15, Prec: 92.24, Rec: 91.98, HD95: 54.35, ASSD: 10.56, IPE: 0.12, Mem: 10.40
Val. Loss: 0.1523, L_BS: 0.1513, C_Loc: 0.1530, Val. DSC: 70.13, Val. Precision: 90.42, Val. Recall: 62.99, Val. HD95: 78.77, Val. ASSD: 20.67, Val. IPE: 0.05, Val. Mem: 2.81
Epoch 24 - Loss: 0.0368 - L_BS: 0.0312 - C_Loc: 0.0406 - Beta: 0.10 - Dice: 92.30, Prec: 93.08, Rec: 92.99, HD95: 53.84, ASSD: 10.50, IPE: 0.11, Mem: 10.40
Val. Loss: 0.0316, L_BS: 0.0301, C_Loc: 0.0325, Val. DSC: 92.75, Val. Precision: 94.80, Val. Recall: 91.47, Val. HD95: 35.27, Val. ASSD: 7.62, Val. IPE: 0.05, Val. Mem: 2.81
Model saved successfully!Model saved successfully!

Model saved successfully!
Model saved successfully!
Epoch 25 - Loss: 0.0341 - L_BS: 0.0315 - C_Loc: 0.0359 - Beta: 0.10 - Dice: 92.77, Prec: 93.39, Rec: 93.58, HD95: 50.99, ASSD: 9.73, IPE: 0.10, Mem: 10.40
Val. Loss: 0.0904, L_BS: 0.0869, C_Loc: 0.0927, Val. DSC: 81.85, Val. Precision: 92.79, Val. Recall: 77.29, Val. HD95: 57.18, Val. ASSD: 14.39, Val. IPE: 0.05, Val. Mem: 2.81
Epoch 26 - Loss: 0.0316 - L_BS: 0.0274 - C_Loc: 0.0343 - Beta: 0.10 - Dice: 93.42, Prec: 94.15, Rec: 93.93, HD95: 46.36, ASSD: 9.09, IPE: 0.10, Mem: 10.40
Val. Loss: 0.0318, L_BS: 0.0335, C_Loc: 0.0307, Val. DSC: 92.41, Val. Precision: 91.52, Val. Recall: 94.64, Val. HD95: 41.19, Val. ASSD: 8.62, Val. IPE: 0.05, Val. Mem: 2.81
Epoch 27 - Loss: 0.0292 - L_BS: 0.0265 - C_Loc: 0.0310 - Beta: 0.10 - Dice: 93.77, Prec: 94.32, Rec: 94.30, HD95: 43.72, ASSD: 8.53, IPE: 0.10, Mem: 10.40
Val. Loss: 0.0337, L_BS: 0.0319, C_Loc: 0.0349, Val. DSC: 92.19, Val. Precision: 93.84, Val. Recall: 91.56, Val. HD95: 33.93, Val. ASSD: 8.45, Val. IPE: 0.05, Val. Mem: 2.81
Epoch 28 - Loss: 0.0339 - L_BS: 0.0315 - C_Loc: 0.0354 - Beta: 0.10 - Dice: 93.00, Prec: 93.79, Rec: 93.81, HD95: 48.69, ASSD: 9.47, IPE: 0.11, Mem: 10.40
Val. Loss: 0.0283, L_BS: 0.0290, C_Loc: 0.0278, Val. DSC: 93.46, Val. Precision: 91.68, Val. Recall: 96.54, Val. HD95: 48.89, Val. ASSD: 8.99, Val. IPE: 0.05, Val. Mem: 2.81
Model saved successfully!
Model saved successfully!Model saved successfully!

Model saved successfully!
Epoch 29 - Loss: 0.0312 - L_BS: 0.0289 - C_Loc: 0.0328 - Beta: 0.10 - Dice: 93.56, Prec: 94.09, Rec: 94.46, HD95: 48.09, ASSD: 9.20, IPE: 0.10, Mem: 10.40
Val. Loss: 0.0250, L_BS: 0.0251, C_Loc: 0.0250, Val. DSC: 94.25, Val. Precision: 94.53, Val. Recall: 94.39, Val. HD95: 37.41, Val. ASSD: 7.34, Val. IPE: 0.05, Val. Mem: 2.81
Model saved successfully!
Model saved successfully!Model saved successfully!

Model saved successfully!
Epoch 30 - Loss: 0.0284 - L_BS: 0.0255 - C_Loc: 0.0303 - Beta: 0.10 - Dice: 94.25, Prec: 94.94, Rec: 94.69, HD95: 43.28, ASSD: 8.31, IPE: 0.10, Mem: 10.40
Val. Loss: 0.0230, L_BS: 0.0233, C_Loc: 0.0228, Val. DSC: 94.69, Val. Precision: 93.41, Val. Recall: 96.60, Val. HD95: 48.23, Val. ASSD: 8.96, Val. IPE: 0.05, Val. Mem: 2.81
Model saved successfully!
Model saved successfully!Model saved successfully!

Model saved successfully!
Epoch 31 - Loss: 0.0336 - L_BS: 0.0309 - C_Loc: 0.0354 - Beta: 0.10 - Dice: 92.94, Prec: 93.92, Rec: 93.50, HD95: 49.93, ASSD: 9.42, IPE: 0.11, Mem: 10.40
Val. Loss: 0.0302, L_BS: 0.0299, C_Loc: 0.0303, Val. DSC: 92.82, Val. Precision: 92.83, Val. Recall: 94.07, Val. HD95: 33.92, Val. ASSD: 7.80, Val. IPE: 0.05, Val. Mem: 2.81
Epoch 32 - Loss: 0.0274 - L_BS: 0.0272 - C_Loc: 0.0276 - Beta: 0.10 - Dice: 94.24, Prec: 94.83, Rec: 94.89, HD95: 41.30, ASSD: 7.79, IPE: 0.10, Mem: 10.40
Val. Loss: 0.0322, L_BS: 0.0272, C_Loc: 0.0356, Val. DSC: 93.15, Val. Precision: 95.45, Val. Recall: 91.70, Val. HD95: 30.54, Val. ASSD: 7.39, Val. IPE: 0.05, Val. Mem: 2.81
Epoch 33 - Loss: 0.0301 - L_BS: 0.0284 - C_Loc: 0.0312 - Beta: 0.10 - Dice: 93.80, Prec: 94.35, Rec: 94.74, HD95: 45.15, ASSD: 8.58, IPE: 0.10, Mem: 10.40
Val. Loss: 0.0398, L_BS: 0.0401, C_Loc: 0.0396, Val. DSC: 90.90, Val. Precision: 89.77, Val. Recall: 94.98, Val. HD95: 78.33, Val. ASSD: 15.77, Val. IPE: 0.05, Val. Mem: 2.81
Epoch 34 - Loss: 0.0282 - L_BS: 0.0251 - C_Loc: 0.0303 - Beta: 0.10 - Dice: 94.44, Prec: 94.85, Rec: 95.27, HD95: 42.03, ASSD: 7.93, IPE: 0.10, Mem: 10.40
Val. Loss: 0.0283, L_BS: 0.0268, C_Loc: 0.0292, Val. DSC: 93.48, Val. Precision: 94.61, Val. Recall: 93.08, Val. HD95: 33.00, Val. ASSD: 6.71, Val. IPE: 0.05, Val. Mem: 2.81
Epoch 35 - Loss: 0.0216 - L_BS: 0.0210 - C_Loc: 0.0220 - Beta: 0.10 - Dice: 95.64, Prec: 95.95, Rec: 96.15, HD95: 37.38, ASSD: 6.53, IPE: 0.10, Mem: 10.40
Val. Loss: 0.0220, L_BS: 0.0232, C_Loc: 0.0212, Val. DSC: 94.79, Val. Precision: 93.88, Val. Recall: 96.86, Val. HD95: 42.83, Val. ASSD: 8.15, Val. IPE: 0.05, Val. Mem: 2.81
Model saved successfully!
Model saved successfully!Model saved successfully!

Model saved successfully!
Epoch 36 - Loss: 0.0219 - L_BS: 0.0212 - C_Loc: 0.0224 - Beta: 0.10 - Dice: 95.46, Prec: 95.87, Rec: 95.92, HD95: 40.18, ASSD: 7.06, IPE: 0.10, Mem: 10.40
Val. Loss: 0.0178, L_BS: 0.0188, C_Loc: 0.0171, Val. DSC: 95.95, Val. Precision: 95.79, Val. Recall: 96.59, Val. HD95: 38.99, Val. ASSD: 6.25, Val. IPE: 0.05, Val. Mem: 2.81
Model saved successfully!
Model saved successfully!Model saved successfully!

Model saved successfully!
Epoch 37 - Loss: 0.0218 - L_BS: 0.0195 - C_Loc: 0.0234 - Beta: 0.10 - Dice: 95.61, Prec: 95.87, Rec: 96.16, HD95: 39.14, ASSD: 7.05, IPE: 0.10, Mem: 10.40
Val. Loss: 0.0166, L_BS: 0.0181, C_Loc: 0.0156, Val. DSC: 96.07, Val. Precision: 96.05, Val. Recall: 96.42, Val. HD95: 25.94, Val. ASSD: 5.13, Val. IPE: 0.05, Val. Mem: 2.81
Model saved successfully!
Model saved successfully!
Model saved successfully!
Model saved successfully!
Epoch 38 - Loss: 0.0221 - L_BS: 0.0208 - C_Loc: 0.0230 - Beta: 0.10 - Dice: 95.50, Prec: 95.95, Rec: 95.97, HD95: 37.86, ASSD: 6.70, IPE: 0.10, Mem: 10.40
Val. Loss: 0.0189, L_BS: 0.0198, C_Loc: 0.0183, Val. DSC: 95.77, Val. Precision: 94.83, Val. Recall: 97.42, Val. HD95: 28.15, Val. ASSD: 5.74, Val. IPE: 0.05, Val. Mem: 2.81
Epoch 39 - Loss: 0.0213 - L_BS: 0.0191 - C_Loc: 0.0228 - Beta: 0.10 - Dice: 95.81, Prec: 96.07, Rec: 96.35, HD95: 34.75, ASSD: 6.47, IPE: 0.10, Mem: 10.40
Val. Loss: 0.0250, L_BS: 0.0232, C_Loc: 0.0263, Val. DSC: 94.71, Val. Precision: 96.47, Val. Recall: 94.06, Val. HD95: 27.27, Val. ASSD: 5.97, Val. IPE: 0.05, Val. Mem: 2.81
Epoch 40 - Loss: 0.0165 - L_BS: 0.0169 - C_Loc: 0.0163 - Beta: 0.10 - Dice: 96.49, Prec: 96.71, Rec: 96.84, HD95: 32.20, ASSD: 5.50, IPE: 0.09, Mem: 10.40
Val. Loss: 0.0178, L_BS: 0.0170, C_Loc: 0.0184, Val. DSC: 96.25, Val. Precision: 96.83, Val. Recall: 96.01, Val. HD95: 43.25, Val. ASSD: 6.93, Val. IPE: 0.05, Val. Mem: 2.81
Epoch 41 - Loss: 0.0190 - L_BS: 0.0194 - C_Loc: 0.0186 - Beta: 0.10 - Dice: 96.12, Prec: 96.36, Rec: 96.79, HD95: 34.00, ASSD: 6.08, IPE: 0.10, Mem: 10.40
Val. Loss: 0.0229, L_BS: 0.0235, C_Loc: 0.0224, Val. DSC: 94.66, Val. Precision: 95.80, Val. Recall: 94.08, Val. HD95: 39.30, Val. ASSD: 7.75, Val. IPE: 0.05, Val. Mem: 2.81
Epoch 42 - Loss: 0.0157 - L_BS: 0.0156 - C_Loc: 0.0157 - Beta: 0.10 - Dice: 96.73, Prec: 96.97, Rec: 97.09, HD95: 32.03, ASSD: 5.44, IPE: 0.09, Mem: 10.40
Val. Loss: 0.0142, L_BS: 0.0151, C_Loc: 0.0136, Val. DSC: 96.73, Val. Precision: 95.40, Val. Recall: 98.53, Val. HD95: 31.02, Val. ASSD: 5.71, Val. IPE: 0.05, Val. Mem: 2.81
Model saved successfully!
Model saved successfully!Model saved successfully!

Model saved successfully!
Epoch 43 - Loss: 0.0200 - L_BS: 0.0188 - C_Loc: 0.0209 - Beta: 0.10 - Dice: 95.96, Prec: 96.17, Rec: 96.55, HD95: 37.43, ASSD: 6.52, IPE: 0.10, Mem: 10.40
Val. Loss: 0.0166, L_BS: 0.0156, C_Loc: 0.0173, Val. DSC: 96.54, Val. Precision: 97.92, Val. Recall: 95.50, Val. HD95: 23.93, Val. ASSD: 4.91, Val. IPE: 0.05, Val. Mem: 2.81
Epoch 44 - Loss: 0.0172 - L_BS: 0.0168 - C_Loc: 0.0174 - Beta: 0.10 - Dice: 96.51, Prec: 96.91, Rec: 96.81, HD95: 33.17, ASSD: 5.74, IPE: 0.09, Mem: 10.40
Val. Loss: 0.0111, L_BS: 0.0124, C_Loc: 0.0102, Val. DSC: 97.49, Val. Precision: 97.44, Val. Recall: 97.71, Val. HD95: 24.45, Val. ASSD: 4.69, Val. IPE: 0.05, Val. Mem: 2.81
Model saved successfully!
Model saved successfully!
Model saved successfully!
Model saved successfully!
Epoch 45 - Loss: 0.0158 - L_BS: 0.0151 - C_Loc: 0.0163 - Beta: 0.10 - Dice: 96.84, Prec: 97.19, Rec: 97.11, HD95: 32.74, ASSD: 5.49, IPE: 0.10, Mem: 10.40
Val. Loss: 0.0104, L_BS: 0.0115, C_Loc: 0.0097, Val. DSC: 97.64, Val. Precision: 97.40, Val. Recall: 98.05, Val. HD95: 19.59, Val. ASSD: 3.97, Val. IPE: 0.05, Val. Mem: 2.81
Model saved successfully!
Model saved successfully!Model saved successfully!

Model saved successfully!
Epoch 46 - Loss: 0.0128 - L_BS: 0.0131 - C_Loc: 0.0125 - Beta: 0.10 - Dice: 97.46, Prec: 97.50, Rec: 97.91, HD95: 31.54, ASSD: 5.17, IPE: 0.09, Mem: 10.40
Val. Loss: 0.0118, L_BS: 0.0124, C_Loc: 0.0114, Val. DSC: 97.48, Val. Precision: 97.73, Val. Recall: 97.43, Val. HD95: 30.26, Val. ASSD: 5.09, Val. IPE: 0.05, Val. Mem: 2.81
Epoch 47 - Loss: 0.0149 - L_BS: 0.0148 - C_Loc: 0.0151 - Beta: 0.10 - Dice: 97.12, Prec: 97.26, Rec: 97.66, HD95: 27.80, ASSD: 4.93, IPE: 0.10, Mem: 10.40
Val. Loss: 0.0157, L_BS: 0.0155, C_Loc: 0.0159, Val. DSC: 96.67, Val. Precision: 95.40, Val. Recall: 98.37, Val. HD95: 32.13, Val. ASSD: 6.17, Val. IPE: 0.05, Val. Mem: 2.81
Epoch 48 - Loss: 0.0145 - L_BS: 0.0146 - C_Loc: 0.0144 - Beta: 0.10 - Dice: 97.16, Prec: 97.30, Rec: 97.60, HD95: 31.37, ASSD: 5.17, IPE: 0.10, Mem: 10.40
Val. Loss: 0.0101, L_BS: 0.0109, C_Loc: 0.0096, Val. DSC: 97.79, Val. Precision: 98.06, Val. Recall: 97.70, Val. HD95: 26.38, Val. ASSD: 5.11, Val. IPE: 0.05, Val. Mem: 2.81
Model saved successfully!
Model saved successfully!
Model saved successfully!
Model saved successfully!
Epoch 49 - Loss: 0.0115 - L_BS: 0.0117 - C_Loc: 0.0114 - Beta: 0.10 - Dice: 97.64, Prec: 97.83, Rec: 97.85, HD95: 24.30, ASSD: 4.38, IPE: 0.09, Mem: 10.40
Val. Loss: 0.0090, L_BS: 0.0103, C_Loc: 0.0080, Val. DSC: 98.03, Val. Precision: 97.55, Val. Recall: 98.78, Val. HD95: 24.61, Val. ASSD: 4.41, Val. IPE: 0.05, Val. Mem: 2.81
Model saved successfully!
Model saved successfully!
Model saved successfully!
Model saved successfully!
Epoch 50 - Loss: 0.0127 - L_BS: 0.0130 - C_Loc: 0.0124 - Beta: 0.10 - Dice: 97.59, Prec: 97.63, Rec: 98.13, HD95: 28.14, ASSD: 4.64, IPE: 0.09, Mem: 10.40
Val. Loss: 0.0105, L_BS: 0.0119, C_Loc: 0.0095, Val. DSC: 97.55, Val. Precision: 96.79, Val. Recall: 98.52, Val. HD95: 37.78, Val. ASSD: 5.60, Val. IPE: 0.05, Val. Mem: 2.81
Epoch 51 - Loss: 0.0109 - L_BS: 0.0107 - C_Loc: 0.0110 - Beta: 0.10 - Dice: 97.82, Prec: 97.95, Rec: 97.97, HD95: 24.12, ASSD: 4.15, IPE: 0.09, Mem: 10.40
Val. Loss: 0.0133, L_BS: 0.0140, C_Loc: 0.0129, Val. DSC: 97.17, Val. Precision: 97.01, Val. Recall: 97.77, Val. HD95: 24.83, Val. ASSD: 4.51, Val. IPE: 0.05, Val. Mem: 2.81
Epoch 52 - Loss: 0.0113 - L_BS: 0.0111 - C_Loc: 0.0114 - Beta: 0.10 - Dice: 97.84, Prec: 98.01, Rec: 98.02, HD95: 24.28, ASSD: 4.10, IPE: 0.09, Mem: 10.40
Val. Loss: 0.0109, L_BS: 0.0112, C_Loc: 0.0108, Val. DSC: 97.65, Val. Precision: 97.35, Val. Recall: 98.30, Val. HD95: 22.48, Val. ASSD: 4.05, Val. IPE: 0.05, Val. Mem: 2.81
Epoch 53 - Loss: 0.0094 - L_BS: 0.0100 - C_Loc: 0.0090 - Beta: 0.10 - Dice: 98.16, Prec: 98.25, Rec: 98.43, HD95: 20.40, ASSD: 3.48, IPE: 0.09, Mem: 10.40
Val. Loss: 0.0079, L_BS: 0.0091, C_Loc: 0.0072, Val. DSC: 98.29, Val. Precision: 98.57, Val. Recall: 98.09, Val. HD95: 19.40, Val. ASSD: 3.27, Val. IPE: 0.05, Val. Mem: 2.81
Model saved successfully!
Model saved successfully!Model saved successfully!

Model saved successfully!
Epoch 54 - Loss: 0.0123 - L_BS: 0.0144 - C_Loc: 0.0109 - Beta: 0.10 - Dice: 97.70, Prec: 97.70, Rec: 98.42, HD95: 23.20, ASSD: 3.74, IPE: 0.09, Mem: 10.40
Val. Loss: 0.0097, L_BS: 0.0109, C_Loc: 0.0089, Val. DSC: 97.80, Val. Precision: 97.19, Val. Recall: 98.62, Val. HD95: 32.82, Val. ASSD: 5.14, Val. IPE: 0.05, Val. Mem: 2.81
Epoch 55 - Loss: 0.0129 - L_BS: 0.0138 - C_Loc: 0.0123 - Beta: 0.10 - Dice: 97.68, Prec: 97.88, Rec: 98.18, HD95: 23.37, ASSD: 3.99, IPE: 0.09, Mem: 10.40
Val. Loss: 0.0107, L_BS: 0.0111, C_Loc: 0.0104, Val. DSC: 97.73, Val. Precision: 98.52, Val. Recall: 97.08, Val. HD95: 22.58, Val. ASSD: 3.90, Val. IPE: 0.05, Val. Mem: 2.81
Epoch 56 - Loss: 0.0117 - L_BS: 0.0122 - C_Loc: 0.0114 - Beta: 0.10 - Dice: 97.79, Prec: 97.90, Rec: 98.22, HD95: 22.49, ASSD: 3.79, IPE: 0.09, Mem: 10.40
Val. Loss: 0.0116, L_BS: 0.0119, C_Loc: 0.0113, Val. DSC: 97.57, Val. Precision: 98.11, Val. Recall: 97.17, Val. HD95: 17.69, Val. ASSD: 3.45, Val. IPE: 0.05, Val. Mem: 2.81
Epoch 57 - Loss: 0.0106 - L_BS: 0.0102 - C_Loc: 0.0108 - Beta: 0.10 - Dice: 97.90, Prec: 98.05, Rec: 97.97, HD95: 24.03, ASSD: 4.16, IPE: 0.09, Mem: 10.40
Val. Loss: 0.0112, L_BS: 0.0121, C_Loc: 0.0106, Val. DSC: 97.62, Val. Precision: 96.75, Val. Recall: 98.79, Val. HD95: 26.47, Val. ASSD: 5.23, Val. IPE: 0.05, Val. Mem: 2.81
Epoch 58 - Loss: 0.0092 - L_BS: 0.0099 - C_Loc: 0.0088 - Beta: 0.10 - Dice: 98.21, Prec: 98.29, Rec: 98.43, HD95: 21.62, ASSD: 3.57, IPE: 0.09, Mem: 10.40
Val. Loss: 0.0215, L_BS: 0.0197, C_Loc: 0.0226, Val. DSC: 95.69, Val. Precision: 96.84, Val. Recall: 95.16, Val. HD95: 39.49, Val. ASSD: 7.13, Val. IPE: 0.05, Val. Mem: 2.81
Epoch 59 - Loss: 0.0109 - L_BS: 0.0107 - C_Loc: 0.0110 - Beta: 0.10 - Dice: 97.90, Prec: 98.01, Rec: 98.19, HD95: 22.31, ASSD: 3.86, IPE: 0.09, Mem: 10.40
Val. Loss: 0.0181, L_BS: 0.0174, C_Loc: 0.0186, Val. DSC: 96.18, Val. Precision: 96.95, Val. Recall: 95.74, Val. HD95: 32.99, Val. ASSD: 6.14, Val. IPE: 0.05, Val. Mem: 2.81
Epoch 60 - Loss: 0.0094 - L_BS: 0.0110 - C_Loc: 0.0083 - Beta: 0.10 - Dice: 98.20, Prec: 98.30, Rec: 98.58, HD95: 18.61, ASSD: 3.12, IPE: 0.09, Mem: 10.40
Val. Loss: 0.0075, L_BS: 0.0085, C_Loc: 0.0069, Val. DSC: 98.37, Val. Precision: 98.23, Val. Recall: 98.67, Val. HD95: 18.12, Val. ASSD: 3.15, Val. IPE: 0.05, Val. Mem: 2.81
Model saved successfully!
Model saved successfully!Model saved successfully!

Model saved successfully!
Epoch 61 - Loss: 0.0087 - L_BS: 0.0098 - C_Loc: 0.0080 - Beta: 0.10 - Dice: 98.36, Prec: 98.44, Rec: 98.63, HD95: 16.73, ASSD: 3.11, IPE: 0.09, Mem: 10.40
Val. Loss: 0.0066, L_BS: 0.0081, C_Loc: 0.0057, Val. DSC: 98.52, Val. Precision: 98.46, Val. Recall: 98.70, Val. HD95: 20.85, Val. ASSD: 3.40, Val. IPE: 0.05, Val. Mem: 2.81
Model saved successfully!
Model saved successfully!
Model saved successfully!
Model saved successfully!
Epoch 62 - Loss: 0.0074 - L_BS: 0.0089 - C_Loc: 0.0064 - Beta: 0.10 - Dice: 98.51, Prec: 98.53, Rec: 98.79, HD95: 18.85, ASSD: 2.91, IPE: 0.09, Mem: 10.40
Val. Loss: 0.0068, L_BS: 0.0082, C_Loc: 0.0059, Val. DSC: 98.51, Val. Precision: 98.34, Val. Recall: 98.86, Val. HD95: 19.28, Val. ASSD: 3.23, Val. IPE: 0.05, Val. Mem: 2.81
Epoch 63 - Loss: 0.0087 - L_BS: 0.0108 - C_Loc: 0.0073 - Beta: 0.10 - Dice: 98.41, Prec: 98.50, Rec: 98.87, HD95: 14.00, ASSD: 2.36, IPE: 0.09, Mem: 10.40
Val. Loss: 0.0068, L_BS: 0.0082, C_Loc: 0.0058, Val. DSC: 98.51, Val. Precision: 98.53, Val. Recall: 98.62, Val. HD95: 13.50, Val. ASSD: 2.80, Val. IPE: 0.05, Val. Mem: 2.81
Epoch 64 - Loss: 0.0091 - L_BS: 0.0100 - C_Loc: 0.0086 - Beta: 0.10 - Dice: 98.26, Prec: 98.33, Rec: 98.58, HD95: 19.83, ASSD: 3.33, IPE: 0.09, Mem: 10.40
Val. Loss: 0.0083, L_BS: 0.0091, C_Loc: 0.0077, Val. DSC: 98.22, Val. Precision: 98.06, Val. Recall: 98.55, Val. HD95: 21.62, Val. ASSD: 3.93, Val. IPE: 0.05, Val. Mem: 2.81
Epoch 65 - Loss: 0.0071 - L_BS: 0.0079 - C_Loc: 0.0066 - Beta: 0.10 - Dice: 98.64, Prec: 98.66, Rec: 98.81, HD95: 17.17, ASSD: 2.87, IPE: 0.09, Mem: 10.40
Val. Loss: 0.0073, L_BS: 0.0083, C_Loc: 0.0067, Val. DSC: 98.41, Val. Precision: 98.02, Val. Recall: 99.01, Val. HD95: 22.63, Val. ASSD: 3.85, Val. IPE: 0.05, Val. Mem: 2.81
Epoch 66 - Loss: 0.0067 - L_BS: 0.0075 - C_Loc: 0.0061 - Beta: 0.10 - Dice: 98.74, Prec: 98.79, Rec: 98.90, HD95: 15.72, ASSD: 2.68, IPE: 0.09, Mem: 10.40
Val. Loss: 0.0072, L_BS: 0.0082, C_Loc: 0.0066, Val. DSC: 98.42, Val. Precision: 97.97, Val. Recall: 99.10, Val. HD95: 16.54, Val. ASSD: 3.29, Val. IPE: 0.05, Val. Mem: 2.81
Epoch 67 - Loss: 0.0083 - L_BS: 0.0101 - C_Loc: 0.0072 - Beta: 0.10 - Dice: 98.44, Prec: 98.48, Rec: 98.89, HD95: 14.06, ASSD: 2.56, IPE: 0.09, Mem: 10.40
Val. Loss: 0.0058, L_BS: 0.0073, C_Loc: 0.0047, Val. DSC: 98.70, Val. Precision: 98.67, Val. Recall: 98.86, Val. HD95: 16.57, Val. ASSD: 3.01, Val. IPE: 0.05, Val. Mem: 2.81
Model saved successfully!
Model saved successfully!Model saved successfully!

Model saved successfully!
Epoch 68 - Loss: 0.0090 - L_BS: 0.0114 - C_Loc: 0.0075 - Beta: 0.10 - Dice: 98.31, Prec: 98.41, Rec: 98.82, HD95: 13.06, ASSD: 2.36, IPE: 0.09, Mem: 10.40
Val. Loss: 0.0084, L_BS: 0.0087, C_Loc: 0.0082, Val. DSC: 98.28, Val. Precision: 98.37, Val. Recall: 98.34, Val. HD95: 19.71, Val. ASSD: 3.39, Val. IPE: 0.05, Val. Mem: 2.81
Epoch 69 - Loss: 0.0074 - L_BS: 0.0085 - C_Loc: 0.0067 - Beta: 0.10 - Dice: 98.64, Prec: 98.73, Rec: 98.87, HD95: 14.44, ASSD: 2.59, IPE: 0.09, Mem: 10.40
Val. Loss: 0.0062, L_BS: 0.0076, C_Loc: 0.0053, Val. DSC: 98.63, Val. Precision: 98.44, Val. Recall: 98.96, Val. HD95: 20.74, Val. ASSD: 3.45, Val. IPE: 0.05, Val. Mem: 2.81
Epoch 70 - Loss: 0.0061 - L_BS: 0.0071 - C_Loc: 0.0055 - Beta: 0.10 - Dice: 98.83, Prec: 98.91, Rec: 98.98, HD95: 13.75, ASSD: 2.21, IPE: 0.09, Mem: 10.40
Val. Loss: 0.0078, L_BS: 0.0089, C_Loc: 0.0070, Val. DSC: 98.29, Val. Precision: 97.83, Val. Recall: 98.97, Val. HD95: 31.63, Val. ASSD: 4.80, Val. IPE: 0.05, Val. Mem: 2.81
Epoch 71 - Loss: 0.0061 - L_BS: 0.0075 - C_Loc: 0.0051 - Beta: 0.10 - Dice: 98.89, Prec: 98.95, Rec: 99.08, HD95: 10.64, ASSD: 1.92, IPE: 0.09, Mem: 10.40
Val. Loss: 0.0063, L_BS: 0.0075, C_Loc: 0.0055, Val. DSC: 98.62, Val. Precision: 98.64, Val. Recall: 98.78, Val. HD95: 14.54, Val. ASSD: 2.77, Val. IPE: 0.05, Val. Mem: 2.81
Epoch 72 - Loss: 0.0082 - L_BS: 0.0105 - C_Loc: 0.0067 - Beta: 0.10 - Dice: 98.49, Prec: 98.53, Rec: 98.95, HD95: 13.00, ASSD: 2.42, IPE: 0.09, Mem: 10.40
Val. Loss: 0.0063, L_BS: 0.0077, C_Loc: 0.0053, Val. DSC: 98.58, Val. Precision: 98.46, Val. Recall: 98.86, Val. HD95: 22.13, Val. ASSD: 3.69, Val. IPE: 0.05, Val. Mem: 2.81
Epoch 73 - Loss: 0.0074 - L_BS: 0.0090 - C_Loc: 0.0063 - Beta: 0.10 - Dice: 98.67, Prec: 98.75, Rec: 98.99, HD95: 13.47, ASSD: 2.32, IPE: 0.08, Mem: 10.40
Val. Loss: 0.0078, L_BS: 0.0092, C_Loc: 0.0069, Val. DSC: 98.36, Val. Precision: 98.30, Val. Recall: 98.58, Val. HD95: 14.05, Val. ASSD: 2.86, Val. IPE: 0.05, Val. Mem: 2.81
Epoch 74 - Loss: 0.0051 - L_BS: 0.0056 - C_Loc: 0.0047 - Beta: 0.10 - Dice: 99.04, Prec: 99.00, Rec: 99.13, HD95: 11.02, ASSD: 1.97, IPE: 0.09, Mem: 10.40
Val. Loss: 0.0061, L_BS: 0.0070, C_Loc: 0.0056, Val. DSC: 98.71, Val. Precision: 98.79, Val. Recall: 98.80, Val. HD95: 14.39, Val. ASSD: 2.61, Val. IPE: 0.05, Val. Mem: 2.81
Epoch 75 - Loss: 0.0073 - L_BS: 0.0092 - C_Loc: 0.0060 - Beta: 0.10 - Dice: 98.65, Prec: 98.64, Rec: 99.13, HD95: 11.75, ASSD: 2.16, IPE: 0.09, Mem: 10.40
Val. Loss: 0.0081, L_BS: 0.0085, C_Loc: 0.0078, Val. DSC: 98.37, Val. Precision: 98.24, Val. Recall: 98.70, Val. HD95: 18.90, Val. ASSD: 3.45, Val. IPE: 0.05, Val. Mem: 2.81
Epoch 76 - Loss: 0.0066 - L_BS: 0.0078 - C_Loc: 0.0057 - Beta: 0.10 - Dice: 98.80, Prec: 98.86, Rec: 99.02, HD95: 13.48, ASSD: 2.29, IPE: 0.09, Mem: 10.40
Val. Loss: 0.0056, L_BS: 0.0068, C_Loc: 0.0047, Val. DSC: 98.79, Val. Precision: 98.60, Val. Recall: 99.15, Val. HD95: 13.04, Val. ASSD: 2.76, Val. IPE: 0.05, Val. Mem: 2.81
Model saved successfully!
Model saved successfully!Model saved successfully!

Model saved successfully!
Epoch 77 - Loss: 0.0065 - L_BS: 0.0083 - C_Loc: 0.0053 - Beta: 0.10 - Dice: 98.82, Prec: 98.86, Rec: 99.14, HD95: 11.35, ASSD: 2.03, IPE: 0.09, Mem: 10.40
Val. Loss: 0.0057, L_BS: 0.0068, C_Loc: 0.0050, Val. DSC: 98.75, Val. Precision: 98.63, Val. Recall: 99.05, Val. HD95: 16.61, Val. ASSD: 2.89, Val. IPE: 0.05, Val. Mem: 2.81
Epoch 78 - Loss: 0.0054 - L_BS: 0.0070 - C_Loc: 0.0043 - Beta: 0.10 - Dice: 99.02, Prec: 99.06, Rec: 99.22, HD95: 10.64, ASSD: 1.85, IPE: 0.09, Mem: 10.40
Val. Loss: 0.0058, L_BS: 0.0069, C_Loc: 0.0050, Val. DSC: 98.74, Val. Precision: 98.51, Val. Recall: 99.13, Val. HD95: 15.82, Val. ASSD: 2.70, Val. IPE: 0.05, Val. Mem: 2.81
Epoch 79 - Loss: 0.0075 - L_BS: 0.0097 - C_Loc: 0.0061 - Beta: 0.10 - Dice: 98.66, Prec: 98.70, Rec: 99.11, HD95: 11.57, ASSD: 1.89, IPE: 0.09, Mem: 10.40
Val. Loss: 0.0057, L_BS: 0.0070, C_Loc: 0.0049, Val. DSC: 98.74, Val. Precision: 98.72, Val. Recall: 98.94, Val. HD95: 13.59, Val. ASSD: 2.66, Val. IPE: 0.05, Val. Mem: 2.81
Epoch 80 - Loss: 0.0049 - L_BS: 0.0066 - C_Loc: 0.0038 - Beta: 0.10 - Dice: 99.11, Prec: 99.15, Rec: 99.31, HD95: 8.36, ASSD: 1.51, IPE: 0.08, Mem: 10.40
Val. Loss: 0.0055, L_BS: 0.0067, C_Loc: 0.0047, Val. DSC: 98.80, Val. Precision: 98.78, Val. Recall: 99.00, Val. HD95: 11.75, Val. ASSD: 2.48, Val. IPE: 0.05, Val. Mem: 2.81
Model saved successfully!
Model saved successfully!Model saved successfully!

Model saved successfully!
Epoch 81 - Loss: 0.0054 - L_BS: 0.0068 - C_Loc: 0.0044 - Beta: 0.10 - Dice: 99.02, Prec: 99.05, Rec: 99.24, HD95: 9.47, ASSD: 1.69, IPE: 0.09, Mem: 10.40
Val. Loss: 0.0056, L_BS: 0.0068, C_Loc: 0.0047, Val. DSC: 98.79, Val. Precision: 98.80, Val. Recall: 98.98, Val. HD95: 12.59, Val. ASSD: 2.34, Val. IPE: 0.05, Val. Mem: 2.81
Epoch 82 - Loss: 0.0054 - L_BS: 0.0065 - C_Loc: 0.0046 - Beta: 0.10 - Dice: 98.97, Prec: 98.98, Rec: 99.20, HD95: 11.58, ASSD: 2.06, IPE: 0.09, Mem: 10.40
Val. Loss: 0.0060, L_BS: 0.0071, C_Loc: 0.0053, Val. DSC: 98.69, Val. Precision: 98.67, Val. Recall: 98.85, Val. HD95: 14.76, Val. ASSD: 2.91, Val. IPE: 0.05, Val. Mem: 2.81
Epoch 83 - Loss: 0.0048 - L_BS: 0.0060 - C_Loc: 0.0040 - Beta: 0.10 - Dice: 99.09, Prec: 99.07, Rec: 99.25, HD95: 9.91, ASSD: 1.87, IPE: 0.09, Mem: 10.40
Val. Loss: 0.0055, L_BS: 0.0067, C_Loc: 0.0047, Val. DSC: 98.79, Val. Precision: 98.73, Val. Recall: 99.00, Val. HD95: 13.50, Val. ASSD: 2.57, Val. IPE: 0.05, Val. Mem: 2.81
Epoch 84 - Loss: 0.0061 - L_BS: 0.0082 - C_Loc: 0.0048 - Beta: 0.10 - Dice: 98.89, Prec: 98.94, Rec: 99.22, HD95: 10.37, ASSD: 1.77, IPE: 0.08, Mem: 10.40
Val. Loss: 0.0061, L_BS: 0.0071, C_Loc: 0.0054, Val. DSC: 98.69, Val. Precision: 98.42, Val. Recall: 99.12, Val. HD95: 15.85, Val. ASSD: 2.76, Val. IPE: 0.05, Val. Mem: 2.81
Epoch 85 - Loss: 0.0059 - L_BS: 0.0079 - C_Loc: 0.0045 - Beta: 0.10 - Dice: 98.95, Prec: 98.96, Rec: 99.30, HD95: 9.20, ASSD: 1.62, IPE: 0.08, Mem: 10.40
Val. Loss: 0.0054, L_BS: 0.0064, C_Loc: 0.0047, Val. DSC: 98.84, Val. Precision: 98.85, Val. Recall: 98.97, Val. HD95: 11.58, Val. ASSD: 2.31, Val. IPE: 0.05, Val. Mem: 2.81
Model saved successfully!
Model saved successfully!Model saved successfully!

Model saved successfully!
Epoch 86 - Loss: 0.0048 - L_BS: 0.0065 - C_Loc: 0.0038 - Beta: 0.10 - Dice: 99.12, Prec: 99.13, Rec: 99.35, HD95: 6.77, ASSD: 1.30, IPE: 0.08, Mem: 10.40
Val. Loss: 0.0060, L_BS: 0.0069, C_Loc: 0.0053, Val. DSC: 98.74, Val. Precision: 98.57, Val. Recall: 99.07, Val. HD95: 15.24, Val. ASSD: 3.02, Val. IPE: 0.05, Val. Mem: 2.81
Epoch 87 - Loss: 0.0058 - L_BS: 0.0074 - C_Loc: 0.0047 - Beta: 0.10 - Dice: 98.98, Prec: 99.04, Rec: 99.25, HD95: 9.16, ASSD: 1.68, IPE: 0.09, Mem: 10.40
Val. Loss: 0.0060, L_BS: 0.0069, C_Loc: 0.0054, Val. DSC: 98.73, Val. Precision: 98.62, Val. Recall: 98.99, Val. HD95: 18.32, Val. ASSD: 2.99, Val. IPE: 0.05, Val. Mem: 2.81
Epoch 88 - Loss: 0.0058 - L_BS: 0.0074 - C_Loc: 0.0047 - Beta: 0.10 - Dice: 98.91, Prec: 98.90, Rec: 99.19, HD95: 10.85, ASSD: 1.88, IPE: 0.09, Mem: 10.40
Val. Loss: 0.0056, L_BS: 0.0068, C_Loc: 0.0048, Val. DSC: 98.77, Val. Precision: 98.59, Val. Recall: 99.12, Val. HD95: 17.30, Val. ASSD: 2.70, Val. IPE: 0.05, Val. Mem: 2.81
Epoch 89 - Loss: 0.0053 - L_BS: 0.0068 - C_Loc: 0.0042 - Beta: 0.10 - Dice: 99.04, Prec: 99.11, Rec: 99.21, HD95: 8.91, ASSD: 1.54, IPE: 0.09, Mem: 10.40
Val. Loss: 0.0058, L_BS: 0.0068, C_Loc: 0.0052, Val. DSC: 98.72, Val. Precision: 98.64, Val. Recall: 98.96, Val. HD95: 16.04, Val. ASSD: 2.88, Val. IPE: 0.05, Val. Mem: 2.81
Epoch 90 - Loss: 0.0053 - L_BS: 0.0072 - C_Loc: 0.0041 - Beta: 0.10 - Dice: 99.01, Prec: 98.98, Rec: 99.33, HD95: 9.74, ASSD: 1.79, IPE: 0.09, Mem: 10.40
Val. Loss: 0.0056, L_BS: 0.0069, C_Loc: 0.0048, Val. DSC: 98.75, Val. Precision: 98.63, Val. Recall: 98.99, Val. HD95: 22.19, Val. ASSD: 3.19, Val. IPE: 0.05, Val. Mem: 2.81
Epoch 91 - Loss: 0.0048 - L_BS: 0.0059 - C_Loc: 0.0040 - Beta: 0.10 - Dice: 99.12, Prec: 99.19, Rec: 99.17, HD95: 9.37, ASSD: 1.66, IPE: 0.08, Mem: 10.40
Val. Loss: 0.0053, L_BS: 0.0066, C_Loc: 0.0045, Val. DSC: 98.82, Val. Precision: 98.72, Val. Recall: 99.09, Val. HD95: 12.04, Val. ASSD: 2.26, Val. IPE: 0.05, Val. Mem: 2.81
Model saved successfully!
Model saved successfully!Model saved successfully!

Model saved successfully!
Epoch 92 - Loss: 0.0066 - L_BS: 0.0090 - C_Loc: 0.0050 - Beta: 0.10 - Dice: 98.82, Prec: 98.84, Rec: 99.28, HD95: 9.64, ASSD: 1.69, IPE: 0.08, Mem: 10.40
Val. Loss: 0.0060, L_BS: 0.0072, C_Loc: 0.0051, Val. DSC: 98.70, Val. Precision: 98.56, Val. Recall: 99.02, Val. HD95: 18.70, Val. ASSD: 3.10, Val. IPE: 0.05, Val. Mem: 2.81
Epoch 93 - Loss: 0.0044 - L_BS: 0.0060 - C_Loc: 0.0033 - Beta: 0.10 - Dice: 99.22, Prec: 99.23, Rec: 99.44, HD95: 6.99, ASSD: 1.29, IPE: 0.09, Mem: 10.40
Val. Loss: 0.0052, L_BS: 0.0065, C_Loc: 0.0044, Val. DSC: 98.84, Val. Precision: 98.72, Val. Recall: 99.14, Val. HD95: 11.43, Val. ASSD: 2.32, Val. IPE: 0.05, Val. Mem: 2.81
Model saved successfully!
Model saved successfully!Model saved successfully!

Model saved successfully!
Epoch 94 - Loss: 0.0039 - L_BS: 0.0044 - C_Loc: 0.0036 - Beta: 0.10 - Dice: 99.28, Prec: 99.32, Rec: 99.26, HD95: 9.26, ASSD: 1.60, IPE: 0.09, Mem: 10.40
Val. Loss: 0.0050, L_BS: 0.0063, C_Loc: 0.0042, Val. DSC: 98.88, Val. Precision: 98.78, Val. Recall: 99.09, Val. HD95: 12.89, Val. ASSD: 2.22, Val. IPE: 0.05, Val. Mem: 2.81
Model saved successfully!
Model saved successfully!Model saved successfully!

Model saved successfully!
Epoch 95 - Loss: 0.0051 - L_BS: 0.0067 - C_Loc: 0.0041 - Beta: 0.10 - Dice: 99.05, Prec: 99.01, Rec: 99.35, HD95: 8.44, ASSD: 1.50, IPE: 0.09, Mem: 10.40
Val. Loss: 0.0051, L_BS: 0.0063, C_Loc: 0.0042, Val. DSC: 98.90, Val. Precision: 98.80, Val. Recall: 99.15, Val. HD95: 11.86, Val. ASSD: 2.50, Val. IPE: 0.05, Val. Mem: 2.81
Epoch 96 - Loss: 0.0049 - L_BS: 0.0066 - C_Loc: 0.0037 - Beta: 0.10 - Dice: 99.12, Prec: 99.14, Rec: 99.33, HD95: 9.88, ASSD: 1.61, IPE: 0.08, Mem: 10.40
Val. Loss: 0.0054, L_BS: 0.0067, C_Loc: 0.0046, Val. DSC: 98.83, Val. Precision: 98.67, Val. Recall: 99.18, Val. HD95: 13.97, Val. ASSD: 2.83, Val. IPE: 0.05, Val. Mem: 2.81
Epoch 97 - Loss: 0.0057 - L_BS: 0.0076 - C_Loc: 0.0044 - Beta: 0.10 - Dice: 98.92, Prec: 98.91, Rec: 99.28, HD95: 9.71, ASSD: 1.80, IPE: 0.09, Mem: 10.40
Val. Loss: 0.0055, L_BS: 0.0065, C_Loc: 0.0049, Val. DSC: 98.83, Val. Precision: 98.86, Val. Recall: 98.93, Val. HD95: 13.10, Val. ASSD: 2.71, Val. IPE: 0.05, Val. Mem: 2.81
Epoch 98 - Loss: 0.0039 - L_BS: 0.0048 - C_Loc: 0.0033 - Beta: 0.10 - Dice: 99.23, Prec: 99.23, Rec: 99.30, HD95: 10.55, ASSD: 1.89, IPE: 0.08, Mem: 10.40
Val. Loss: 0.0053, L_BS: 0.0064, C_Loc: 0.0046, Val. DSC: 98.85, Val. Precision: 98.85, Val. Recall: 99.01, Val. HD95: 13.45, Val. ASSD: 2.45, Val. IPE: 0.05, Val. Mem: 2.81
Epoch 99 - Loss: 0.0061 - L_BS: 0.0085 - C_Loc: 0.0045 - Beta: 0.10 - Dice: 98.93, Prec: 98.94, Rec: 99.38, HD95: 8.49, ASSD: 1.48, IPE: 0.09, Mem: 10.40
Val. Loss: 0.0052, L_BS: 0.0064, C_Loc: 0.0044, Val. DSC: 98.87, Val. Precision: 98.74, Val. Recall: 99.17, Val. HD95: 11.67, Val. ASSD: 2.28, Val. IPE: 0.05, Val. Mem: 2.81
Epoch 100 - Loss: 0.0048 - L_BS: 0.0063 - C_Loc: 0.0038 - Beta: 0.10 - Dice: 99.14, Prec: 99.19, Rec: 99.34, HD95: 7.67, ASSD: 1.41, IPE: 0.09, Mem: 10.40
Val. Loss: 0.0052, L_BS: 0.0064, C_Loc: 0.0044, Val. DSC: 98.88, Val. Precision: 98.75, Val. Recall: 99.20, Val. HD95: 13.38, Val. ASSD: 2.61, Val. IPE: 0.05, Val. Mem: 2.81
Epoch 101 - Loss: 0.0040 - L_BS: 0.0051 - C_Loc: 0.0032 - Beta: 0.10 - Dice: 99.27, Prec: 99.28, Rec: 99.39, HD95: 6.66, ASSD: 1.32, IPE: 0.08, Mem: 10.40
Val. Loss: 0.0049, L_BS: 0.0061, C_Loc: 0.0041, Val. DSC: 98.93, Val. Precision: 98.90, Val. Recall: 99.13, Val. HD95: 11.83, Val. ASSD: 2.35, Val. IPE: 0.05, Val. Mem: 2.81
Model saved successfully!
Model saved successfully!Model saved successfully!
Model saved successfully!

Epoch 102 - Loss: 0.0050 - L_BS: 0.0068 - C_Loc: 0.0037 - Beta: 0.10 - Dice: 99.07, Prec: 99.09, Rec: 99.38, HD95: 7.92, ASSD: 1.44, IPE: 0.09, Mem: 10.40
Val. Loss: 0.0059, L_BS: 0.0071, C_Loc: 0.0052, Val. DSC: 98.73, Val. Precision: 98.54, Val. Recall: 99.12, Val. HD95: 14.42, Val. ASSD: 2.86, Val. IPE: 0.05, Val. Mem: 2.81
Epoch 103 - Loss: 0.0048 - L_BS: 0.0064 - C_Loc: 0.0037 - Beta: 0.10 - Dice: 99.14, Prec: 99.15, Rec: 99.37, HD95: 7.79, ASSD: 1.37, IPE: 0.08, Mem: 10.40
Val. Loss: 0.0051, L_BS: 0.0063, C_Loc: 0.0044, Val. DSC: 98.88, Val. Precision: 98.85, Val. Recall: 99.08, Val. HD95: 10.69, Val. ASSD: 2.23, Val. IPE: 0.05, Val. Mem: 2.81
Epoch 104 - Loss: 0.0040 - L_BS: 0.0052 - C_Loc: 0.0033 - Beta: 0.10 - Dice: 99.27, Prec: 99.30, Rec: 99.37, HD95: 8.16, ASSD: 1.39, IPE: 0.09, Mem: 10.40
Val. Loss: 0.0049, L_BS: 0.0061, C_Loc: 0.0041, Val. DSC: 98.93, Val. Precision: 98.89, Val. Recall: 99.12, Val. HD95: 10.34, Val. ASSD: 2.17, Val. IPE: 0.05, Val. Mem: 2.81
Epoch 105 - Loss: 0.0043 - L_BS: 0.0061 - C_Loc: 0.0031 - Beta: 0.10 - Dice: 99.21, Prec: 99.21, Rec: 99.45, HD95: 6.38, ASSD: 1.22, IPE: 0.08, Mem: 10.40
Val. Loss: 0.0051, L_BS: 0.0063, C_Loc: 0.0043, Val. DSC: 98.89, Val. Precision: 98.74, Val. Recall: 99.22, Val. HD95: 11.69, Val. ASSD: 2.37, Val. IPE: 0.05, Val. Mem: 2.81
Epoch 106 - Loss: 0.0039 - L_BS: 0.0052 - C_Loc: 0.0030 - Beta: 0.10 - Dice: 99.28, Prec: 99.31, Rec: 99.37, HD95: 7.03, ASSD: 1.30, IPE: 0.08, Mem: 10.40
Val. Loss: 0.0051, L_BS: 0.0063, C_Loc: 0.0043, Val. DSC: 98.88, Val. Precision: 98.76, Val. Recall: 99.19, Val. HD95: 10.78, Val. ASSD: 2.37, Val. IPE: 0.05, Val. Mem: 2.81
Epoch 107 - Loss: 0.0057 - L_BS: 0.0083 - C_Loc: 0.0039 - Beta: 0.10 - Dice: 98.98, Prec: 99.00, Rec: 99.42, HD95: 5.46, ASSD: 1.04, IPE: 0.08, Mem: 10.40
Val. Loss: 0.0050, L_BS: 0.0061, C_Loc: 0.0043, Val. DSC: 98.91, Val. Precision: 98.90, Val. Recall: 99.10, Val. HD95: 9.66, Val. ASSD: 1.99, Val. IPE: 0.05, Val. Mem: 2.81
Epoch 108 - Loss: 0.0068 - L_BS: 0.0095 - C_Loc: 0.0049 - Beta: 0.10 - Dice: 98.83, Prec: 98.89, Rec: 99.34, HD95: 7.28, ASSD: 1.31, IPE: 0.08, Mem: 10.40
Val. Loss: 0.0050, L_BS: 0.0061, C_Loc: 0.0042, Val. DSC: 98.92, Val. Precision: 98.81, Val. Recall: 99.21, Val. HD95: 12.21, Val. ASSD: 2.37, Val. IPE: 0.05, Val. Mem: 2.81
Epoch 109 - Loss: 0.0056 - L_BS: 0.0081 - C_Loc: 0.0039 - Beta: 0.10 - Dice: 99.01, Prec: 99.02, Rec: 99.47, HD95: 7.64, ASSD: 1.21, IPE: 0.08, Mem: 10.40
Val. Loss: 0.0050, L_BS: 0.0062, C_Loc: 0.0042, Val. DSC: 98.91, Val. Precision: 98.76, Val. Recall: 99.24, Val. HD95: 9.98, Val. ASSD: 2.09, Val. IPE: 0.05, Val. Mem: 2.81
Epoch 110 - Loss: 0.0050 - L_BS: 0.0071 - C_Loc: 0.0036 - Beta: 0.10 - Dice: 99.12, Prec: 99.13, Rec: 99.44, HD95: 6.46, ASSD: 1.11, IPE: 0.08, Mem: 10.40
Val. Loss: 0.0051, L_BS: 0.0062, C_Loc: 0.0043, Val. DSC: 98.89, Val. Precision: 98.82, Val. Recall: 99.14, Val. HD95: 10.58, Val. ASSD: 2.24, Val. IPE: 0.05, Val. Mem: 2.81
Epoch 111 - Loss: 0.0049 - L_BS: 0.0069 - C_Loc: 0.0035 - Beta: 0.10 - Dice: 99.14, Prec: 99.17, Rec: 99.45, HD95: 5.46, ASSD: 1.00, IPE: 0.08, Mem: 10.40
Val. Loss: 0.0049, L_BS: 0.0061, C_Loc: 0.0041, Val. DSC: 98.92, Val. Precision: 98.84, Val. Recall: 99.17, Val. HD95: 11.47, Val. ASSD: 2.26, Val. IPE: 0.05, Val. Mem: 2.81
Model saved successfully!
Model saved successfully!
Model saved successfully!
Model saved successfully!
Epoch 112 - Loss: 0.0045 - L_BS: 0.0064 - C_Loc: 0.0033 - Beta: 0.10 - Dice: 99.18, Prec: 99.20, Rec: 99.47, HD95: 5.29, ASSD: 1.03, IPE: 0.08, Mem: 10.40
Val. Loss: 0.0051, L_BS: 0.0062, C_Loc: 0.0043, Val. DSC: 98.91, Val. Precision: 98.85, Val. Recall: 99.17, Val. HD95: 11.26, Val. ASSD: 2.29, Val. IPE: 0.05, Val. Mem: 2.81
Epoch 113 - Loss: 0.0057 - L_BS: 0.0082 - C_Loc: 0.0040 - Beta: 0.10 - Dice: 98.98, Prec: 98.97, Rec: 99.44, HD95: 8.75, ASSD: 1.50, IPE: 0.09, Mem: 10.40
Val. Loss: 0.0052, L_BS: 0.0063, C_Loc: 0.0045, Val. DSC: 98.87, Val. Precision: 98.79, Val. Recall: 99.15, Val. HD95: 12.41, Val. ASSD: 2.38, Val. IPE: 0.05, Val. Mem: 2.81
Epoch 114 - Loss: 0.0038 - L_BS: 0.0051 - C_Loc: 0.0030 - Beta: 0.10 - Dice: 99.31, Prec: 99.31, Rec: 99.42, HD95: 6.32, ASSD: 1.30, IPE: 0.08, Mem: 10.40
Val. Loss: 0.0051, L_BS: 0.0062, C_Loc: 0.0043, Val. DSC: 98.87, Val. Precision: 98.71, Val. Recall: 99.21, Val. HD95: 12.21, Val. ASSD: 2.26, Val. IPE: 0.05, Val. Mem: 2.81
Epoch 115 - Loss: 0.0051 - L_BS: 0.0071 - C_Loc: 0.0037 - Beta: 0.10 - Dice: 99.10, Prec: 99.12, Rec: 99.41, HD95: 7.19, ASSD: 1.31, IPE: 0.08, Mem: 10.40
Val. Loss: 0.0053, L_BS: 0.0065, C_Loc: 0.0046, Val. DSC: 98.83, Val. Precision: 98.58, Val. Recall: 99.28, Val. HD95: 13.73, Val. ASSD: 2.42, Val. IPE: 0.05, Val. Mem: 2.81
Epoch 116 - Loss: 0.0028 - L_BS: 0.0037 - C_Loc: 0.0022 - Beta: 0.10 - Dice: 99.46, Prec: 99.46, Rec: 99.47, HD95: 5.80, ASSD: 1.06, IPE: 0.08, Mem: 10.40
Val. Loss: 0.0051, L_BS: 0.0063, C_Loc: 0.0042, Val. DSC: 98.90, Val. Precision: 98.72, Val. Recall: 99.28, Val. HD95: 11.33, Val. ASSD: 2.37, Val. IPE: 0.05, Val. Mem: 2.81
Epoch 117 - Loss: 0.0042 - L_BS: 0.0059 - C_Loc: 0.0031 - Beta: 0.10 - Dice: 99.25, Prec: 99.25, Rec: 99.47, HD95: 6.87, ASSD: 1.24, IPE: 0.08, Mem: 10.40
Val. Loss: 0.0050, L_BS: 0.0062, C_Loc: 0.0042, Val. DSC: 98.92, Val. Precision: 98.80, Val. Recall: 99.22, Val. HD95: 11.25, Val. ASSD: 2.26, Val. IPE: 0.05, Val. Mem: 2.81
Epoch 118 - Loss: 0.0036 - L_BS: 0.0048 - C_Loc: 0.0028 - Beta: 0.10 - Dice: 99.34, Prec: 99.40, Rec: 99.40, HD95: 4.73, ASSD: 0.92, IPE: 0.09, Mem: 10.40
Val. Loss: 0.0049, L_BS: 0.0060, C_Loc: 0.0042, Val. DSC: 98.93, Val. Precision: 98.92, Val. Recall: 99.08, Val. HD95: 10.50, Val. ASSD: 2.07, Val. IPE: 0.05, Val. Mem: 2.81
Epoch 119 - Loss: 0.0050 - L_BS: 0.0073 - C_Loc: 0.0035 - Beta: 0.10 - Dice: 99.08, Prec: 99.07, Rec: 99.45, HD95: 7.04, ASSD: 1.27, IPE: 0.08, Mem: 10.40
Val. Loss: 0.0050, L_BS: 0.0061, C_Loc: 0.0042, Val. DSC: 98.90, Val. Precision: 98.85, Val. Recall: 99.10, Val. HD95: 11.79, Val. ASSD: 2.18, Val. IPE: 0.05, Val. Mem: 2.81
Epoch 120 - Loss: 0.0036 - L_BS: 0.0050 - C_Loc: 0.0027 - Beta: 0.10 - Dice: 99.32, Prec: 99.32, Rec: 99.43, HD95: 6.70, ASSD: 1.18, IPE: 0.08, Mem: 10.40
Val. Loss: 0.0049, L_BS: 0.0061, C_Loc: 0.0041, Val. DSC: 98.93, Val. Precision: 98.85, Val. Recall: 99.18, Val. HD95: 11.73, Val. ASSD: 2.38, Val. IPE: 0.05, Val. Mem: 2.81
Epoch 121 - Loss: 0.0037 - L_BS: 0.0052 - C_Loc: 0.0027 - Beta: 0.10 - Dice: 99.29, Prec: 99.29, Rec: 99.40, HD95: 6.65, ASSD: 1.21, IPE: 0.08, Mem: 10.40
Val. Loss: 0.0050, L_BS: 0.0061, C_Loc: 0.0042, Val. DSC: 98.90, Val. Precision: 98.76, Val. Recall: 99.20, Val. HD95: 10.61, Val. ASSD: 2.19, Val. IPE: 0.05, Val. Mem: 2.81
Early stopping triggered!
Testing on easy samplesTesting on easy samplesTesting on easy samples

Testing on easy samples

Te. Loss: 0.0037 | L_BS: 0.0043 | C_Loc: 0.0032 | Beta: 0.10 | DSC: 99.30% | Precision: 99.27% | Recall: 99.35% | HD95: 12.99 px | ASSD: 1.95 px | IPE: 0.86 s/b | Mem: 5.14 GB/b | FLOPs: 218.10 G/b
[Wed 20 May 2026 07:15:44 -05] Training complete.
