[Tue 19 May 2026 12:53:05 -05] Starting training on compute-0-2.hpc.cedia.edu.ec...
Epoch 1 - Loss: 0.2628 - L_BS: 0.3241 - C_Loc: 0.2475 - Beta: 0.10 - Dice: 41.94, Prec: 57.15, Rec: 46.39, HD95: 156.99, ASSD: 44.52, IPE: 0.41, Mem: 10.87
Val. Loss: 0.2518, L_BS: 0.3089, C_Loc: 0.2375, Val. DSC: 36.31, Val. Precision: 72.97, Val. Recall: 33.53, Val. HD95: nan, Val. ASSD: nan, Val. IPE: 1.67, Val. Mem: 6.42
Model saved successfully!
Model saved successfully!
Model saved successfully!
Model saved successfully!
Epoch 2 - Loss: 0.2298 - L_BS: 0.2726 - C_Loc: 0.2191 - Beta: 0.10 - Dice: 49.36, Prec: 64.38, Rec: 50.83, HD95: 140.54, ASSD: 35.88, IPE: 0.16, Mem: 10.40
Val. Loss: 0.2114, L_BS: 0.2405, C_Loc: 0.2042, Val. DSC: 52.24, Val. Precision: 76.49, Val. Recall: 47.13, Val. HD95: 127.81, Val. ASSD: 32.98, Val. IPE: 0.05, Val. Mem: 2.81
Model saved successfully!Model saved successfully!
Model saved successfully!

Model saved successfully!
Epoch 3 - Loss: 0.1742 - L_BS: 0.1970 - C_Loc: 0.1685 - Beta: 0.10 - Dice: 61.84, Prec: 69.41, Rec: 63.74, HD95: 123.77, ASSD: 29.13, IPE: 0.16, Mem: 10.40
Val. Loss: 0.1596, L_BS: 0.2281, C_Loc: 0.1425, Val. DSC: 58.28, Val. Precision: 65.12, Val. Recall: 59.64, Val. HD95: 129.77, Val. ASSD: 32.73, Val. IPE: 0.05, Val. Mem: 2.81
Model saved successfully!
Model saved successfully!
Model saved successfully!
Model saved successfully!
Epoch 4 - Loss: 0.1486 - L_BS: 0.1661 - C_Loc: 0.1443 - Beta: 0.10 - Dice: 66.32, Prec: 72.05, Rec: 69.12, HD95: 108.17, ASSD: 25.68, IPE: 0.14, Mem: 10.40
Val. Loss: 0.1649, L_BS: 0.1632, C_Loc: 0.1654, Val. DSC: 65.07, Val. Precision: 81.40, Val. Recall: 59.16, Val. HD95: 105.97, Val. ASSD: 27.78, Val. IPE: 0.06, Val. Mem: 2.81
Epoch 5 - Loss: 0.1230 - L_BS: 0.1372 - C_Loc: 0.1195 - Beta: 0.10 - Dice: 70.31, Prec: 73.89, Rec: 72.48, HD95: 106.16, ASSD: 23.39, IPE: 0.13, Mem: 10.40
Val. Loss: 0.2887, L_BS: 0.4335, C_Loc: 0.2525, Val. DSC: 33.78, Val. Precision: 82.53, Val. Recall: 26.41, Val. HD95: 125.41, Val. ASSD: 33.53, Val. IPE: 0.05, Val. Mem: 2.81
Epoch 6 - Loss: 0.1147 - L_BS: 0.1271 - C_Loc: 0.1116 - Beta: 0.10 - Dice: 72.26, Prec: 75.66, Rec: 74.56, HD95: 101.36, ASSD: 22.92, IPE: 0.13, Mem: 10.40
Val. Loss: 0.1553, L_BS: 0.1666, C_Loc: 0.1524, Val. DSC: 62.85, Val. Precision: 69.92, Val. Recall: 63.05, Val. HD95: 107.54, Val. ASSD: 27.14, Val. IPE: 0.06, Val. Mem: 2.81
Model saved successfully!Model saved successfully!
Model saved successfully!
Model saved successfully!

Epoch 7 - Loss: 0.1007 - L_BS: 0.1049 - C_Loc: 0.0997 - Beta: 0.10 - Dice: 75.62, Prec: 78.32, Rec: 77.40, HD95: 89.70, ASSD: 19.77, IPE: 0.13, Mem: 10.40
Val. Loss: 0.1070, L_BS: 0.1067, C_Loc: 0.1071, Val. DSC: 75.04, Val. Precision: 82.83, Val. Recall: 73.12, Val. HD95: 80.16, Val. ASSD: 20.24, Val. IPE: 0.05, Val. Mem: 2.81
Model saved successfully!
Model saved successfully!
Model saved successfully!
Model saved successfully!
Epoch 8 - Loss: 0.0988 - L_BS: 0.1056 - C_Loc: 0.0971 - Beta: 0.10 - Dice: 76.77, Prec: 79.49, Rec: 78.89, HD95: 91.60, ASSD: 20.29, IPE: 0.13, Mem: 10.40
Val. Loss: 0.1047, L_BS: 0.0796, C_Loc: 0.1109, Val. DSC: 79.84, Val. Precision: 78.53, Val. Recall: 86.64, Val. HD95: 111.67, Val. ASSD: 25.62, Val. IPE: 0.06, Val. Mem: 2.81
Model saved successfully!Model saved successfully!
Model saved successfully!

Model saved successfully!
Epoch 9 - Loss: 0.1064 - L_BS: 0.1118 - C_Loc: 0.1050 - Beta: 0.10 - Dice: 74.84, Prec: 78.36, Rec: 76.92, HD95: 96.55, ASSD: 21.33, IPE: 0.12, Mem: 10.40
Val. Loss: 0.1941, L_BS: 0.1948, C_Loc: 0.1940, Val. DSC: 59.32, Val. Precision: 82.49, Val. Recall: 50.85, Val. HD95: 97.76, Val. ASSD: 26.41, Val. IPE: 0.05, Val. Mem: 2.81
Epoch 10 - Loss: 0.0939 - L_BS: 0.0951 - C_Loc: 0.0936 - Beta: 0.10 - Dice: 78.02, Prec: 81.02, Rec: 79.33, HD95: 91.96, ASSD: 19.79, IPE: 0.12, Mem: 10.40
Val. Loss: 0.2719, L_BS: 0.4042, C_Loc: 0.2389, Val. DSC: 40.19, Val. Precision: 81.69, Val. Recall: 32.15, Val. HD95: 134.30, Val. ASSD: 36.82, Val. IPE: 0.05, Val. Mem: 2.81
Epoch 11 - Loss: 0.0788 - L_BS: 0.0770 - C_Loc: 0.0793 - Beta: 0.10 - Dice: 81.78, Prec: 84.14, Rec: 82.75, HD95: 84.36, ASSD: 17.87, IPE: 0.12, Mem: 10.40
Val. Loss: 0.1035, L_BS: 0.1032, C_Loc: 0.1036, Val. DSC: 75.82, Val. Precision: 74.15, Val. Recall: 82.79, Val. HD95: 109.95, Val. ASSD: 23.30, Val. IPE: 0.05, Val. Mem: 2.81
Model saved successfully!Model saved successfully!
Model saved successfully!

Model saved successfully!
Epoch 12 - Loss: 0.0786 - L_BS: 0.0792 - C_Loc: 0.0785 - Beta: 0.10 - Dice: 81.47, Prec: 83.20, Rec: 83.46, HD95: 86.60, ASSD: 18.47, IPE: 0.13, Mem: 10.40
Val. Loss: 0.0760, L_BS: 0.0842, C_Loc: 0.0740, Val. DSC: 81.01, Val. Precision: 85.54, Val. Recall: 80.30, Val. HD95: 73.91, Val. ASSD: 16.72, Val. IPE: 0.05, Val. Mem: 2.81
Model saved successfully!Model saved successfully!
Model saved successfully!

Model saved successfully!
Epoch 13 - Loss: 0.0723 - L_BS: 0.0757 - C_Loc: 0.0715 - Beta: 0.10 - Dice: 82.36, Prec: 84.65, Rec: 83.54, HD95: 80.07, ASSD: 16.56, IPE: 0.12, Mem: 10.40
Val. Loss: 0.0861, L_BS: 0.0801, C_Loc: 0.0877, Val. DSC: 79.91, Val. Precision: 83.18, Val. Recall: 80.75, Val. HD95: 75.41, Val. ASSD: 19.44, Val. IPE: 0.06, Val. Mem: 2.81
Epoch 14 - Loss: 0.0701 - L_BS: 0.0681 - C_Loc: 0.0706 - Beta: 0.10 - Dice: 84.19, Prec: 86.08, Rec: 85.36, HD95: 75.94, ASSD: 15.90, IPE: 0.12, Mem: 10.40
Val. Loss: 0.1359, L_BS: 0.1132, C_Loc: 0.1416, Val. DSC: 73.45, Val. Precision: 88.11, Val. Recall: 67.69, Val. HD95: 110.51, Val. ASSD: 25.04, Val. IPE: 0.05, Val. Mem: 2.81
Epoch 15 - Loss: 0.0721 - L_BS: 0.0699 - C_Loc: 0.0726 - Beta: 0.10 - Dice: 83.62, Prec: 85.44, Rec: 85.05, HD95: 82.04, ASSD: 17.04, IPE: 0.13, Mem: 10.40
Val. Loss: 0.0631, L_BS: 0.0582, C_Loc: 0.0643, Val. DSC: 85.51, Val. Precision: 85.60, Val. Recall: 88.13, Val. HD95: 68.61, Val. ASSD: 16.11, Val. IPE: 0.05, Val. Mem: 2.81
Model saved successfully!Model saved successfully!
Model saved successfully!
Model saved successfully!

Epoch 16 - Loss: 0.0698 - L_BS: 0.0704 - C_Loc: 0.0696 - Beta: 0.10 - Dice: 83.85, Prec: 85.47, Rec: 85.57, HD95: 80.95, ASSD: 16.95, IPE: 0.12, Mem: 10.40
Val. Loss: 0.0759, L_BS: 0.0712, C_Loc: 0.0771, Val. DSC: 82.39, Val. Precision: 83.09, Val. Recall: 84.89, Val. HD95: 79.58, Val. ASSD: 17.23, Val. IPE: 0.06, Val. Mem: 2.81
Epoch 17 - Loss: 0.0548 - L_BS: 0.0547 - C_Loc: 0.0549 - Beta: 0.10 - Dice: 87.38, Prec: 88.82, Rec: 88.17, HD95: 72.33, ASSD: 14.35, IPE: 0.11, Mem: 10.40
Val. Loss: 0.0620, L_BS: 0.0573, C_Loc: 0.0632, Val. DSC: 84.98, Val. Precision: 86.37, Val. Recall: 85.86, Val. HD95: 60.08, Val. ASSD: 14.46, Val. IPE: 0.05, Val. Mem: 2.81
Model saved successfully!
Model saved successfully!Model saved successfully!

Model saved successfully!
Epoch 18 - Loss: 0.0524 - L_BS: 0.0491 - C_Loc: 0.0532 - Beta: 0.10 - Dice: 88.33, Prec: 89.48, Rec: 89.18, HD95: 71.81, ASSD: 14.27, IPE: 0.12, Mem: 10.40
Val. Loss: 0.0564, L_BS: 0.0459, C_Loc: 0.0590, Val. DSC: 88.43, Val. Precision: 86.35, Val. Recall: 92.47, Val. HD95: 88.81, Val. ASSD: 18.98, Val. IPE: 0.06, Val. Mem: 2.81
Model saved successfully!
Model saved successfully!
Model saved successfully!
Model saved successfully!
Epoch 19 - Loss: 0.0432 - L_BS: 0.0392 - C_Loc: 0.0442 - Beta: 0.10 - Dice: 90.61, Prec: 91.48, Rec: 91.38, HD95: 66.44, ASSD: 12.87, IPE: 0.11, Mem: 10.40
Val. Loss: 0.0445, L_BS: 0.0392, C_Loc: 0.0459, Val. DSC: 90.66, Val. Precision: 89.90, Val. Recall: 92.62, Val. HD95: 96.82, Val. ASSD: 18.65, Val. IPE: 0.06, Val. Mem: 2.81
Model saved successfully!Model saved successfully!

Model saved successfully!
Model saved successfully!
Epoch 20 - Loss: 0.0416 - L_BS: 0.0407 - C_Loc: 0.0418 - Beta: 0.10 - Dice: 90.83, Prec: 91.66, Rec: 91.88, HD95: 63.72, ASSD: 12.03, IPE: 0.11, Mem: 10.40
Val. Loss: 0.0449, L_BS: 0.0370, C_Loc: 0.0468, Val. DSC: 90.50, Val. Precision: 93.10, Val. Recall: 89.17, Val. HD95: 83.83, Val. ASSD: 15.65, Val. IPE: 0.06, Val. Mem: 2.81
Epoch 21 - Loss: 0.0409 - L_BS: 0.0413 - C_Loc: 0.0409 - Beta: 0.10 - Dice: 91.13, Prec: 91.86, Rec: 92.49, HD95: 65.75, ASSD: 12.51, IPE: 0.11, Mem: 10.40
Val. Loss: 0.0511, L_BS: 0.0415, C_Loc: 0.0535, Val. DSC: 89.77, Val. Precision: 88.80, Val. Recall: 92.55, Val. HD95: 95.92, Val. ASSD: 20.21, Val. IPE: 0.06, Val. Mem: 2.81
Epoch 22 - Loss: 0.0373 - L_BS: 0.0360 - C_Loc: 0.0376 - Beta: 0.10 - Dice: 91.75, Prec: 92.33, Rec: 92.69, HD95: 57.16, ASSD: 11.12, IPE: 0.11, Mem: 10.40
Val. Loss: 0.0568, L_BS: 0.0410, C_Loc: 0.0608, Val. DSC: 88.93, Val. Precision: 95.24, Val. Recall: 84.49, Val. HD95: 53.64, Val. ASSD: 13.88, Val. IPE: 0.06, Val. Mem: 2.81
Epoch 23 - Loss: 0.0342 - L_BS: 0.0339 - C_Loc: 0.0343 - Beta: 0.10 - Dice: 92.23, Prec: 92.97, Rec: 93.01, HD95: 55.49, ASSD: 10.70, IPE: 0.10, Mem: 10.40
Val. Loss: 0.0516, L_BS: 0.0430, C_Loc: 0.0538, Val. DSC: 89.04, Val. Precision: 90.76, Val. Recall: 89.45, Val. HD95: 86.10, Val. ASSD: 17.85, Val. IPE: 0.06, Val. Mem: 2.81
Epoch 24 - Loss: 0.0315 - L_BS: 0.0326 - C_Loc: 0.0313 - Beta: 0.10 - Dice: 93.18, Prec: 93.63, Rec: 94.21, HD95: 51.75, ASSD: 9.46, IPE: 0.11, Mem: 10.40
Val. Loss: 0.0212, L_BS: 0.0200, C_Loc: 0.0215, Val. DSC: 95.42, Val. Precision: 95.08, Val. Recall: 96.08, Val. HD95: 46.50, Val. ASSD: 8.45, Val. IPE: 0.06, Val. Mem: 2.81
Model saved successfully!Model saved successfully!Model saved successfully!


Model saved successfully!
Epoch 25 - Loss: 0.0303 - L_BS: 0.0310 - C_Loc: 0.0301 - Beta: 0.10 - Dice: 93.41, Prec: 93.82, Rec: 94.51, HD95: 54.00, ASSD: 9.81, IPE: 0.10, Mem: 10.40
Val. Loss: 0.0329, L_BS: 0.0261, C_Loc: 0.0346, Val. DSC: 93.52, Val. Precision: 95.15, Val. Recall: 92.52, Val. HD95: 48.50, Val. ASSD: 10.61, Val. IPE: 0.06, Val. Mem: 2.81
Epoch 26 - Loss: 0.0277 - L_BS: 0.0282 - C_Loc: 0.0276 - Beta: 0.10 - Dice: 94.07, Prec: 94.46, Rec: 95.00, HD95: 46.37, ASSD: 8.54, IPE: 0.10, Mem: 10.40
Val. Loss: 0.0233, L_BS: 0.0210, C_Loc: 0.0239, Val. DSC: 95.09, Val. Precision: 94.51, Val. Recall: 96.05, Val. HD95: 53.75, Val. ASSD: 9.63, Val. IPE: 0.06, Val. Mem: 2.81
Epoch 27 - Loss: 0.0252 - L_BS: 0.0268 - C_Loc: 0.0248 - Beta: 0.10 - Dice: 94.56, Prec: 94.63, Rec: 95.81, HD95: 45.32, ASSD: 8.09, IPE: 0.10, Mem: 10.40
Val. Loss: 0.0209, L_BS: 0.0196, C_Loc: 0.0212, Val. DSC: 95.63, Val. Precision: 95.93, Val. Recall: 95.56, Val. HD95: 31.84, Val. ASSD: 6.83, Val. IPE: 0.05, Val. Mem: 2.81
Model saved successfully!Model saved successfully!

Model saved successfully!
Model saved successfully!
Epoch 28 - Loss: 0.0246 - L_BS: 0.0243 - C_Loc: 0.0246 - Beta: 0.10 - Dice: 94.81, Prec: 95.05, Rec: 95.70, HD95: 41.32, ASSD: 7.50, IPE: 0.10, Mem: 10.40
Val. Loss: 0.0167, L_BS: 0.0158, C_Loc: 0.0169, Val. DSC: 96.41, Val. Precision: 96.82, Val. Recall: 96.14, Val. HD95: 38.23, Val. ASSD: 6.76, Val. IPE: 0.06, Val. Mem: 2.81
Model saved successfully!
Model saved successfully!Model saved successfully!

Model saved successfully!
Epoch 29 - Loss: 0.0217 - L_BS: 0.0206 - C_Loc: 0.0220 - Beta: 0.10 - Dice: 95.66, Prec: 95.87, Rec: 96.37, HD95: 42.07, ASSD: 7.22, IPE: 0.10, Mem: 10.40
Val. Loss: 0.0202, L_BS: 0.0171, C_Loc: 0.0210, Val. DSC: 95.98, Val. Precision: 96.08, Val. Recall: 96.16, Val. HD95: 48.43, Val. ASSD: 8.56, Val. IPE: 0.06, Val. Mem: 2.81
Epoch 30 - Loss: 0.0198 - L_BS: 0.0207 - C_Loc: 0.0196 - Beta: 0.10 - Dice: 95.65, Prec: 95.70, Rec: 96.37, HD95: 42.97, ASSD: 7.73, IPE: 0.10, Mem: 10.40
Val. Loss: 0.0389, L_BS: 0.0277, C_Loc: 0.0418, Val. DSC: 92.76, Val. Precision: 90.42, Val. Recall: 96.65, Val. HD95: 60.62, Val. ASSD: 12.61, Val. IPE: 0.06, Val. Mem: 2.81
Epoch 31 - Loss: 0.0183 - L_BS: 0.0220 - C_Loc: 0.0174 - Beta: 0.10 - Dice: 95.93, Prec: 96.18, Rec: 96.70, HD95: 34.10, ASSD: 6.21, IPE: 0.10, Mem: 10.40
Val. Loss: 0.0150, L_BS: 0.0150, C_Loc: 0.0150, Val. DSC: 96.75, Val. Precision: 97.32, Val. Recall: 96.32, Val. HD95: 37.66, Val. ASSD: 6.46, Val. IPE: 0.05, Val. Mem: 2.81
Model saved successfully!Model saved successfully!Model saved successfully!


Model saved successfully!
Epoch 32 - Loss: 0.0184 - L_BS: 0.0195 - C_Loc: 0.0181 - Beta: 0.10 - Dice: 96.02, Prec: 96.22, Rec: 96.68, HD95: 38.23, ASSD: 6.55, IPE: 0.09, Mem: 10.40
Val. Loss: 0.0149, L_BS: 0.0140, C_Loc: 0.0151, Val. DSC: 96.81, Val. Precision: 96.34, Val. Recall: 97.48, Val. HD95: 35.30, Val. ASSD: 6.76, Val. IPE: 0.05, Val. Mem: 2.81
Model saved successfully!
Model saved successfully!Model saved successfully!

Model saved successfully!
Epoch 33 - Loss: 0.0198 - L_BS: 0.0198 - C_Loc: 0.0197 - Beta: 0.10 - Dice: 95.95, Prec: 95.97, Rec: 96.91, HD95: 35.54, ASSD: 6.28, IPE: 0.10, Mem: 10.40
Val. Loss: 0.0249, L_BS: 0.0206, C_Loc: 0.0260, Val. DSC: 94.99, Val. Precision: 93.07, Val. Recall: 97.72, Val. HD95: 70.50, Val. ASSD: 12.76, Val. IPE: 0.05, Val. Mem: 2.81
Epoch 34 - Loss: 0.0149 - L_BS: 0.0160 - C_Loc: 0.0146 - Beta: 0.10 - Dice: 96.83, Prec: 96.92, Rec: 97.28, HD95: 31.91, ASSD: 5.51, IPE: 0.09, Mem: 10.40
Val. Loss: 0.0337, L_BS: 0.0311, C_Loc: 0.0343, Val. DSC: 92.51, Val. Precision: 91.67, Val. Recall: 95.21, Val. HD95: 74.53, Val. ASSD: 13.43, Val. IPE: 0.06, Val. Mem: 2.81
Epoch 35 - Loss: 0.0164 - L_BS: 0.0167 - C_Loc: 0.0164 - Beta: 0.10 - Dice: 96.42, Prec: 96.51, Rec: 96.91, HD95: 34.36, ASSD: 6.15, IPE: 0.09, Mem: 10.40
Val. Loss: 0.0126, L_BS: 0.0135, C_Loc: 0.0124, Val. DSC: 97.17, Val. Precision: 97.03, Val. Recall: 97.47, Val. HD95: 44.57, Val. ASSD: 7.76, Val. IPE: 0.05, Val. Mem: 2.81
Model saved successfully!
Model saved successfully!
Model saved successfully!
Model saved successfully!
Epoch 36 - Loss: 0.0149 - L_BS: 0.0177 - C_Loc: 0.0142 - Beta: 0.10 - Dice: 96.88, Prec: 96.87, Rec: 97.73, HD95: 25.98, ASSD: 4.74, IPE: 0.09, Mem: 10.40
Val. Loss: 0.0119, L_BS: 0.0114, C_Loc: 0.0121, Val. DSC: 97.52, Val. Precision: 97.40, Val. Recall: 97.72, Val. HD95: 36.89, Val. ASSD: 6.09, Val. IPE: 0.06, Val. Mem: 2.81
Model saved successfully!
Model saved successfully!
Model saved successfully!
Model saved successfully!
Epoch 37 - Loss: 0.0146 - L_BS: 0.0160 - C_Loc: 0.0143 - Beta: 0.10 - Dice: 97.13, Prec: 97.23, Rec: 97.77, HD95: 31.48, ASSD: 5.21, IPE: 0.09, Mem: 10.40
Val. Loss: 0.0200, L_BS: 0.0145, C_Loc: 0.0213, Val. DSC: 96.51, Val. Precision: 98.17, Val. Recall: 95.08, Val. HD95: 35.13, Val. ASSD: 6.26, Val. IPE: 0.06, Val. Mem: 2.81
Epoch 38 - Loss: 0.0121 - L_BS: 0.0123 - C_Loc: 0.0121 - Beta: 0.10 - Dice: 97.54, Prec: 97.65, Rec: 97.86, HD95: 25.53, ASSD: 4.44, IPE: 0.09, Mem: 10.40
Val. Loss: 0.0136, L_BS: 0.0124, C_Loc: 0.0140, Val. DSC: 97.19, Val. Precision: 96.29, Val. Recall: 98.30, Val. HD95: 37.84, Val. ASSD: 7.14, Val. IPE: 0.05, Val. Mem: 2.81
Epoch 39 - Loss: 0.0138 - L_BS: 0.0131 - C_Loc: 0.0139 - Beta: 0.10 - Dice: 97.25, Prec: 97.31, Rec: 97.63, HD95: 29.51, ASSD: 5.27, IPE: 0.10, Mem: 10.40
Val. Loss: 0.0125, L_BS: 0.0128, C_Loc: 0.0124, Val. DSC: 97.02, Val. Precision: 96.12, Val. Recall: 98.38, Val. HD95: 40.48, Val. ASSD: 6.60, Val. IPE: 0.05, Val. Mem: 2.81
Epoch 40 - Loss: 0.0146 - L_BS: 0.0163 - C_Loc: 0.0141 - Beta: 0.10 - Dice: 96.88, Prec: 97.02, Rec: 97.47, HD95: 28.77, ASSD: 4.91, IPE: 0.09, Mem: 10.40
Val. Loss: 0.0148, L_BS: 0.0128, C_Loc: 0.0153, Val. DSC: 96.94, Val. Precision: 95.91, Val. Recall: 98.42, Val. HD95: 35.20, Val. ASSD: 5.60, Val. IPE: 0.06, Val. Mem: 2.81
Epoch 41 - Loss: 0.0118 - L_BS: 0.0139 - C_Loc: 0.0113 - Beta: 0.10 - Dice: 97.37, Prec: 97.59, Rec: 97.72, HD95: 23.47, ASSD: 4.10, IPE: 0.09, Mem: 10.40
Val. Loss: 0.0117, L_BS: 0.0115, C_Loc: 0.0118, Val. DSC: 97.38, Val. Precision: 97.43, Val. Recall: 97.47, Val. HD95: 24.93, Val. ASSD: 4.74, Val. IPE: 0.06, Val. Mem: 2.81
Model saved successfully!Model saved successfully!

Model saved successfully!
Model saved successfully!
Epoch 42 - Loss: 0.0143 - L_BS: 0.0157 - C_Loc: 0.0139 - Beta: 0.10 - Dice: 96.84, Prec: 96.67, Rec: 97.68, HD95: 35.77, ASSD: 5.79, IPE: 0.10, Mem: 10.40
Val. Loss: 0.0129, L_BS: 0.0119, C_Loc: 0.0131, Val. DSC: 97.36, Val. Precision: 96.68, Val. Recall: 98.20, Val. HD95: 39.17, Val. ASSD: 7.26, Val. IPE: 0.06, Val. Mem: 2.81
Epoch 43 - Loss: 0.0127 - L_BS: 0.0160 - C_Loc: 0.0119 - Beta: 0.10 - Dice: 97.30, Prec: 97.29, Rec: 98.14, HD95: 23.08, ASSD: 3.71, IPE: 0.09, Mem: 10.40
Val. Loss: 0.0251, L_BS: 0.0185, C_Loc: 0.0267, Val. DSC: 95.23, Val. Precision: 97.42, Val. Recall: 93.97, Val. HD95: 35.44, Val. ASSD: 6.61, Val. IPE: 0.05, Val. Mem: 2.81
Epoch 44 - Loss: 0.0121 - L_BS: 0.0127 - C_Loc: 0.0119 - Beta: 0.10 - Dice: 97.52, Prec: 97.56, Rec: 97.92, HD95: 26.53, ASSD: 4.44, IPE: 0.10, Mem: 10.40
Val. Loss: 0.0122, L_BS: 0.0116, C_Loc: 0.0124, Val. DSC: 97.42, Val. Precision: 96.64, Val. Recall: 98.39, Val. HD95: 32.61, Val. ASSD: 6.49, Val. IPE: 0.05, Val. Mem: 2.81
Epoch 45 - Loss: 0.0124 - L_BS: 0.0141 - C_Loc: 0.0120 - Beta: 0.10 - Dice: 97.44, Prec: 97.56, Rec: 97.96, HD95: 23.86, ASSD: 4.20, IPE: 0.09, Mem: 10.40
Val. Loss: 0.0096, L_BS: 0.0098, C_Loc: 0.0096, Val. DSC: 97.89, Val. Precision: 97.82, Val. Recall: 98.05, Val. HD95: 25.01, Val. ASSD: 4.77, Val. IPE: 0.06, Val. Mem: 2.81
Model saved successfully!
Model saved successfully!
Model saved successfully!
Model saved successfully!
Epoch 46 - Loss: 0.0126 - L_BS: 0.0153 - C_Loc: 0.0120 - Beta: 0.10 - Dice: 97.37, Prec: 97.59, Rec: 97.97, HD95: 21.27, ASSD: 3.84, IPE: 0.09, Mem: 10.40
Val. Loss: 0.0141, L_BS: 0.0122, C_Loc: 0.0146, Val. DSC: 97.17, Val. Precision: 97.20, Val. Recall: 97.27, Val. HD95: 26.40, Val. ASSD: 5.10, Val. IPE: 0.06, Val. Mem: 2.81
Epoch 47 - Loss: 0.0122 - L_BS: 0.0120 - C_Loc: 0.0122 - Beta: 0.10 - Dice: 97.49, Prec: 97.44, Rec: 98.01, HD95: 26.43, ASSD: 4.62, IPE: 0.09, Mem: 10.40
Val. Loss: 0.0105, L_BS: 0.0104, C_Loc: 0.0105, Val. DSC: 97.73, Val. Precision: 98.70, Val. Recall: 96.96, Val. HD95: 16.92, Val. ASSD: 3.38, Val. IPE: 0.05, Val. Mem: 2.81
Epoch 48 - Loss: 0.0119 - L_BS: 0.0140 - C_Loc: 0.0114 - Beta: 0.10 - Dice: 97.42, Prec: 97.61, Rec: 97.78, HD95: 24.14, ASSD: 4.26, IPE: 0.09, Mem: 10.40
Val. Loss: 0.0084, L_BS: 0.0091, C_Loc: 0.0082, Val. DSC: 98.17, Val. Precision: 98.93, Val. Recall: 97.49, Val. HD95: 17.73, Val. ASSD: 3.37, Val. IPE: 0.05, Val. Mem: 2.81
Model saved successfully!Model saved successfully!

Model saved successfully!
Model saved successfully!
Epoch 49 - Loss: 0.0117 - L_BS: 0.0119 - C_Loc: 0.0116 - Beta: 0.10 - Dice: 97.59, Prec: 97.66, Rec: 98.01, HD95: 22.64, ASSD: 3.85, IPE: 0.09, Mem: 10.40
Val. Loss: 0.0181, L_BS: 0.0164, C_Loc: 0.0186, Val. DSC: 95.98, Val. Precision: 97.41, Val. Recall: 95.37, Val. HD95: 37.40, Val. ASSD: 5.98, Val. IPE: 0.05, Val. Mem: 2.81
Epoch 50 - Loss: 0.0103 - L_BS: 0.0123 - C_Loc: 0.0098 - Beta: 0.10 - Dice: 97.82, Prec: 97.79, Rec: 98.42, HD95: 19.33, ASSD: 3.41, IPE: 0.09, Mem: 10.40
Val. Loss: 0.0086, L_BS: 0.0085, C_Loc: 0.0086, Val. DSC: 98.22, Val. Precision: 98.02, Val. Recall: 98.50, Val. HD95: 21.40, Val. ASSD: 4.27, Val. IPE: 0.05, Val. Mem: 2.81
Epoch 51 - Loss: 0.0085 - L_BS: 0.0105 - C_Loc: 0.0080 - Beta: 0.10 - Dice: 98.13, Prec: 98.25, Rec: 98.37, HD95: 19.90, ASSD: 3.51, IPE: 0.09, Mem: 10.40
Val. Loss: 0.0091, L_BS: 0.0085, C_Loc: 0.0092, Val. DSC: 98.06, Val. Precision: 98.01, Val. Recall: 98.30, Val. HD95: 17.86, Val. ASSD: 3.37, Val. IPE: 0.05, Val. Mem: 2.81
Epoch 52 - Loss: 0.0116 - L_BS: 0.0133 - C_Loc: 0.0111 - Beta: 0.10 - Dice: 97.48, Prec: 97.66, Rec: 97.91, HD95: 22.01, ASSD: 3.84, IPE: 0.09, Mem: 10.40
Val. Loss: 0.0139, L_BS: 0.0123, C_Loc: 0.0143, Val. DSC: 97.04, Val. Precision: 96.37, Val. Recall: 98.08, Val. HD95: 34.75, Val. ASSD: 6.32, Val. IPE: 0.05, Val. Mem: 2.81
Epoch 53 - Loss: 0.0093 - L_BS: 0.0117 - C_Loc: 0.0087 - Beta: 0.10 - Dice: 97.95, Prec: 97.99, Rec: 98.38, HD95: 20.19, ASSD: 3.44, IPE: 0.09, Mem: 10.40
Val. Loss: 0.0097, L_BS: 0.0092, C_Loc: 0.0099, Val. DSC: 97.93, Val. Precision: 97.64, Val. Recall: 98.46, Val. HD95: 32.12, Val. ASSD: 4.91, Val. IPE: 0.06, Val. Mem: 2.81
Epoch 54 - Loss: 0.0106 - L_BS: 0.0130 - C_Loc: 0.0100 - Beta: 0.10 - Dice: 97.70, Prec: 97.76, Rec: 98.22, HD95: 19.72, ASSD: 3.49, IPE: 0.09, Mem: 10.40
Val. Loss: 0.0099, L_BS: 0.0103, C_Loc: 0.0098, Val. DSC: 97.82, Val. Precision: 97.99, Val. Recall: 97.74, Val. HD95: 21.29, Val. ASSD: 3.80, Val. IPE: 0.05, Val. Mem: 2.81
Epoch 55 - Loss: 0.0070 - L_BS: 0.0083 - C_Loc: 0.0066 - Beta: 0.10 - Dice: 98.55, Prec: 98.63, Rec: 98.66, HD95: 15.87, ASSD: 2.58, IPE: 0.09, Mem: 10.40
Val. Loss: 0.0065, L_BS: 0.0071, C_Loc: 0.0063, Val. DSC: 98.56, Val. Precision: 98.73, Val. Recall: 98.43, Val. HD95: 15.97, Val. ASSD: 3.19, Val. IPE: 0.05, Val. Mem: 2.81
Model saved successfully!
Model saved successfully!
Model saved successfully!
Model saved successfully!
Epoch 56 - Loss: 0.0071 - L_BS: 0.0096 - C_Loc: 0.0064 - Beta: 0.10 - Dice: 98.54, Prec: 98.67, Rec: 98.86, HD95: 12.91, ASSD: 2.14, IPE: 0.09, Mem: 10.40
Val. Loss: 0.0063, L_BS: 0.0068, C_Loc: 0.0061, Val. DSC: 98.61, Val. Precision: 98.84, Val. Recall: 98.43, Val. HD95: 15.47, Val. ASSD: 3.09, Val. IPE: 0.05, Val. Mem: 2.81
Model saved successfully!
Model saved successfully!Model saved successfully!

Model saved successfully!
Epoch 57 - Loss: 0.0074 - L_BS: 0.0099 - C_Loc: 0.0067 - Beta: 0.10 - Dice: 98.45, Prec: 98.48, Rec: 98.91, HD95: 13.30, ASSD: 2.29, IPE: 0.09, Mem: 10.40
Val. Loss: 0.0067, L_BS: 0.0072, C_Loc: 0.0066, Val. DSC: 98.52, Val. Precision: 98.46, Val. Recall: 98.62, Val. HD95: 13.65, Val. ASSD: 3.10, Val. IPE: 0.06, Val. Mem: 2.81
Epoch 58 - Loss: 0.0067 - L_BS: 0.0082 - C_Loc: 0.0063 - Beta: 0.10 - Dice: 98.63, Prec: 98.68, Rec: 98.80, HD95: 14.06, ASSD: 2.51, IPE: 0.09, Mem: 10.40
Val. Loss: 0.0067, L_BS: 0.0073, C_Loc: 0.0066, Val. DSC: 98.50, Val. Precision: 98.34, Val. Recall: 98.73, Val. HD95: 20.67, Val. ASSD: 3.59, Val. IPE: 0.06, Val. Mem: 2.81
Epoch 59 - Loss: 0.0072 - L_BS: 0.0098 - C_Loc: 0.0066 - Beta: 0.10 - Dice: 98.47, Prec: 98.53, Rec: 98.88, HD95: 12.69, ASSD: 2.18, IPE: 0.09, Mem: 10.40
Val. Loss: 0.0059, L_BS: 0.0065, C_Loc: 0.0058, Val. DSC: 98.73, Val. Precision: 98.86, Val. Recall: 98.64, Val. HD95: 13.48, Val. ASSD: 2.42, Val. IPE: 0.05, Val. Mem: 2.81
Model saved successfully!Model saved successfully!

Model saved successfully!
Model saved successfully!
Epoch 60 - Loss: 0.0064 - L_BS: 0.0089 - C_Loc: 0.0058 - Beta: 0.10 - Dice: 98.70, Prec: 98.84, Rec: 98.94, HD95: 10.13, ASSD: 1.83, IPE: 0.09, Mem: 10.40
Val. Loss: 0.0068, L_BS: 0.0073, C_Loc: 0.0067, Val. DSC: 98.47, Val. Precision: 98.45, Val. Recall: 98.56, Val. HD95: 12.14, Val. ASSD: 2.78, Val. IPE: 0.05, Val. Mem: 2.81
Epoch 61 - Loss: 0.0050 - L_BS: 0.0065 - C_Loc: 0.0046 - Beta: 0.10 - Dice: 98.93, Prec: 99.04, Rec: 98.98, HD95: 11.22, ASSD: 1.89, IPE: 0.08, Mem: 10.40
Val. Loss: 0.0062, L_BS: 0.0070, C_Loc: 0.0060, Val. DSC: 98.59, Val. Precision: 98.55, Val. Recall: 98.67, Val. HD95: 11.52, Val. ASSD: 2.62, Val. IPE: 0.05, Val. Mem: 2.81
Epoch 62 - Loss: 0.0063 - L_BS: 0.0098 - C_Loc: 0.0054 - Beta: 0.10 - Dice: 98.66, Prec: 98.73, Rec: 99.06, HD95: 8.91, ASSD: 1.63, IPE: 0.08, Mem: 10.40
Val. Loss: 0.0057, L_BS: 0.0065, C_Loc: 0.0054, Val. DSC: 98.72, Val. Precision: 98.66, Val. Recall: 98.82, Val. HD95: 18.28, Val. ASSD: 3.08, Val. IPE: 0.06, Val. Mem: 2.81
Model saved successfully!
Model saved successfully!
Model saved successfully!
Model saved successfully!
Epoch 63 - Loss: 0.0060 - L_BS: 0.0079 - C_Loc: 0.0056 - Beta: 0.10 - Dice: 98.76, Prec: 98.87, Rec: 98.97, HD95: 10.41, ASSD: 1.94, IPE: 0.09, Mem: 10.40
Val. Loss: 0.0061, L_BS: 0.0067, C_Loc: 0.0059, Val. DSC: 98.68, Val. Precision: 98.57, Val. Recall: 98.88, Val. HD95: 16.21, Val. ASSD: 2.88, Val. IPE: 0.05, Val. Mem: 2.81
Epoch 64 - Loss: 0.0042 - L_BS: 0.0053 - C_Loc: 0.0039 - Beta: 0.10 - Dice: 99.09, Prec: 99.19, Rec: 99.03, HD95: 9.59, ASSD: 1.63, IPE: 0.09, Mem: 10.40
Val. Loss: 0.0053, L_BS: 0.0062, C_Loc: 0.0050, Val. DSC: 98.80, Val. Precision: 98.88, Val. Recall: 98.76, Val. HD95: 15.74, Val. ASSD: 2.33, Val. IPE: 0.05, Val. Mem: 2.81
Model saved successfully!
Model saved successfully!Model saved successfully!

Model saved successfully!
Epoch 65 - Loss: 0.0070 - L_BS: 0.0101 - C_Loc: 0.0062 - Beta: 0.10 - Dice: 98.60, Prec: 98.77, Rec: 99.03, HD95: 7.87, ASSD: 1.54, IPE: 0.09, Mem: 10.40
Val. Loss: 0.0059, L_BS: 0.0066, C_Loc: 0.0057, Val. DSC: 98.69, Val. Precision: 98.91, Val. Recall: 98.50, Val. HD95: 16.89, Val. ASSD: 3.14, Val. IPE: 0.05, Val. Mem: 2.81
Epoch 66 - Loss: 0.0054 - L_BS: 0.0065 - C_Loc: 0.0052 - Beta: 0.10 - Dice: 98.92, Prec: 99.00, Rec: 99.01, HD95: 11.87, ASSD: 2.01, IPE: 0.09, Mem: 10.40
Val. Loss: 0.0073, L_BS: 0.0075, C_Loc: 0.0073, Val. DSC: 98.44, Val. Precision: 98.04, Val. Recall: 98.94, Val. HD95: 20.23, Val. ASSD: 3.59, Val. IPE: 0.05, Val. Mem: 2.81
Epoch 67 - Loss: 0.0051 - L_BS: 0.0064 - C_Loc: 0.0047 - Beta: 0.10 - Dice: 98.85, Prec: 98.87, Rec: 98.96, HD95: 13.28, ASSD: 2.38, IPE: 0.09, Mem: 10.40
Val. Loss: 0.0086, L_BS: 0.0089, C_Loc: 0.0085, Val. DSC: 98.18, Val. Precision: 97.70, Val. Recall: 98.87, Val. HD95: 29.61, Val. ASSD: 4.97, Val. IPE: 0.05, Val. Mem: 2.81
Epoch 68 - Loss: 0.0070 - L_BS: 0.0088 - C_Loc: 0.0065 - Beta: 0.10 - Dice: 98.49, Prec: 98.69, Rec: 98.64, HD95: 13.34, ASSD: 2.32, IPE: 0.08, Mem: 10.40
Val. Loss: 0.0074, L_BS: 0.0089, C_Loc: 0.0071, Val. DSC: 98.17, Val. Precision: 98.42, Val. Recall: 98.07, Val. HD95: 12.49, Val. ASSD: 2.77, Val. IPE: 0.06, Val. Mem: 2.81
Epoch 69 - Loss: 0.0049 - L_BS: 0.0055 - C_Loc: 0.0048 - Beta: 0.10 - Dice: 98.99, Prec: 99.06, Rec: 98.97, HD95: 11.90, ASSD: 2.05, IPE: 0.09, Mem: 10.40
Val. Loss: 0.0051, L_BS: 0.0060, C_Loc: 0.0049, Val. DSC: 98.84, Val. Precision: 98.90, Val. Recall: 98.84, Val. HD95: 11.21, Val. ASSD: 2.45, Val. IPE: 0.05, Val. Mem: 2.81
Model saved successfully!
Model saved successfully!
Model saved successfully!
Model saved successfully!
Epoch 70 - Loss: 0.0064 - L_BS: 0.0091 - C_Loc: 0.0058 - Beta: 0.10 - Dice: 98.62, Prec: 98.66, Rec: 99.00, HD95: 10.35, ASSD: 1.90, IPE: 0.09, Mem: 10.40
Val. Loss: 0.0070, L_BS: 0.0072, C_Loc: 0.0069, Val. DSC: 98.48, Val. Precision: 98.62, Val. Recall: 98.38, Val. HD95: 15.71, Val. ASSD: 3.01, Val. IPE: 0.05, Val. Mem: 2.81
Epoch 71 - Loss: 0.0039 - L_BS: 0.0049 - C_Loc: 0.0036 - Beta: 0.10 - Dice: 99.19, Prec: 99.27, Rec: 99.15, HD95: 8.01, ASSD: 1.52, IPE: 0.09, Mem: 10.40
Val. Loss: 0.0060, L_BS: 0.0067, C_Loc: 0.0059, Val. DSC: 98.66, Val. Precision: 98.81, Val. Recall: 98.56, Val. HD95: 14.05, Val. ASSD: 2.77, Val. IPE: 0.05, Val. Mem: 2.81
Epoch 72 - Loss: 0.0047 - L_BS: 0.0058 - C_Loc: 0.0045 - Beta: 0.10 - Dice: 98.98, Prec: 99.05, Rec: 99.05, HD95: 10.28, ASSD: 1.80, IPE: 0.09, Mem: 10.40
Val. Loss: 0.0079, L_BS: 0.0082, C_Loc: 0.0078, Val. DSC: 98.24, Val. Precision: 97.66, Val. Recall: 99.01, Val. HD95: 23.62, Val. ASSD: 4.29, Val. IPE: 0.05, Val. Mem: 2.81
Epoch 73 - Loss: 0.0059 - L_BS: 0.0071 - C_Loc: 0.0056 - Beta: 0.10 - Dice: 98.78, Prec: 98.94, Rec: 98.80, HD95: 12.03, ASSD: 2.08, IPE: 0.09, Mem: 10.40
Val. Loss: 0.0058, L_BS: 0.0066, C_Loc: 0.0056, Val. DSC: 98.66, Val. Precision: 99.17, Val. Recall: 98.24, Val. HD95: 10.85, Val. ASSD: 2.24, Val. IPE: 0.05, Val. Mem: 2.81
Epoch 74 - Loss: 0.0051 - L_BS: 0.0072 - C_Loc: 0.0045 - Beta: 0.10 - Dice: 98.91, Prec: 98.99, Rec: 99.11, HD95: 9.22, ASSD: 1.65, IPE: 0.09, Mem: 10.40
Val. Loss: 0.0059, L_BS: 0.0066, C_Loc: 0.0057, Val. DSC: 98.69, Val. Precision: 98.76, Val. Recall: 98.70, Val. HD95: 16.29, Val. ASSD: 2.85, Val. IPE: 0.06, Val. Mem: 2.81
Epoch 75 - Loss: 0.0044 - L_BS: 0.0060 - C_Loc: 0.0040 - Beta: 0.10 - Dice: 99.06, Prec: 99.12, Rec: 99.15, HD95: 9.23, ASSD: 1.70, IPE: 0.09, Mem: 10.40
Val. Loss: 0.0050, L_BS: 0.0060, C_Loc: 0.0048, Val. DSC: 98.85, Val. Precision: 98.91, Val. Recall: 98.83, Val. HD95: 13.38, Val. ASSD: 2.62, Val. IPE: 0.05, Val. Mem: 2.81
Model saved successfully!Model saved successfully!

Model saved successfully!
Model saved successfully!
Epoch 76 - Loss: 0.0054 - L_BS: 0.0084 - C_Loc: 0.0047 - Beta: 0.10 - Dice: 98.82, Prec: 98.85, Rec: 99.17, HD95: 8.81, ASSD: 1.56, IPE: 0.09, Mem: 10.40
Val. Loss: 0.0052, L_BS: 0.0063, C_Loc: 0.0049, Val. DSC: 98.83, Val. Precision: 98.55, Val. Recall: 99.12, Val. HD95: 13.93, Val. ASSD: 2.56, Val. IPE: 0.05, Val. Mem: 2.81
Epoch 77 - Loss: 0.0045 - L_BS: 0.0071 - C_Loc: 0.0038 - Beta: 0.10 - Dice: 99.00, Prec: 99.08, Rec: 99.18, HD95: 7.41, ASSD: 1.28, IPE: 0.08, Mem: 10.40
Val. Loss: 0.0056, L_BS: 0.0063, C_Loc: 0.0054, Val. DSC: 98.75, Val. Precision: 98.79, Val. Recall: 98.75, Val. HD95: 14.84, Val. ASSD: 2.70, Val. IPE: 0.05, Val. Mem: 2.81
Epoch 78 - Loss: 0.0047 - L_BS: 0.0059 - C_Loc: 0.0044 - Beta: 0.10 - Dice: 99.05, Prec: 99.12, Rec: 99.16, HD95: 9.62, ASSD: 1.73, IPE: 0.09, Mem: 10.40
Val. Loss: 0.0057, L_BS: 0.0066, C_Loc: 0.0055, Val. DSC: 98.78, Val. Precision: 98.31, Val. Recall: 99.33, Val. HD95: 19.90, Val. ASSD: 3.38, Val. IPE: 0.05, Val. Mem: 2.81
Epoch 79 - Loss: 0.0045 - L_BS: 0.0061 - C_Loc: 0.0041 - Beta: 0.10 - Dice: 99.07, Prec: 99.12, Rec: 99.18, HD95: 9.54, ASSD: 1.59, IPE: 0.09, Mem: 10.40
Val. Loss: 0.0049, L_BS: 0.0059, C_Loc: 0.0047, Val. DSC: 98.93, Val. Precision: 98.71, Val. Recall: 99.17, Val. HD95: 17.23, Val. ASSD: 2.94, Val. IPE: 0.05, Val. Mem: 2.81
Model saved successfully!
Model saved successfully!
Model saved successfully!
Model saved successfully!
Epoch 80 - Loss: 0.0037 - L_BS: 0.0047 - C_Loc: 0.0034 - Beta: 0.10 - Dice: 99.21, Prec: 99.25, Rec: 99.20, HD95: 8.82, ASSD: 1.53, IPE: 0.08, Mem: 10.40
Val. Loss: 0.0044, L_BS: 0.0056, C_Loc: 0.0041, Val. DSC: 98.97, Val. Precision: 99.19, Val. Recall: 98.78, Val. HD95: 14.79, Val. ASSD: 2.02, Val. IPE: 0.05, Val. Mem: 2.81
Model saved successfully!Model saved successfully!

Model saved successfully!Model saved successfully!

Epoch 81 - Loss: 0.0058 - L_BS: 0.0084 - C_Loc: 0.0051 - Beta: 0.10 - Dice: 98.73, Prec: 98.82, Rec: 99.01, HD95: 10.50, ASSD: 1.87, IPE: 0.09, Mem: 10.40
Val. Loss: 0.0056, L_BS: 0.0065, C_Loc: 0.0054, Val. DSC: 98.75, Val. Precision: 98.72, Val. Recall: 98.80, Val. HD95: 17.07, Val. ASSD: 3.11, Val. IPE: 0.05, Val. Mem: 2.81
Epoch 82 - Loss: 0.0041 - L_BS: 0.0058 - C_Loc: 0.0036 - Beta: 0.10 - Dice: 99.13, Prec: 99.15, Rec: 99.26, HD95: 10.17, ASSD: 1.63, IPE: 0.08, Mem: 10.40
Val. Loss: 0.0046, L_BS: 0.0057, C_Loc: 0.0044, Val. DSC: 98.98, Val. Precision: 98.86, Val. Recall: 99.14, Val. HD95: 15.41, Val. ASSD: 2.52, Val. IPE: 0.05, Val. Mem: 2.81
Epoch 83 - Loss: 0.0034 - L_BS: 0.0053 - C_Loc: 0.0030 - Beta: 0.10 - Dice: 99.27, Prec: 99.33, Rec: 99.33, HD95: 4.69, ASSD: 0.96, IPE: 0.09, Mem: 10.40
Val. Loss: 0.0044, L_BS: 0.0056, C_Loc: 0.0042, Val. DSC: 98.97, Val. Precision: 99.01, Val. Recall: 98.94, Val. HD95: 15.31, Val. ASSD: 2.40, Val. IPE: 0.05, Val. Mem: 2.81
Epoch 84 - Loss: 0.0047 - L_BS: 0.0075 - C_Loc: 0.0040 - Beta: 0.10 - Dice: 99.00, Prec: 99.04, Rec: 99.31, HD95: 7.62, ASSD: 1.25, IPE: 0.09, Mem: 10.40
Val. Loss: 0.0047, L_BS: 0.0058, C_Loc: 0.0044, Val. DSC: 98.94, Val. Precision: 98.88, Val. Recall: 99.02, Val. HD95: 14.62, Val. ASSD: 2.54, Val. IPE: 0.05, Val. Mem: 2.81
Epoch 85 - Loss: 0.0053 - L_BS: 0.0082 - C_Loc: 0.0046 - Beta: 0.10 - Dice: 98.88, Prec: 98.95, Rec: 99.19, HD95: 8.56, ASSD: 1.46, IPE: 0.09, Mem: 10.40
Val. Loss: 0.0046, L_BS: 0.0057, C_Loc: 0.0044, Val. DSC: 99.00, Val. Precision: 98.80, Val. Recall: 99.24, Val. HD95: 13.39, Val. ASSD: 2.34, Val. IPE: 0.05, Val. Mem: 2.81
Epoch 86 - Loss: 0.0046 - L_BS: 0.0066 - C_Loc: 0.0041 - Beta: 0.10 - Dice: 98.92, Prec: 98.93, Rec: 99.12, HD95: 11.04, ASSD: 1.91, IPE: 0.09, Mem: 10.40
Val. Loss: 0.0097, L_BS: 0.0093, C_Loc: 0.0098, Val. DSC: 97.89, Val. Precision: 96.94, Val. Recall: 99.29, Val. HD95: 26.56, Val. ASSD: 4.71, Val. IPE: 0.05, Val. Mem: 2.81
Epoch 87 - Loss: 0.0043 - L_BS: 0.0067 - C_Loc: 0.0037 - Beta: 0.10 - Dice: 99.06, Prec: 99.08, Rec: 99.30, HD95: 6.88, ASSD: 1.17, IPE: 0.09, Mem: 10.40
Val. Loss: 0.0053, L_BS: 0.0064, C_Loc: 0.0051, Val. DSC: 98.76, Val. Precision: 98.62, Val. Recall: 98.92, Val. HD95: 17.23, Val. ASSD: 2.94, Val. IPE: 0.05, Val. Mem: 2.81
Epoch 88 - Loss: 0.0047 - L_BS: 0.0076 - C_Loc: 0.0040 - Beta: 0.10 - Dice: 99.00, Prec: 99.00, Rec: 99.38, HD95: 6.67, ASSD: 1.16, IPE: 0.09, Mem: 10.40
Val. Loss: 0.0049, L_BS: 0.0059, C_Loc: 0.0047, Val. DSC: 98.88, Val. Precision: 98.81, Val. Recall: 98.97, Val. HD95: 14.55, Val. ASSD: 2.41, Val. IPE: 0.05, Val. Mem: 2.81
Epoch 89 - Loss: 0.0036 - L_BS: 0.0053 - C_Loc: 0.0032 - Beta: 0.10 - Dice: 99.24, Prec: 99.33, Rec: 99.28, HD95: 6.86, ASSD: 1.24, IPE: 0.09, Mem: 10.40
Val. Loss: 0.0040, L_BS: 0.0053, C_Loc: 0.0037, Val. DSC: 99.08, Val. Precision: 99.07, Val. Recall: 99.11, Val. HD95: 10.07, Val. ASSD: 2.15, Val. IPE: 0.05, Val. Mem: 2.81
Model saved successfully!Model saved successfully!Model saved successfully!


Model saved successfully!
Epoch 90 - Loss: 0.0043 - L_BS: 0.0073 - C_Loc: 0.0036 - Beta: 0.10 - Dice: 99.10, Prec: 99.15, Rec: 99.39, HD95: 4.98, ASSD: 0.89, IPE: 0.08, Mem: 10.40
Val. Loss: 0.0042, L_BS: 0.0053, C_Loc: 0.0039, Val. DSC: 99.03, Val. Precision: 99.05, Val. Recall: 99.03, Val. HD95: 10.54, Val. ASSD: 2.27, Val. IPE: 0.05, Val. Mem: 2.81
Epoch 91 - Loss: 0.0033 - L_BS: 0.0051 - C_Loc: 0.0028 - Beta: 0.10 - Dice: 99.30, Prec: 99.33, Rec: 99.39, HD95: 5.25, ASSD: 0.93, IPE: 0.08, Mem: 10.40
Val. Loss: 0.0048, L_BS: 0.0057, C_Loc: 0.0046, Val. DSC: 98.91, Val. Precision: 98.81, Val. Recall: 99.04, Val. HD95: 14.98, Val. ASSD: 2.49, Val. IPE: 0.05, Val. Mem: 2.81
Epoch 92 - Loss: 0.0048 - L_BS: 0.0081 - C_Loc: 0.0040 - Beta: 0.10 - Dice: 99.03, Prec: 99.09, Rec: 99.42, HD95: 5.39, ASSD: 0.93, IPE: 0.09, Mem: 10.40
Val. Loss: 0.0041, L_BS: 0.0051, C_Loc: 0.0039, Val. DSC: 99.09, Val. Precision: 99.08, Val. Recall: 99.10, Val. HD95: 14.39, Val. ASSD: 2.40, Val. IPE: 0.05, Val. Mem: 2.81
Epoch 93 - Loss: 0.0038 - L_BS: 0.0059 - C_Loc: 0.0032 - Beta: 0.10 - Dice: 99.22, Prec: 99.26, Rec: 99.40, HD95: 5.51, ASSD: 0.98, IPE: 0.09, Mem: 10.40
Val. Loss: 0.0047, L_BS: 0.0056, C_Loc: 0.0045, Val. DSC: 98.96, Val. Precision: 98.84, Val. Recall: 99.09, Val. HD95: 16.09, Val. ASSD: 2.76, Val. IPE: 0.05, Val. Mem: 2.81
Epoch 94 - Loss: 0.0035 - L_BS: 0.0059 - C_Loc: 0.0030 - Beta: 0.10 - Dice: 99.24, Prec: 99.30, Rec: 99.41, HD95: 4.63, ASSD: 0.83, IPE: 0.09, Mem: 10.40
Val. Loss: 0.0044, L_BS: 0.0054, C_Loc: 0.0041, Val. DSC: 99.00, Val. Precision: 98.84, Val. Recall: 99.20, Val. HD95: 14.13, Val. ASSD: 2.47, Val. IPE: 0.05, Val. Mem: 2.81
Epoch 95 - Loss: 0.0036 - L_BS: 0.0058 - C_Loc: 0.0031 - Beta: 0.10 - Dice: 99.25, Prec: 99.27, Rec: 99.46, HD95: 5.50, ASSD: 0.95, IPE: 0.08, Mem: 10.40
Val. Loss: 0.0043, L_BS: 0.0054, C_Loc: 0.0040, Val. DSC: 99.02, Val. Precision: 98.83, Val. Recall: 99.25, Val. HD95: 14.56, Val. ASSD: 2.30, Val. IPE: 0.05, Val. Mem: 2.81
Epoch 96 - Loss: 0.0044 - L_BS: 0.0081 - C_Loc: 0.0035 - Beta: 0.10 - Dice: 99.05, Prec: 99.08, Rec: 99.46, HD95: 3.61, ASSD: 0.73, IPE: 0.08, Mem: 10.40
Val. Loss: 0.0038, L_BS: 0.0051, C_Loc: 0.0034, Val. DSC: 99.13, Val. Precision: 99.03, Val. Recall: 99.24, Val. HD95: 12.94, Val. ASSD: 2.29, Val. IPE: 0.05, Val. Mem: 2.81
Model saved successfully!
Model saved successfully!
Model saved successfully!
Model saved successfully!
Epoch 97 - Loss: 0.0035 - L_BS: 0.0060 - C_Loc: 0.0029 - Beta: 0.10 - Dice: 99.24, Prec: 99.29, Rec: 99.42, HD95: 5.64, ASSD: 0.97, IPE: 0.09, Mem: 10.40
Val. Loss: 0.0040, L_BS: 0.0051, C_Loc: 0.0037, Val. DSC: 99.11, Val. Precision: 98.95, Val. Recall: 99.29, Val. HD95: 15.73, Val. ASSD: 2.49, Val. IPE: 0.05, Val. Mem: 2.81
Epoch 98 - Loss: 0.0023 - L_BS: 0.0034 - C_Loc: 0.0020 - Beta: 0.10 - Dice: 99.52, Prec: 99.57, Rec: 99.48, HD95: 2.95, ASSD: 0.67, IPE: 0.08, Mem: 10.40
Val. Loss: 0.0039, L_BS: 0.0053, C_Loc: 0.0036, Val. DSC: 99.06, Val. Precision: 99.00, Val. Recall: 99.14, Val. HD95: 13.32, Val. ASSD: 2.22, Val. IPE: 0.05, Val. Mem: 2.81
Epoch 99 - Loss: 0.0029 - L_BS: 0.0045 - C_Loc: 0.0024 - Beta: 0.10 - Dice: 99.41, Prec: 99.44, Rec: 99.50, HD95: 3.24, ASSD: 0.69, IPE: 0.08, Mem: 10.40
Val. Loss: 0.0037, L_BS: 0.0050, C_Loc: 0.0033, Val. DSC: 99.13, Val. Precision: 99.11, Val. Recall: 99.16, Val. HD95: 13.32, Val. ASSD: 2.16, Val. IPE: 0.05, Val. Mem: 2.81
Model saved successfully!
Model saved successfully!
Model saved successfully!
Model saved successfully!
Epoch 100 - Loss: 0.0043 - L_BS: 0.0078 - C_Loc: 0.0035 - Beta: 0.10 - Dice: 99.08, Prec: 99.10, Rec: 99.51, HD95: 4.12, ASSD: 0.77, IPE: 0.08, Mem: 10.40
Val. Loss: 0.0037, L_BS: 0.0051, C_Loc: 0.0034, Val. DSC: 99.12, Val. Precision: 99.12, Val. Recall: 99.12, Val. HD95: 13.31, Val. ASSD: 2.19, Val. IPE: 0.05, Val. Mem: 2.81
Epoch 101 - Loss: 0.0034 - L_BS: 0.0059 - C_Loc: 0.0027 - Beta: 0.10 - Dice: 99.27, Prec: 99.30, Rec: 99.47, HD95: 5.04, ASSD: 0.82, IPE: 0.09, Mem: 10.40
Val. Loss: 0.0039, L_BS: 0.0051, C_Loc: 0.0036, Val. DSC: 99.10, Val. Precision: 98.98, Val. Recall: 99.23, Val. HD95: 14.03, Val. ASSD: 2.56, Val. IPE: 0.05, Val. Mem: 2.81
Epoch 102 - Loss: 0.0038 - L_BS: 0.0067 - C_Loc: 0.0031 - Beta: 0.10 - Dice: 99.19, Prec: 99.24, Rec: 99.48, HD95: 3.78, ASSD: 0.69, IPE: 0.08, Mem: 10.40
Val. Loss: 0.0036, L_BS: 0.0048, C_Loc: 0.0033, Val. DSC: 99.18, Val. Precision: 99.05, Val. Recall: 99.34, Val. HD95: 13.80, Val. ASSD: 2.37, Val. IPE: 0.05, Val. Mem: 2.81
Model saved successfully!
Model saved successfully!Model saved successfully!

Model saved successfully!
Epoch 103 - Loss: 0.0045 - L_BS: 0.0080 - C_Loc: 0.0037 - Beta: 0.10 - Dice: 99.04, Prec: 99.07, Rec: 99.47, HD95: 4.12, ASSD: 0.77, IPE: 0.08, Mem: 10.40
Val. Loss: 0.0038, L_BS: 0.0050, C_Loc: 0.0034, Val. DSC: 99.13, Val. Precision: 99.05, Val. Recall: 99.22, Val. HD95: 13.60, Val. ASSD: 2.45, Val. IPE: 0.05, Val. Mem: 2.81
Epoch 104 - Loss: 0.0027 - L_BS: 0.0045 - C_Loc: 0.0022 - Beta: 0.10 - Dice: 99.41, Prec: 99.42, Rec: 99.52, HD95: 3.55, ASSD: 0.69, IPE: 0.09, Mem: 10.40
Val. Loss: 0.0039, L_BS: 0.0052, C_Loc: 0.0036, Val. DSC: 99.07, Val. Precision: 99.03, Val. Recall: 99.12, Val. HD95: 13.97, Val. ASSD: 2.85, Val. IPE: 0.05, Val. Mem: 2.81
Epoch 105 - Loss: 0.0034 - L_BS: 0.0055 - C_Loc: 0.0029 - Beta: 0.10 - Dice: 99.30, Prec: 99.34, Rec: 99.50, HD95: 3.54, ASSD: 0.76, IPE: 0.08, Mem: 10.40
Val. Loss: 0.0035, L_BS: 0.0047, C_Loc: 0.0032, Val. DSC: 99.21, Val. Precision: 99.08, Val. Recall: 99.35, Val. HD95: 14.25, Val. ASSD: 2.28, Val. IPE: 0.05, Val. Mem: 2.81
Model saved successfully!Model saved successfully!
Model saved successfully!

Model saved successfully!
Epoch 106 - Loss: 0.0033 - L_BS: 0.0057 - C_Loc: 0.0028 - Beta: 0.10 - Dice: 99.28, Prec: 99.29, Rec: 99.51, HD95: 3.74, ASSD: 0.78, IPE: 0.08, Mem: 10.40
Val. Loss: 0.0036, L_BS: 0.0048, C_Loc: 0.0033, Val. DSC: 99.19, Val. Precision: 99.02, Val. Recall: 99.38, Val. HD95: 14.38, Val. ASSD: 2.30, Val. IPE: 0.05, Val. Mem: 2.81
Epoch 107 - Loss: 0.0028 - L_BS: 0.0046 - C_Loc: 0.0024 - Beta: 0.10 - Dice: 99.39, Prec: 99.40, Rec: 99.50, HD95: 4.12, ASSD: 0.81, IPE: 0.08, Mem: 10.40
Val. Loss: 0.0036, L_BS: 0.0049, C_Loc: 0.0032, Val. DSC: 99.16, Val. Precision: 99.06, Val. Recall: 99.27, Val. HD95: 13.26, Val. ASSD: 2.26, Val. IPE: 0.05, Val. Mem: 2.81
Epoch 108 - Loss: 0.0022 - L_BS: 0.0033 - C_Loc: 0.0019 - Beta: 0.10 - Dice: 99.54, Prec: 99.57, Rec: 99.51, HD95: 3.44, ASSD: 0.70, IPE: 0.08, Mem: 10.40
Val. Loss: 0.0036, L_BS: 0.0049, C_Loc: 0.0033, Val. DSC: 99.18, Val. Precision: 98.98, Val. Recall: 99.41, Val. HD95: 14.99, Val. ASSD: 2.65, Val. IPE: 0.05, Val. Mem: 2.81
Epoch 109 - Loss: 0.0042 - L_BS: 0.0076 - C_Loc: 0.0034 - Beta: 0.10 - Dice: 99.12, Prec: 99.14, Rec: 99.56, HD95: 3.72, ASSD: 0.69, IPE: 0.08, Mem: 10.40
Val. Loss: 0.0034, L_BS: 0.0047, C_Loc: 0.0030, Val. DSC: 99.22, Val. Precision: 99.13, Val. Recall: 99.33, Val. HD95: 13.72, Val. ASSD: 2.31, Val. IPE: 0.05, Val. Mem: 2.81
Model saved successfully!
Model saved successfully!
Model saved successfully!
Model saved successfully!
Epoch 110 - Loss: 0.0027 - L_BS: 0.0045 - C_Loc: 0.0023 - Beta: 0.10 - Dice: 99.42, Prec: 99.44, Rec: 99.52, HD95: 3.13, ASSD: 0.64, IPE: 0.08, Mem: 10.40
Val. Loss: 0.0036, L_BS: 0.0050, C_Loc: 0.0032, Val. DSC: 99.13, Val. Precision: 99.20, Val. Recall: 99.07, Val. HD95: 11.89, Val. ASSD: 2.04, Val. IPE: 0.05, Val. Mem: 2.81
Epoch 111 - Loss: 0.0028 - L_BS: 0.0045 - C_Loc: 0.0023 - Beta: 0.10 - Dice: 99.41, Prec: 99.43, Rec: 99.51, HD95: 3.18, ASSD: 0.66, IPE: 0.08, Mem: 10.40
Val. Loss: 0.0034, L_BS: 0.0046, C_Loc: 0.0031, Val. DSC: 99.23, Val. Precision: 99.12, Val. Recall: 99.37, Val. HD95: 12.81, Val. ASSD: 2.29, Val. IPE: 0.05, Val. Mem: 2.81
Epoch 112 - Loss: 0.0042 - L_BS: 0.0077 - C_Loc: 0.0033 - Beta: 0.10 - Dice: 99.11, Prec: 99.11, Rec: 99.56, HD95: 3.79, ASSD: 0.71, IPE: 0.08, Mem: 10.40
Val. Loss: 0.0039, L_BS: 0.0053, C_Loc: 0.0036, Val. DSC: 99.07, Val. Precision: 98.96, Val. Recall: 99.19, Val. HD95: 14.16, Val. ASSD: 2.80, Val. IPE: 0.05, Val. Mem: 2.81
Epoch 113 - Loss: 0.0032 - L_BS: 0.0054 - C_Loc: 0.0026 - Beta: 0.10 - Dice: 99.34, Prec: 99.35, Rec: 99.56, HD95: 2.82, ASSD: 0.62, IPE: 0.08, Mem: 10.40
Val. Loss: 0.0035, L_BS: 0.0049, C_Loc: 0.0032, Val. DSC: 99.15, Val. Precision: 99.15, Val. Recall: 99.16, Val. HD95: 12.35, Val. ASSD: 2.05, Val. IPE: 0.05, Val. Mem: 2.81
Epoch 114 - Loss: 0.0032 - L_BS: 0.0055 - C_Loc: 0.0026 - Beta: 0.10 - Dice: 99.32, Prec: 99.31, Rec: 99.56, HD95: 3.61, ASSD: 0.68, IPE: 0.08, Mem: 10.40
Val. Loss: 0.0037, L_BS: 0.0051, C_Loc: 0.0034, Val. DSC: 99.12, Val. Precision: 99.05, Val. Recall: 99.20, Val. HD95: 14.80, Val. ASSD: 2.63, Val. IPE: 0.05, Val. Mem: 2.81
Epoch 115 - Loss: 0.0032 - L_BS: 0.0055 - C_Loc: 0.0026 - Beta: 0.10 - Dice: 99.31, Prec: 99.34, Rec: 99.52, HD95: 4.11, ASSD: 0.75, IPE: 0.09, Mem: 10.40
Val. Loss: 0.0033, L_BS: 0.0048, C_Loc: 0.0030, Val. DSC: 99.20, Val. Precision: 99.13, Val. Recall: 99.29, Val. HD95: 13.24, Val. ASSD: 2.11, Val. IPE: 0.05, Val. Mem: 2.81
Model saved successfully!
Model saved successfully!Model saved successfully!

Model saved successfully!
Epoch 116 - Loss: 0.0050 - L_BS: 0.0091 - C_Loc: 0.0040 - Beta: 0.10 - Dice: 98.93, Prec: 98.92, Rec: 99.52, HD95: 4.51, ASSD: 0.85, IPE: 0.08, Mem: 10.40
Val. Loss: 0.0033, L_BS: 0.0048, C_Loc: 0.0030, Val. DSC: 99.19, Val. Precision: 99.17, Val. Recall: 99.22, Val. HD95: 13.36, Val. ASSD: 2.20, Val. IPE: 0.05, Val. Mem: 2.81
Epoch 117 - Loss: 0.0038 - L_BS: 0.0066 - C_Loc: 0.0031 - Beta: 0.10 - Dice: 99.21, Prec: 99.24, Rec: 99.51, HD95: 3.71, ASSD: 0.70, IPE: 0.08, Mem: 10.40
Val. Loss: 0.0033, L_BS: 0.0047, C_Loc: 0.0030, Val. DSC: 99.22, Val. Precision: 99.13, Val. Recall: 99.33, Val. HD95: 13.00, Val. ASSD: 2.07, Val. IPE: 0.05, Val. Mem: 2.81
Epoch 118 - Loss: 0.0036 - L_BS: 0.0066 - C_Loc: 0.0029 - Beta: 0.10 - Dice: 99.22, Prec: 99.24, Rec: 99.53, HD95: 3.29, ASSD: 0.64, IPE: 0.08, Mem: 10.40
Val. Loss: 0.0033, L_BS: 0.0048, C_Loc: 0.0029, Val. DSC: 99.20, Val. Precision: 99.17, Val. Recall: 99.23, Val. HD95: 11.38, Val. ASSD: 1.86, Val. IPE: 0.05, Val. Mem: 2.81
Model saved successfully!
Model saved successfully!
Model saved successfully!
Model saved successfully!
Epoch 119 - Loss: 0.0027 - L_BS: 0.0043 - C_Loc: 0.0023 - Beta: 0.10 - Dice: 99.45, Prec: 99.48, Rec: 99.54, HD95: 4.14, ASSD: 0.79, IPE: 0.09, Mem: 10.40
Val. Loss: 0.0035, L_BS: 0.0048, C_Loc: 0.0032, Val. DSC: 99.17, Val. Precision: 99.08, Val. Recall: 99.26, Val. HD95: 13.21, Val. ASSD: 2.37, Val. IPE: 0.05, Val. Mem: 2.81
Epoch 120 - Loss: 0.0044 - L_BS: 0.0077 - C_Loc: 0.0036 - Beta: 0.10 - Dice: 99.10, Prec: 99.10, Rec: 99.56, HD95: 3.53, ASSD: 0.66, IPE: 0.08, Mem: 10.40
Val. Loss: 0.0035, L_BS: 0.0050, C_Loc: 0.0031, Val. DSC: 99.17, Val. Precision: 99.10, Val. Recall: 99.26, Val. HD95: 12.48, Val. ASSD: 2.10, Val. IPE: 0.05, Val. Mem: 2.81
Epoch 121 - Loss: 0.0027 - L_BS: 0.0044 - C_Loc: 0.0022 - Beta: 0.10 - Dice: 99.44, Prec: 99.45, Rec: 99.54, HD95: 3.71, ASSD: 0.66, IPE: 0.08, Mem: 10.40
Val. Loss: 0.0035, L_BS: 0.0047, C_Loc: 0.0033, Val. DSC: 99.23, Val. Precision: 99.09, Val. Recall: 99.39, Val. HD95: 14.12, Val. ASSD: 2.17, Val. IPE: 0.05, Val. Mem: 2.81
Epoch 122 - Loss: 0.0039 - L_BS: 0.0068 - C_Loc: 0.0032 - Beta: 0.10 - Dice: 99.17, Prec: 99.19, Rec: 99.50, HD95: 4.21, ASSD: 0.76, IPE: 0.09, Mem: 10.40
Val. Loss: 0.0035, L_BS: 0.0048, C_Loc: 0.0032, Val. DSC: 99.19, Val. Precision: 99.14, Val. Recall: 99.25, Val. HD95: 12.63, Val. ASSD: 1.91, Val. IPE: 0.05, Val. Mem: 2.81
Epoch 123 - Loss: 0.0039 - L_BS: 0.0068 - C_Loc: 0.0031 - Beta: 0.10 - Dice: 99.17, Prec: 99.18, Rec: 99.49, HD95: 4.77, ASSD: 0.85, IPE: 0.08, Mem: 10.40
Val. Loss: 0.0033, L_BS: 0.0047, C_Loc: 0.0029, Val. DSC: 99.23, Val. Precision: 99.10, Val. Recall: 99.37, Val. HD95: 12.83, Val. ASSD: 2.17, Val. IPE: 0.05, Val. Mem: 2.81
Epoch 124 - Loss: 0.0026 - L_BS: 0.0043 - C_Loc: 0.0022 - Beta: 0.10 - Dice: 99.44, Prec: 99.46, Rec: 99.54, HD95: 3.08, ASSD: 0.63, IPE: 0.08, Mem: 10.40
Val. Loss: 0.0034, L_BS: 0.0047, C_Loc: 0.0031, Val. DSC: 99.20, Val. Precision: 99.12, Val. Recall: 99.30, Val. HD95: 13.10, Val. ASSD: 2.24, Val. IPE: 0.05, Val. Mem: 2.81
Epoch 125 - Loss: 0.0038 - L_BS: 0.0065 - C_Loc: 0.0031 - Beta: 0.10 - Dice: 99.23, Prec: 99.23, Rec: 99.57, HD95: 4.00, ASSD: 0.73, IPE: 0.08, Mem: 10.40
Val. Loss: 0.0033, L_BS: 0.0046, C_Loc: 0.0030, Val. DSC: 99.22, Val. Precision: 99.12, Val. Recall: 99.33, Val. HD95: 13.50, Val. ASSD: 2.11, Val. IPE: 0.05, Val. Mem: 2.81
Epoch 126 - Loss: 0.0026 - L_BS: 0.0043 - C_Loc: 0.0022 - Beta: 0.10 - Dice: 99.44, Prec: 99.44, Rec: 99.55, HD95: 3.66, ASSD: 0.70, IPE: 0.08, Mem: 10.40
Val. Loss: 0.0036, L_BS: 0.0049, C_Loc: 0.0032, Val. DSC: 99.15, Val. Precision: 99.05, Val. Recall: 99.27, Val. HD95: 14.22, Val. ASSD: 2.29, Val. IPE: 0.05, Val. Mem: 2.81
Epoch 127 - Loss: 0.0031 - L_BS: 0.0052 - C_Loc: 0.0025 - Beta: 0.10 - Dice: 99.38, Prec: 99.38, Rec: 99.61, HD95: 2.32, ASSD: 0.51, IPE: 0.08, Mem: 10.40
Val. Loss: 0.0033, L_BS: 0.0047, C_Loc: 0.0029, Val. DSC: 99.20, Val. Precision: 99.20, Val. Recall: 99.21, Val. HD95: 12.25, Val. ASSD: 2.01, Val. IPE: 0.05, Val. Mem: 2.81
Model saved successfully!
Model saved successfully!
Model saved successfully!
Model saved successfully!
Epoch 128 - Loss: 0.0033 - L_BS: 0.0056 - C_Loc: 0.0027 - Beta: 0.10 - Dice: 99.30, Prec: 99.30, Rec: 99.53, HD95: 3.90, ASSD: 0.74, IPE: 0.09, Mem: 10.40
Val. Loss: 0.0035, L_BS: 0.0048, C_Loc: 0.0032, Val. DSC: 99.18, Val. Precision: 99.07, Val. Recall: 99.31, Val. HD95: 13.56, Val. ASSD: 2.36, Val. IPE: 0.05, Val. Mem: 2.81
Epoch 129 - Loss: 0.0025 - L_BS: 0.0042 - C_Loc: 0.0021 - Beta: 0.10 - Dice: 99.45, Prec: 99.45, Rec: 99.57, HD95: 2.80, ASSD: 0.64, IPE: 0.08, Mem: 10.40
Val. Loss: 0.0034, L_BS: 0.0047, C_Loc: 0.0030, Val. DSC: 99.20, Val. Precision: 99.11, Val. Recall: 99.31, Val. HD95: 13.86, Val. ASSD: 2.54, Val. IPE: 0.05, Val. Mem: 2.81
Epoch 130 - Loss: 0.0030 - L_BS: 0.0054 - C_Loc: 0.0024 - Beta: 0.10 - Dice: 99.35, Prec: 99.36, Rec: 99.56, HD95: 2.85, ASSD: 0.60, IPE: 0.08, Mem: 10.40
Val. Loss: 0.0036, L_BS: 0.0048, C_Loc: 0.0032, Val. DSC: 99.18, Val. Precision: 98.99, Val. Recall: 99.39, Val. HD95: 14.45, Val. ASSD: 2.47, Val. IPE: 0.05, Val. Mem: 2.81
Epoch 131 - Loss: 0.0024 - L_BS: 0.0042 - C_Loc: 0.0020 - Beta: 0.10 - Dice: 99.47, Prec: 99.48, Rec: 99.58, HD95: 2.86, ASSD: 0.57, IPE: 0.08, Mem: 10.40
Val. Loss: 0.0034, L_BS: 0.0047, C_Loc: 0.0030, Val. DSC: 99.23, Val. Precision: 99.06, Val. Recall: 99.42, Val. HD95: 14.05, Val. ASSD: 2.31, Val. IPE: 0.05, Val. Mem: 2.81
Epoch 132 - Loss: 0.0019 - L_BS: 0.0029 - C_Loc: 0.0016 - Beta: 0.10 - Dice: 99.60, Prec: 99.61, Rec: 99.60, HD95: 3.10, ASSD: 0.53, IPE: 0.08, Mem: 10.40
Val. Loss: 0.0033, L_BS: 0.0047, C_Loc: 0.0029, Val. DSC: 99.19, Val. Precision: 99.11, Val. Recall: 99.29, Val. HD95: 12.43, Val. ASSD: 2.10, Val. IPE: 0.05, Val. Mem: 2.81
Epoch 133 - Loss: 0.0023 - L_BS: 0.0033 - C_Loc: 0.0020 - Beta: 0.10 - Dice: 99.52, Prec: 99.56, Rec: 99.50, HD95: 4.24, ASSD: 0.76, IPE: 0.09, Mem: 10.40
Val. Loss: 0.0036, L_BS: 0.0049, C_Loc: 0.0033, Val. DSC: 99.14, Val. Precision: 99.09, Val. Recall: 99.20, Val. HD95: 12.85, Val. ASSD: 2.31, Val. IPE: 0.05, Val. Mem: 2.81
Epoch 134 - Loss: 0.0020 - L_BS: 0.0031 - C_Loc: 0.0017 - Beta: 0.10 - Dice: 99.57, Prec: 99.54, Rec: 99.60, HD95: 3.53, ASSD: 0.67, IPE: 0.08, Mem: 10.40
Val. Loss: 0.0035, L_BS: 0.0047, C_Loc: 0.0032, Val. DSC: 99.20, Val. Precision: 99.02, Val. Recall: 99.39, Val. HD95: 13.66, Val. ASSD: 2.37, Val. IPE: 0.05, Val. Mem: 2.81
Epoch 135 - Loss: 0.0036 - L_BS: 0.0065 - C_Loc: 0.0029 - Beta: 0.10 - Dice: 99.23, Prec: 99.27, Rec: 99.53, HD95: 3.08, ASSD: 0.64, IPE: 0.09, Mem: 10.40
Val. Loss: 0.0034, L_BS: 0.0047, C_Loc: 0.0031, Val. DSC: 99.21, Val. Precision: 99.05, Val. Recall: 99.39, Val. HD95: 13.49, Val. ASSD: 2.28, Val. IPE: 0.05, Val. Mem: 2.81
Epoch 136 - Loss: 0.0020 - L_BS: 0.0032 - C_Loc: 0.0016 - Beta: 0.10 - Dice: 99.56, Prec: 99.57, Rec: 99.55, HD95: 2.81, ASSD: 0.62, IPE: 0.09, Mem: 10.40
Val. Loss: 0.0034, L_BS: 0.0046, C_Loc: 0.0031, Val. DSC: 99.23, Val. Precision: 99.04, Val. Recall: 99.45, Val. HD95: 14.09, Val. ASSD: 2.23, Val. IPE: 0.05, Val. Mem: 2.81
Epoch 137 - Loss: 0.0029 - L_BS: 0.0052 - C_Loc: 0.0024 - Beta: 0.10 - Dice: 99.37, Prec: 99.40, Rec: 99.58, HD95: 2.22, ASSD: 0.50, IPE: 0.08, Mem: 10.40
Val. Loss: 0.0033, L_BS: 0.0046, C_Loc: 0.0030, Val. DSC: 99.23, Val. Precision: 99.06, Val. Recall: 99.42, Val. HD95: 13.51, Val. ASSD: 2.33, Val. IPE: 0.05, Val. Mem: 2.81
Early stopping triggered!
Testing on easy samples
Testing on easy samplesTesting on easy samples

Testing on easy samples
Te. Loss: 0.0029 | L_BS: 0.0038 | C_Loc: 0.0026 | Beta: 0.10 | DSC: 99.43% | Precision: 99.50% | Recall: 99.37% | HD95: 5.04 px | ASSD: 0.89 px | IPE: 0.91 s/b | Mem: 5.14 GB/b | FLOPs: 218.10 G/b
[Tue 19 May 2026 13:46:01 -05] Training complete.
