[Wed 20 May 2026 09:06:02 -05] Starting training on compute-0-1.hpc.cedia.edu.ec...
Epoch 1 - Loss: 0.2460 - L_BS: 0.2428 - C_Loc: 0.2492 - Beta: 0.10 - Dice: 54.87, Prec: 58.60, Rec: 64.63, HD95: 154.39, ASSD: 41.01, IPE: 0.29, Mem: 10.86
Val. Loss: 0.1872, L_BS: 0.1828, C_Loc: 0.1915, Val. DSC: 57.89, Val. Precision: 71.97, Val. Recall: 57.50, Val. HD95: 118.98, Val. ASSD: 35.67, Val. IPE: 1.44, Val. Mem: 6.42
Model saved successfully!
Model saved successfully!
Model saved successfully!
Model saved successfully!
Epoch 2 - Loss: 0.1632 - L_BS: 0.1558 - C_Loc: 0.1706 - Beta: 0.10 - Dice: 65.38, Prec: 68.97, Rec: 70.79, HD95: 110.34, ASSD: 30.41, IPE: 0.11, Mem: 10.40
Val. Loss: 0.2123, L_BS: 0.1822, C_Loc: 0.2423, Val. DSC: 59.99, Val. Precision: 58.58, Val. Recall: 72.84, Val. HD95: 129.32, Val. ASSD: 41.81, Val. IPE: 0.05, Val. Mem: 2.81
Epoch 3 - Loss: 0.1354 - L_BS: 0.1282 - C_Loc: 0.1426 - Beta: 0.10 - Dice: 70.38, Prec: 72.80, Rec: 75.39, HD95: 96.08, ASSD: 27.29, IPE: 0.10, Mem: 10.40
Val. Loss: 0.1338, L_BS: 0.1389, C_Loc: 0.1286, Val. DSC: 69.91, Val. Precision: 77.05, Val. Recall: 69.14, Val. HD95: 93.20, Val. ASSD: 27.03, Val. IPE: 0.05, Val. Mem: 2.81
Model saved successfully!
Model saved successfully!Model saved successfully!

Model saved successfully!
Epoch 4 - Loss: 0.1203 - L_BS: 0.1129 - C_Loc: 0.1278 - Beta: 0.10 - Dice: 72.31, Prec: 73.99, Rec: 77.62, HD95: 92.23, ASSD: 25.66, IPE: 0.10, Mem: 10.40
Val. Loss: 0.1411, L_BS: 0.1070, C_Loc: 0.1753, Val. DSC: 72.65, Val. Precision: 65.25, Val. Recall: 91.63, Val. HD95: 118.90, Val. ASSD: 34.75, Val. IPE: 0.05, Val. Mem: 2.81
Epoch 5 - Loss: 0.1043 - L_BS: 0.0951 - C_Loc: 0.1135 - Beta: 0.10 - Dice: 76.52, Prec: 78.47, Rec: 80.16, HD95: 85.82, ASSD: 23.31, IPE: 0.11, Mem: 10.40
Val. Loss: 0.1004, L_BS: 0.0888, C_Loc: 0.1120, Val. DSC: 77.40, Val. Precision: 74.69, Val. Recall: 85.88, Val. HD95: 94.96, Val. ASSD: 25.65, Val. IPE: 0.05, Val. Mem: 2.81
Model saved successfully!
Model saved successfully!Model saved successfully!

Model saved successfully!
Epoch 6 - Loss: 0.0974 - L_BS: 0.0874 - C_Loc: 0.1075 - Beta: 0.10 - Dice: 78.18, Prec: 80.10, Rec: 81.79, HD95: 81.33, ASSD: 22.08, IPE: 0.11, Mem: 10.40
Val. Loss: 0.0988, L_BS: 0.0872, C_Loc: 0.1104, Val. DSC: 77.27, Val. Precision: 84.72, Val. Recall: 74.97, Val. HD95: 93.39, Val. ASSD: 24.17, Val. IPE: 0.05, Val. Mem: 2.81
Model saved successfully!
Model saved successfully!
Model saved successfully!
Model saved successfully!
Epoch 7 - Loss: 0.0848 - L_BS: 0.0768 - C_Loc: 0.0928 - Beta: 0.10 - Dice: 80.67, Prec: 83.38, Rec: 82.67, HD95: 76.94, ASSD: 19.17, IPE: 0.10, Mem: 10.40
Val. Loss: 0.0763, L_BS: 0.0658, C_Loc: 0.0868, Val. DSC: 82.24, Val. Precision: 82.89, Val. Recall: 85.58, Val. HD95: 76.83, Val. ASSD: 18.63, Val. IPE: 0.05, Val. Mem: 2.81
Model saved successfully!
Model saved successfully!
Model saved successfully!
Model saved successfully!
Epoch 8 - Loss: 0.0803 - L_BS: 0.0712 - C_Loc: 0.0894 - Beta: 0.10 - Dice: 82.05, Prec: 83.60, Rec: 84.91, HD95: 76.79, ASSD: 18.83, IPE: 0.10, Mem: 10.40
Val. Loss: 0.0522, L_BS: 0.0432, C_Loc: 0.0612, Val. DSC: 88.25, Val. Precision: 90.89, Val. Recall: 87.27, Val. HD95: 57.96, Val. ASSD: 13.35, Val. IPE: 0.05, Val. Mem: 2.81
Model saved successfully!
Model saved successfully!Model saved successfully!

Model saved successfully!
Epoch 9 - Loss: 0.0740 - L_BS: 0.0660 - C_Loc: 0.0821 - Beta: 0.10 - Dice: 83.57, Prec: 85.60, Rec: 85.56, HD95: 71.24, ASSD: 16.99, IPE: 0.10, Mem: 10.40
Val. Loss: 0.0544, L_BS: 0.0474, C_Loc: 0.0614, Val. DSC: 87.45, Val. Precision: 87.64, Val. Recall: 89.03, Val. HD95: 81.42, Val. ASSD: 16.54, Val. IPE: 0.05, Val. Mem: 2.81
Epoch 10 - Loss: 0.0635 - L_BS: 0.0571 - C_Loc: 0.0700 - Beta: 0.10 - Dice: 85.52, Prec: 86.73, Rec: 87.29, HD95: 73.87, ASSD: 16.34, IPE: 0.10, Mem: 10.40
Val. Loss: 0.0621, L_BS: 0.0489, C_Loc: 0.0753, Val. DSC: 86.21, Val. Precision: 93.86, Val. Recall: 81.27, Val. HD95: 56.18, Val. ASSD: 13.22, Val. IPE: 0.05, Val. Mem: 2.81
Epoch 11 - Loss: 0.0574 - L_BS: 0.0510 - C_Loc: 0.0639 - Beta: 0.10 - Dice: 86.82, Prec: 87.62, Rec: 88.76, HD95: 67.38, ASSD: 14.85, IPE: 0.10, Mem: 10.40
Val. Loss: 0.0429, L_BS: 0.0369, C_Loc: 0.0489, Val. DSC: 90.01, Val. Precision: 92.96, Val. Recall: 87.92, Val. HD95: 60.16, Val. ASSD: 11.79, Val. IPE: 0.05, Val. Mem: 2.81
Model saved successfully!
Model saved successfully!Model saved successfully!

Model saved successfully!
Epoch 12 - Loss: 0.0565 - L_BS: 0.0525 - C_Loc: 0.0604 - Beta: 0.10 - Dice: 87.28, Prec: 88.30, Rec: 89.04, HD95: 69.61, ASSD: 14.81, IPE: 0.10, Mem: 10.40
Val. Loss: 0.0543, L_BS: 0.0439, C_Loc: 0.0648, Val. DSC: 87.67, Val. Precision: 84.07, Val. Recall: 93.46, Val. HD95: 74.37, Val. ASSD: 16.79, Val. IPE: 0.05, Val. Mem: 2.81
Epoch 13 - Loss: 0.0537 - L_BS: 0.0494 - C_Loc: 0.0580 - Beta: 0.10 - Dice: 87.91, Prec: 89.41, Rec: 88.98, HD95: 63.06, ASSD: 13.54, IPE: 0.10, Mem: 10.40
Val. Loss: 0.0509, L_BS: 0.0428, C_Loc: 0.0590, Val. DSC: 88.69, Val. Precision: 94.82, Val. Recall: 84.92, Val. HD95: 88.52, Val. ASSD: 15.80, Val. IPE: 0.05, Val. Mem: 2.81
Epoch 14 - Loss: 0.0458 - L_BS: 0.0405 - C_Loc: 0.0511 - Beta: 0.10 - Dice: 89.72, Prec: 90.81, Rec: 90.40, HD95: 61.45, ASSD: 12.44, IPE: 0.10, Mem: 10.40
Val. Loss: 0.0413, L_BS: 0.0346, C_Loc: 0.0481, Val. DSC: 90.86, Val. Precision: 86.01, Val. Recall: 97.68, Val. HD95: 76.03, Val. ASSD: 14.96, Val. IPE: 0.05, Val. Mem: 2.81
Model saved successfully!
Model saved successfully!Model saved successfully!

Model saved successfully!
Epoch 15 - Loss: 0.0434 - L_BS: 0.0378 - C_Loc: 0.0489 - Beta: 0.10 - Dice: 90.59, Prec: 91.22, Rec: 91.84, HD95: 57.45, ASSD: 11.90, IPE: 0.10, Mem: 10.40
Val. Loss: 0.0317, L_BS: 0.0281, C_Loc: 0.0353, Val. DSC: 92.76, Val. Precision: 96.15, Val. Recall: 90.23, Val. HD95: 38.78, Val. ASSD: 8.88, Val. IPE: 0.05, Val. Mem: 2.81
Model saved successfully!
Model saved successfully!Model saved successfully!

Model saved successfully!
Epoch 16 - Loss: 0.0375 - L_BS: 0.0333 - C_Loc: 0.0417 - Beta: 0.10 - Dice: 91.85, Prec: 92.60, Rec: 92.61, HD95: 55.50, ASSD: 10.64, IPE: 0.10, Mem: 10.40
Val. Loss: 0.0220, L_BS: 0.0210, C_Loc: 0.0231, Val. DSC: 95.06, Val. Precision: 94.72, Val. Recall: 95.65, Val. HD95: 41.20, Val. ASSD: 6.89, Val. IPE: 0.05, Val. Mem: 2.81
Model saved successfully!
Model saved successfully!
Model saved successfully!
Model saved successfully!
Epoch 17 - Loss: 0.0337 - L_BS: 0.0319 - C_Loc: 0.0356 - Beta: 0.10 - Dice: 92.87, Prec: 93.59, Rec: 93.58, HD95: 52.16, ASSD: 9.82, IPE: 0.11, Mem: 10.40
Val. Loss: 0.0264, L_BS: 0.0237, C_Loc: 0.0291, Val. DSC: 94.09, Val. Precision: 92.83, Val. Recall: 96.26, Val. HD95: 55.95, Val. ASSD: 9.44, Val. IPE: 0.05, Val. Mem: 2.81
Epoch 18 - Loss: 0.0339 - L_BS: 0.0310 - C_Loc: 0.0369 - Beta: 0.10 - Dice: 92.73, Prec: 93.36, Rec: 93.53, HD95: 49.87, ASSD: 9.65, IPE: 0.10, Mem: 10.40
Val. Loss: 0.0232, L_BS: 0.0225, C_Loc: 0.0238, Val. DSC: 94.52, Val. Precision: 94.34, Val. Recall: 95.26, Val. HD95: 37.80, Val. ASSD: 7.06, Val. IPE: 0.05, Val. Mem: 2.81
Epoch 19 - Loss: 0.0316 - L_BS: 0.0283 - C_Loc: 0.0350 - Beta: 0.10 - Dice: 93.46, Prec: 94.14, Rec: 94.13, HD95: 44.89, ASSD: 8.61, IPE: 0.10, Mem: 10.40
Val. Loss: 0.0230, L_BS: 0.0207, C_Loc: 0.0254, Val. DSC: 94.94, Val. Precision: 98.16, Val. Recall: 92.59, Val. HD95: 34.07, Val. ASSD: 5.81, Val. IPE: 0.05, Val. Mem: 2.81
Epoch 20 - Loss: 0.0263 - L_BS: 0.0230 - C_Loc: 0.0296 - Beta: 0.10 - Dice: 94.55, Prec: 94.89, Rec: 95.13, HD95: 45.74, ASSD: 8.45, IPE: 0.11, Mem: 10.40
Val. Loss: 0.0175, L_BS: 0.0154, C_Loc: 0.0195, Val. DSC: 96.46, Val. Precision: 97.61, Val. Recall: 95.58, Val. HD95: 33.57, Val. ASSD: 5.91, Val. IPE: 0.05, Val. Mem: 2.81
Model saved successfully!
Model saved successfully!
Model saved successfully!
Model saved successfully!
Epoch 21 - Loss: 0.0244 - L_BS: 0.0246 - C_Loc: 0.0241 - Beta: 0.10 - Dice: 94.89, Prec: 95.13, Rec: 95.80, HD95: 45.75, ASSD: 7.86, IPE: 0.10, Mem: 10.40
Val. Loss: 0.0157, L_BS: 0.0156, C_Loc: 0.0158, Val. DSC: 96.58, Val. Precision: 95.63, Val. Recall: 97.82, Val. HD95: 60.04, Val. ASSD: 9.91, Val. IPE: 0.05, Val. Mem: 2.81
Model saved successfully!
Model saved successfully!Model saved successfully!

Model saved successfully!
Epoch 22 - Loss: 0.0199 - L_BS: 0.0197 - C_Loc: 0.0202 - Beta: 0.10 - Dice: 95.99, Prec: 96.10, Rec: 96.68, HD95: 39.93, ASSD: 6.76, IPE: 0.09, Mem: 10.40
Val. Loss: 0.0158, L_BS: 0.0138, C_Loc: 0.0179, Val. DSC: 96.74, Val. Precision: 95.69, Val. Recall: 98.09, Val. HD95: 43.78, Val. ASSD: 7.05, Val. IPE: 0.05, Val. Mem: 2.81
Epoch 23 - Loss: 0.0241 - L_BS: 0.0237 - C_Loc: 0.0244 - Beta: 0.10 - Dice: 94.96, Prec: 95.54, Rec: 95.44, HD95: 39.99, ASSD: 7.28, IPE: 0.10, Mem: 10.40
Val. Loss: 0.0216, L_BS: 0.0198, C_Loc: 0.0233, Val. DSC: 95.08, Val. Precision: 94.55, Val. Recall: 96.28, Val. HD95: 51.28, Val. ASSD: 8.89, Val. IPE: 0.05, Val. Mem: 2.81
Epoch 24 - Loss: 0.0251 - L_BS: 0.0245 - C_Loc: 0.0258 - Beta: 0.10 - Dice: 94.80, Prec: 95.12, Rec: 95.68, HD95: 44.38, ASSD: 7.82, IPE: 0.10, Mem: 10.40
Val. Loss: 0.0150, L_BS: 0.0130, C_Loc: 0.0170, Val. DSC: 96.99, Val. Precision: 97.86, Val. Recall: 96.31, Val. HD95: 40.72, Val. ASSD: 5.84, Val. IPE: 0.05, Val. Mem: 2.81
Model saved successfully!
Model saved successfully!Model saved successfully!

Model saved successfully!
Epoch 25 - Loss: 0.0172 - L_BS: 0.0161 - C_Loc: 0.0182 - Beta: 0.10 - Dice: 96.34, Prec: 96.74, Rec: 96.47, HD95: 35.66, ASSD: 6.24, IPE: 0.10, Mem: 10.40
Val. Loss: 0.0124, L_BS: 0.0117, C_Loc: 0.0131, Val. DSC: 97.35, Val. Precision: 97.73, Val. Recall: 97.18, Val. HD95: 26.63, Val. ASSD: 4.27, Val. IPE: 0.05, Val. Mem: 2.81
Model saved successfully!
Model saved successfully!
Model saved successfully!
Model saved successfully!
Epoch 26 - Loss: 0.0205 - L_BS: 0.0192 - C_Loc: 0.0218 - Beta: 0.10 - Dice: 95.82, Prec: 96.14, Rec: 96.38, HD95: 41.52, ASSD: 7.08, IPE: 0.10, Mem: 10.40
Val. Loss: 0.0129, L_BS: 0.0110, C_Loc: 0.0148, Val. DSC: 97.42, Val. Precision: 97.24, Val. Recall: 97.76, Val. HD95: 27.54, Val. ASSD: 4.71, Val. IPE: 0.05, Val. Mem: 2.81
Epoch 27 - Loss: 0.0204 - L_BS: 0.0185 - C_Loc: 0.0223 - Beta: 0.10 - Dice: 95.84, Prec: 96.20, Rec: 96.29, HD95: 37.61, ASSD: 6.82, IPE: 0.10, Mem: 10.40
Val. Loss: 0.0148, L_BS: 0.0131, C_Loc: 0.0165, Val. DSC: 97.03, Val. Precision: 98.48, Val. Recall: 95.83, Val. HD95: 37.41, Val. ASSD: 5.19, Val. IPE: 0.05, Val. Mem: 2.81
Epoch 28 - Loss: 0.0207 - L_BS: 0.0197 - C_Loc: 0.0216 - Beta: 0.10 - Dice: 95.76, Prec: 96.15, Rec: 96.30, HD95: 42.13, ASSD: 7.20, IPE: 0.10, Mem: 10.40
Val. Loss: 0.0103, L_BS: 0.0092, C_Loc: 0.0114, Val. DSC: 97.99, Val. Precision: 98.27, Val. Recall: 97.85, Val. HD95: 28.80, Val. ASSD: 4.01, Val. IPE: 0.05, Val. Mem: 2.81
Model saved successfully!
Model saved successfully!Model saved successfully!

Model saved successfully!
Epoch 29 - Loss: 0.0166 - L_BS: 0.0161 - C_Loc: 0.0171 - Beta: 0.10 - Dice: 96.61, Prec: 96.66, Rec: 97.21, HD95: 31.49, ASSD: 5.49, IPE: 0.10, Mem: 10.40
Val. Loss: 0.0117, L_BS: 0.0097, C_Loc: 0.0137, Val. DSC: 97.80, Val. Precision: 98.93, Val. Recall: 96.86, Val. HD95: 17.96, Val. ASSD: 3.07, Val. IPE: 0.05, Val. Mem: 2.81
Epoch 30 - Loss: 0.0127 - L_BS: 0.0117 - C_Loc: 0.0137 - Beta: 0.10 - Dice: 97.42, Prec: 97.42, Rec: 97.72, HD95: 29.65, ASSD: 4.99, IPE: 0.09, Mem: 10.40
Val. Loss: 0.0130, L_BS: 0.0117, C_Loc: 0.0144, Val. DSC: 97.34, Val. Precision: 95.98, Val. Recall: 99.07, Val. HD95: 56.32, Val. ASSD: 8.21, Val. IPE: 0.05, Val. Mem: 2.81
Epoch 31 - Loss: 0.0179 - L_BS: 0.0192 - C_Loc: 0.0166 - Beta: 0.10 - Dice: 96.60, Prec: 96.90, Rec: 97.30, HD95: 31.74, ASSD: 5.33, IPE: 0.10, Mem: 10.40
Val. Loss: 0.0080, L_BS: 0.0081, C_Loc: 0.0080, Val. DSC: 98.35, Val. Precision: 98.68, Val. Recall: 98.15, Val. HD95: 16.12, Val. ASSD: 2.44, Val. IPE: 0.05, Val. Mem: 2.81
Model saved successfully!
Model saved successfully!
Model saved successfully!
Model saved successfully!
Epoch 32 - Loss: 0.0147 - L_BS: 0.0151 - C_Loc: 0.0142 - Beta: 0.10 - Dice: 97.11, Prec: 97.45, Rec: 97.39, HD95: 28.94, ASSD: 4.66, IPE: 0.09, Mem: 10.40
Val. Loss: 0.0075, L_BS: 0.0081, C_Loc: 0.0069, Val. DSC: 98.36, Val. Precision: 98.77, Val. Recall: 98.06, Val. HD95: 13.14, Val. ASSD: 2.29, Val. IPE: 0.05, Val. Mem: 2.81
Model saved successfully!
Model saved successfully!
Model saved successfully!
Model saved successfully!
Epoch 33 - Loss: 0.0142 - L_BS: 0.0146 - C_Loc: 0.0138 - Beta: 0.10 - Dice: 97.33, Prec: 97.57, Rec: 97.72, HD95: 28.20, ASSD: 4.74, IPE: 0.09, Mem: 10.40
Val. Loss: 0.0090, L_BS: 0.0095, C_Loc: 0.0085, Val. DSC: 98.01, Val. Precision: 98.21, Val. Recall: 98.17, Val. HD95: 18.68, Val. ASSD: 2.69, Val. IPE: 0.05, Val. Mem: 2.81
Epoch 34 - Loss: 0.0112 - L_BS: 0.0114 - C_Loc: 0.0111 - Beta: 0.10 - Dice: 97.80, Prec: 97.77, Rec: 98.24, HD95: 23.52, ASSD: 4.01, IPE: 0.09, Mem: 10.40
Val. Loss: 0.0097, L_BS: 0.0098, C_Loc: 0.0096, Val. DSC: 97.89, Val. Precision: 98.35, Val. Recall: 97.74, Val. HD95: 21.51, Val. ASSD: 3.89, Val. IPE: 0.05, Val. Mem: 2.81
Epoch 35 - Loss: 0.0133 - L_BS: 0.0132 - C_Loc: 0.0133 - Beta: 0.10 - Dice: 97.27, Prec: 97.69, Rec: 97.38, HD95: 27.73, ASSD: 4.74, IPE: 0.09, Mem: 10.40
Val. Loss: 0.0121, L_BS: 0.0132, C_Loc: 0.0109, Val. DSC: 97.27, Val. Precision: 98.59, Val. Recall: 96.48, Val. HD95: 18.50, Val. ASSD: 3.27, Val. IPE: 0.05, Val. Mem: 2.81
Epoch 36 - Loss: 0.0146 - L_BS: 0.0147 - C_Loc: 0.0145 - Beta: 0.10 - Dice: 97.16, Prec: 97.30, Rec: 97.65, HD95: 29.17, ASSD: 4.76, IPE: 0.09, Mem: 10.40
Val. Loss: 0.0083, L_BS: 0.0080, C_Loc: 0.0086, Val. DSC: 98.33, Val. Precision: 98.21, Val. Recall: 98.56, Val. HD95: 28.21, Val. ASSD: 4.22, Val. IPE: 0.05, Val. Mem: 2.81
Epoch 37 - Loss: 0.0129 - L_BS: 0.0135 - C_Loc: 0.0124 - Beta: 0.10 - Dice: 97.51, Prec: 97.62, Rec: 98.03, HD95: 26.43, ASSD: 4.50, IPE: 0.09, Mem: 10.40
Val. Loss: 0.0067, L_BS: 0.0070, C_Loc: 0.0064, Val. DSC: 98.62, Val. Precision: 98.45, Val. Recall: 98.88, Val. HD95: 30.59, Val. ASSD: 3.60, Val. IPE: 0.05, Val. Mem: 2.81
Model saved successfully!
Model saved successfully!
Model saved successfully!
Model saved successfully!
Epoch 38 - Loss: 0.0086 - L_BS: 0.0083 - C_Loc: 0.0088 - Beta: 0.10 - Dice: 98.32, Prec: 98.35, Rec: 98.44, HD95: 22.52, ASSD: 3.59, IPE: 0.09, Mem: 10.40
Val. Loss: 0.0053, L_BS: 0.0059, C_Loc: 0.0047, Val. DSC: 98.91, Val. Precision: 99.00, Val. Recall: 98.88, Val. HD95: 13.52, Val. ASSD: 2.26, Val. IPE: 0.05, Val. Mem: 2.81
Model saved successfully!
Model saved successfully!Model saved successfully!

Model saved successfully!
Epoch 39 - Loss: 0.0145 - L_BS: 0.0162 - C_Loc: 0.0127 - Beta: 0.10 - Dice: 97.10, Prec: 97.25, Rec: 97.60, HD95: 36.53, ASSD: 5.88, IPE: 0.10, Mem: 10.40
Val. Loss: 0.0086, L_BS: 0.0089, C_Loc: 0.0082, Val. DSC: 98.28, Val. Precision: 98.90, Val. Recall: 97.85, Val. HD95: 18.88, Val. ASSD: 2.40, Val. IPE: 0.05, Val. Mem: 2.81
Epoch 40 - Loss: 0.0123 - L_BS: 0.0132 - C_Loc: 0.0114 - Beta: 0.10 - Dice: 97.71, Prec: 97.65, Rec: 98.35, HD95: 26.13, ASSD: 4.06, IPE: 0.09, Mem: 10.40
Val. Loss: 0.0075, L_BS: 0.0076, C_Loc: 0.0074, Val. DSC: 98.46, Val. Precision: 98.27, Val. Recall: 98.77, Val. HD95: 27.64, Val. ASSD: 4.32, Val. IPE: 0.05, Val. Mem: 2.81
Epoch 41 - Loss: 0.0126 - L_BS: 0.0122 - C_Loc: 0.0129 - Beta: 0.10 - Dice: 97.60, Prec: 97.71, Rec: 98.05, HD95: 23.68, ASSD: 4.10, IPE: 0.09, Mem: 10.40
Val. Loss: 0.0074, L_BS: 0.0081, C_Loc: 0.0067, Val. DSC: 98.37, Val. Precision: 99.03, Val. Recall: 97.89, Val. HD95: 14.79, Val. ASSD: 2.84, Val. IPE: 0.05, Val. Mem: 2.81
Epoch 42 - Loss: 0.0135 - L_BS: 0.0151 - C_Loc: 0.0119 - Beta: 0.10 - Dice: 97.41, Prec: 97.67, Rec: 98.03, HD95: 20.96, ASSD: 3.73, IPE: 0.09, Mem: 10.40
Val. Loss: 0.0076, L_BS: 0.0077, C_Loc: 0.0074, Val. DSC: 98.48, Val. Precision: 98.33, Val. Recall: 98.72, Val. HD95: 25.02, Val. ASSD: 3.77, Val. IPE: 0.05, Val. Mem: 2.81
Epoch 43 - Loss: 0.0168 - L_BS: 0.0165 - C_Loc: 0.0171 - Beta: 0.10 - Dice: 96.75, Prec: 96.92, Rec: 97.37, HD95: 34.77, ASSD: 5.65, IPE: 0.10, Mem: 10.40
Val. Loss: 0.0108, L_BS: 0.0098, C_Loc: 0.0118, Val. DSC: 97.84, Val. Precision: 98.03, Val. Recall: 97.82, Val. HD95: 27.09, Val. ASSD: 3.76, Val. IPE: 0.05, Val. Mem: 2.81
Epoch 44 - Loss: 0.0147 - L_BS: 0.0136 - C_Loc: 0.0158 - Beta: 0.10 - Dice: 97.10, Prec: 97.32, Rec: 97.51, HD95: 28.61, ASSD: 4.92, IPE: 0.09, Mem: 10.40
Val. Loss: 0.0099, L_BS: 0.0093, C_Loc: 0.0105, Val. DSC: 97.96, Val. Precision: 99.31, Val. Recall: 96.91, Val. HD95: 13.94, Val. ASSD: 2.36, Val. IPE: 0.05, Val. Mem: 2.81
Epoch 45 - Loss: 0.0102 - L_BS: 0.0116 - C_Loc: 0.0089 - Beta: 0.10 - Dice: 98.08, Prec: 98.07, Rec: 98.65, HD95: 20.44, ASSD: 3.08, IPE: 0.09, Mem: 10.40
Val. Loss: 0.0053, L_BS: 0.0054, C_Loc: 0.0052, Val. DSC: 99.02, Val. Precision: 98.70, Val. Recall: 99.37, Val. HD95: 17.65, Val. ASSD: 2.17, Val. IPE: 0.05, Val. Mem: 2.81
Model saved successfully!
Model saved successfully!
Model saved successfully!
Model saved successfully!
Epoch 46 - Loss: 0.0120 - L_BS: 0.0126 - C_Loc: 0.0113 - Beta: 0.10 - Dice: 97.63, Prec: 97.93, Rec: 97.96, HD95: 23.73, ASSD: 3.90, IPE: 0.09, Mem: 10.40
Val. Loss: 0.0056, L_BS: 0.0061, C_Loc: 0.0050, Val. DSC: 98.90, Val. Precision: 98.74, Val. Recall: 99.15, Val. HD95: 21.04, Val. ASSD: 2.81, Val. IPE: 0.05, Val. Mem: 2.81
Epoch 47 - Loss: 0.0079 - L_BS: 0.0084 - C_Loc: 0.0074 - Beta: 0.10 - Dice: 98.55, Prec: 98.64, Rec: 98.73, HD95: 15.81, ASSD: 2.67, IPE: 0.09, Mem: 10.40
Val. Loss: 0.0060, L_BS: 0.0062, C_Loc: 0.0058, Val. DSC: 98.81, Val. Precision: 98.46, Val. Recall: 99.26, Val. HD95: 24.11, Val. ASSD: 3.13, Val. IPE: 0.05, Val. Mem: 2.81
Epoch 48 - Loss: 0.0082 - L_BS: 0.0088 - C_Loc: 0.0076 - Beta: 0.10 - Dice: 98.50, Prec: 98.51, Rec: 98.86, HD95: 14.55, ASSD: 2.45, IPE: 0.09, Mem: 10.40
Val. Loss: 0.0052, L_BS: 0.0058, C_Loc: 0.0046, Val. DSC: 98.94, Val. Precision: 99.27, Val. Recall: 98.72, Val. HD95: 7.41, Val. ASSD: 1.48, Val. IPE: 0.05, Val. Mem: 2.81
Model saved successfully!
Model saved successfully!Model saved successfully!

Model saved successfully!
Epoch 49 - Loss: 0.0069 - L_BS: 0.0080 - C_Loc: 0.0059 - Beta: 0.10 - Dice: 98.72, Prec: 98.76, Rec: 98.96, HD95: 13.80, ASSD: 2.29, IPE: 0.09, Mem: 10.40
Val. Loss: 0.0045, L_BS: 0.0053, C_Loc: 0.0037, Val. DSC: 99.01, Val. Precision: 99.29, Val. Recall: 98.88, Val. HD95: 8.77, Val. ASSD: 1.48, Val. IPE: 0.05, Val. Mem: 2.81
Model saved successfully!
Model saved successfully!
Model saved successfully!
Model saved successfully!
Epoch 50 - Loss: 0.0092 - L_BS: 0.0101 - C_Loc: 0.0083 - Beta: 0.10 - Dice: 98.36, Prec: 98.43, Rec: 98.77, HD95: 15.77, ASSD: 2.66, IPE: 0.09, Mem: 10.40
Val. Loss: 0.0053, L_BS: 0.0063, C_Loc: 0.0044, Val. DSC: 98.81, Val. Precision: 99.23, Val. Recall: 98.58, Val. HD95: 12.36, Val. ASSD: 1.63, Val. IPE: 0.05, Val. Mem: 2.81
Epoch 51 - Loss: 0.0070 - L_BS: 0.0079 - C_Loc: 0.0060 - Beta: 0.10 - Dice: 98.73, Prec: 98.70, Rec: 99.06, HD95: 13.09, ASSD: 2.24, IPE: 0.09, Mem: 10.40
Val. Loss: 0.0043, L_BS: 0.0053, C_Loc: 0.0034, Val. DSC: 99.05, Val. Precision: 99.34, Val. Recall: 98.88, Val. HD95: 9.29, Val. ASSD: 1.52, Val. IPE: 0.05, Val. Mem: 2.81
Model saved successfully!
Model saved successfully!Model saved successfully!

Model saved successfully!
Epoch 52 - Loss: 0.0072 - L_BS: 0.0082 - C_Loc: 0.0062 - Beta: 0.10 - Dice: 98.69, Prec: 98.74, Rec: 99.03, HD95: 11.14, ASSD: 1.95, IPE: 0.09, Mem: 10.40
Val. Loss: 0.0045, L_BS: 0.0051, C_Loc: 0.0039, Val. DSC: 99.11, Val. Precision: 98.85, Val. Recall: 99.40, Val. HD95: 21.94, Val. ASSD: 2.76, Val. IPE: 0.05, Val. Mem: 2.81
Epoch 53 - Loss: 0.0087 - L_BS: 0.0093 - C_Loc: 0.0081 - Beta: 0.10 - Dice: 98.43, Prec: 98.51, Rec: 98.79, HD95: 15.41, ASSD: 2.65, IPE: 0.09, Mem: 10.40
Val. Loss: 0.0046, L_BS: 0.0055, C_Loc: 0.0037, Val. DSC: 99.03, Val. Precision: 99.24, Val. Recall: 98.90, Val. HD95: 10.91, Val. ASSD: 2.08, Val. IPE: 0.05, Val. Mem: 2.81
Epoch 54 - Loss: 0.0059 - L_BS: 0.0067 - C_Loc: 0.0051 - Beta: 0.10 - Dice: 98.92, Prec: 98.96, Rec: 99.06, HD95: 13.51, ASSD: 2.26, IPE: 0.09, Mem: 10.40
Val. Loss: 0.0048, L_BS: 0.0056, C_Loc: 0.0039, Val. DSC: 98.95, Val. Precision: 99.12, Val. Recall: 98.86, Val. HD95: 14.84, Val. ASSD: 1.79, Val. IPE: 0.05, Val. Mem: 2.81
Epoch 55 - Loss: 0.0065 - L_BS: 0.0069 - C_Loc: 0.0061 - Beta: 0.10 - Dice: 98.83, Prec: 98.82, Rec: 99.10, HD95: 11.93, ASSD: 2.12, IPE: 0.08, Mem: 10.40
Val. Loss: 0.0050, L_BS: 0.0053, C_Loc: 0.0047, Val. DSC: 99.04, Val. Precision: 98.83, Val. Recall: 99.30, Val. HD95: 11.60, Val. ASSD: 2.22, Val. IPE: 0.05, Val. Mem: 2.81
Epoch 56 - Loss: 0.0076 - L_BS: 0.0089 - C_Loc: 0.0063 - Beta: 0.10 - Dice: 98.67, Prec: 98.70, Rec: 99.04, HD95: 12.68, ASSD: 2.18, IPE: 0.08, Mem: 10.40
Val. Loss: 0.0044, L_BS: 0.0049, C_Loc: 0.0038, Val. DSC: 99.12, Val. Precision: 99.16, Val. Recall: 99.13, Val. HD95: 8.49, Val. ASSD: 1.44, Val. IPE: 0.05, Val. Mem: 2.81
Epoch 57 - Loss: 0.0065 - L_BS: 0.0067 - C_Loc: 0.0064 - Beta: 0.10 - Dice: 98.78, Prec: 98.77, Rec: 99.00, HD95: 13.90, ASSD: 2.44, IPE: 0.09, Mem: 10.40
Val. Loss: 0.0044, L_BS: 0.0052, C_Loc: 0.0035, Val. DSC: 99.07, Val. Precision: 99.30, Val. Recall: 98.93, Val. HD95: 6.02, Val. ASSD: 1.09, Val. IPE: 0.05, Val. Mem: 2.81
Epoch 58 - Loss: 0.0071 - L_BS: 0.0085 - C_Loc: 0.0057 - Beta: 0.10 - Dice: 98.79, Prec: 98.83, Rec: 99.15, HD95: 10.45, ASSD: 1.73, IPE: 0.09, Mem: 10.40
Val. Loss: 0.0038, L_BS: 0.0044, C_Loc: 0.0032, Val. DSC: 99.25, Val. Precision: 99.18, Val. Recall: 99.35, Val. HD95: 9.58, Val. ASSD: 1.62, Val. IPE: 0.05, Val. Mem: 2.81
Model saved successfully!
Model saved successfully!Model saved successfully!

Model saved successfully!
Epoch 59 - Loss: 0.0063 - L_BS: 0.0072 - C_Loc: 0.0053 - Beta: 0.10 - Dice: 98.91, Prec: 98.92, Rec: 99.23, HD95: 10.33, ASSD: 1.72, IPE: 0.08, Mem: 10.40
Val. Loss: 0.0038, L_BS: 0.0045, C_Loc: 0.0032, Val. DSC: 99.20, Val. Precision: 99.26, Val. Recall: 99.21, Val. HD95: 7.47, Val. ASSD: 1.32, Val. IPE: 0.05, Val. Mem: 2.81
Epoch 60 - Loss: 0.0041 - L_BS: 0.0044 - C_Loc: 0.0037 - Beta: 0.10 - Dice: 99.27, Prec: 99.29, Rec: 99.27, HD95: 9.68, ASSD: 1.58, IPE: 0.09, Mem: 10.40
Val. Loss: 0.0037, L_BS: 0.0045, C_Loc: 0.0030, Val. DSC: 99.26, Val. Precision: 99.28, Val. Recall: 99.28, Val. HD95: 7.49, Val. ASSD: 1.24, Val. IPE: 0.05, Val. Mem: 2.81
Model saved successfully!
Model saved successfully!Model saved successfully!

Model saved successfully!
Epoch 61 - Loss: 0.0053 - L_BS: 0.0064 - C_Loc: 0.0042 - Beta: 0.10 - Dice: 99.11, Prec: 99.12, Rec: 99.34, HD95: 8.98, ASSD: 1.52, IPE: 0.08, Mem: 10.40
Val. Loss: 0.0039, L_BS: 0.0047, C_Loc: 0.0032, Val. DSC: 99.19, Val. Precision: 99.23, Val. Recall: 99.22, Val. HD95: 9.85, Val. ASSD: 2.04, Val. IPE: 0.05, Val. Mem: 2.81
Epoch 62 - Loss: 0.0048 - L_BS: 0.0056 - C_Loc: 0.0040 - Beta: 0.10 - Dice: 99.16, Prec: 99.17, Rec: 99.29, HD95: 11.19, ASSD: 1.74, IPE: 0.09, Mem: 10.40
Val. Loss: 0.0036, L_BS: 0.0041, C_Loc: 0.0030, Val. DSC: 99.32, Val. Precision: 99.25, Val. Recall: 99.41, Val. HD95: 8.85, Val. ASSD: 1.58, Val. IPE: 0.05, Val. Mem: 2.81
Model saved successfully!
Model saved successfully!Model saved successfully!

Model saved successfully!
Epoch 63 - Loss: 0.0057 - L_BS: 0.0067 - C_Loc: 0.0048 - Beta: 0.10 - Dice: 99.03, Prec: 99.03, Rec: 99.30, HD95: 9.73, ASSD: 1.68, IPE: 0.09, Mem: 10.40
Val. Loss: 0.0036, L_BS: 0.0042, C_Loc: 0.0031, Val. DSC: 99.31, Val. Precision: 99.13, Val. Recall: 99.52, Val. HD95: 9.39, Val. ASSD: 2.11, Val. IPE: 0.05, Val. Mem: 2.81
Epoch 64 - Loss: 0.0066 - L_BS: 0.0080 - C_Loc: 0.0053 - Beta: 0.10 - Dice: 98.89, Prec: 98.88, Rec: 99.33, HD95: 8.73, ASSD: 1.49, IPE: 0.09, Mem: 10.40
Val. Loss: 0.0037, L_BS: 0.0043, C_Loc: 0.0031, Val. DSC: 99.30, Val. Precision: 99.09, Val. Recall: 99.53, Val. HD95: 10.37, Val. ASSD: 2.28, Val. IPE: 0.05, Val. Mem: 2.81
Epoch 65 - Loss: 0.0053 - L_BS: 0.0061 - C_Loc: 0.0044 - Beta: 0.10 - Dice: 99.03, Prec: 99.12, Rec: 99.14, HD95: 9.52, ASSD: 1.64, IPE: 0.09, Mem: 10.40
Val. Loss: 0.0037, L_BS: 0.0043, C_Loc: 0.0031, Val. DSC: 99.29, Val. Precision: 99.18, Val. Recall: 99.43, Val. HD95: 9.91, Val. ASSD: 1.71, Val. IPE: 0.05, Val. Mem: 2.81
Epoch 66 - Loss: 0.0048 - L_BS: 0.0056 - C_Loc: 0.0040 - Beta: 0.10 - Dice: 99.16, Prec: 99.16, Rec: 99.31, HD95: 8.82, ASSD: 1.53, IPE: 0.09, Mem: 10.40
Val. Loss: 0.0038, L_BS: 0.0044, C_Loc: 0.0031, Val. DSC: 99.28, Val. Precision: 99.13, Val. Recall: 99.46, Val. HD95: 17.94, Val. ASSD: 2.62, Val. IPE: 0.05, Val. Mem: 2.81
Epoch 67 - Loss: 0.0055 - L_BS: 0.0067 - C_Loc: 0.0044 - Beta: 0.10 - Dice: 99.04, Prec: 99.07, Rec: 99.27, HD95: 8.88, ASSD: 1.49, IPE: 0.09, Mem: 10.40
Val. Loss: 0.0041, L_BS: 0.0049, C_Loc: 0.0033, Val. DSC: 99.14, Val. Precision: 99.18, Val. Recall: 99.21, Val. HD95: 8.72, Val. ASSD: 1.78, Val. IPE: 0.05, Val. Mem: 2.81
Epoch 68 - Loss: 0.0070 - L_BS: 0.0085 - C_Loc: 0.0054 - Beta: 0.10 - Dice: 98.81, Prec: 98.85, Rec: 99.27, HD95: 8.29, ASSD: 1.46, IPE: 0.08, Mem: 10.40
Val. Loss: 0.0039, L_BS: 0.0045, C_Loc: 0.0034, Val. DSC: 99.24, Val. Precision: 99.30, Val. Recall: 99.22, Val. HD95: 8.57, Val. ASSD: 1.55, Val. IPE: 0.05, Val. Mem: 2.81
Epoch 69 - Loss: 0.0056 - L_BS: 0.0063 - C_Loc: 0.0049 - Beta: 0.10 - Dice: 98.95, Prec: 98.99, Rec: 99.12, HD95: 13.74, ASSD: 2.35, IPE: 0.09, Mem: 10.40
Val. Loss: 0.0036, L_BS: 0.0042, C_Loc: 0.0031, Val. DSC: 99.31, Val. Precision: 99.17, Val. Recall: 99.47, Val. HD95: 8.74, Val. ASSD: 1.52, Val. IPE: 0.05, Val. Mem: 2.81
Epoch 70 - Loss: 0.0044 - L_BS: 0.0053 - C_Loc: 0.0035 - Beta: 0.10 - Dice: 99.24, Prec: 99.31, Rec: 99.30, HD95: 7.57, ASSD: 1.31, IPE: 0.08, Mem: 10.40
Val. Loss: 0.0037, L_BS: 0.0042, C_Loc: 0.0031, Val. DSC: 99.26, Val. Precision: 99.27, Val. Recall: 99.31, Val. HD95: 5.50, Val. ASSD: 1.19, Val. IPE: 0.05, Val. Mem: 2.81
Epoch 71 - Loss: 0.0054 - L_BS: 0.0066 - C_Loc: 0.0043 - Beta: 0.10 - Dice: 99.07, Prec: 99.05, Rec: 99.39, HD95: 8.02, ASSD: 1.35, IPE: 0.08, Mem: 10.40
Val. Loss: 0.0036, L_BS: 0.0041, C_Loc: 0.0030, Val. DSC: 99.31, Val. Precision: 99.17, Val. Recall: 99.48, Val. HD95: 8.68, Val. ASSD: 1.47, Val. IPE: 0.05, Val. Mem: 2.81
Model saved successfully!
Model saved successfully!Model saved successfully!

Model saved successfully!
Epoch 72 - Loss: 0.0053 - L_BS: 0.0065 - C_Loc: 0.0041 - Beta: 0.10 - Dice: 99.07, Prec: 99.06, Rec: 99.36, HD95: 8.69, ASSD: 1.48, IPE: 0.08, Mem: 10.40
Val. Loss: 0.0035, L_BS: 0.0041, C_Loc: 0.0029, Val. DSC: 99.32, Val. Precision: 99.20, Val. Recall: 99.46, Val. HD95: 13.83, Val. ASSD: 1.73, Val. IPE: 0.05, Val. Mem: 2.81
Model saved successfully!
Model saved successfully!Model saved successfully!

Model saved successfully!
Epoch 73 - Loss: 0.0061 - L_BS: 0.0069 - C_Loc: 0.0053 - Beta: 0.10 - Dice: 98.96, Prec: 99.04, Rec: 99.21, HD95: 8.40, ASSD: 1.43, IPE: 0.09, Mem: 10.40
Val. Loss: 0.0044, L_BS: 0.0047, C_Loc: 0.0040, Val. DSC: 99.10, Val. Precision: 99.33, Val. Recall: 98.96, Val. HD95: 6.14, Val. ASSD: 1.18, Val. IPE: 0.05, Val. Mem: 2.81
Epoch 74 - Loss: 0.0052 - L_BS: 0.0065 - C_Loc: 0.0040 - Beta: 0.10 - Dice: 99.10, Prec: 99.12, Rec: 99.36, HD95: 8.59, ASSD: 1.47, IPE: 0.08, Mem: 10.40
Val. Loss: 0.0038, L_BS: 0.0044, C_Loc: 0.0033, Val. DSC: 99.23, Val. Precision: 99.25, Val. Recall: 99.26, Val. HD95: 9.63, Val. ASSD: 1.32, Val. IPE: 0.05, Val. Mem: 2.81
Epoch 75 - Loss: 0.0041 - L_BS: 0.0050 - C_Loc: 0.0032 - Beta: 0.10 - Dice: 99.30, Prec: 99.30, Rec: 99.41, HD95: 7.85, ASSD: 1.26, IPE: 0.08, Mem: 10.40
Val. Loss: 0.0037, L_BS: 0.0044, C_Loc: 0.0031, Val. DSC: 99.24, Val. Precision: 99.20, Val. Recall: 99.33, Val. HD95: 8.68, Val. ASSD: 1.25, Val. IPE: 0.05, Val. Mem: 2.81
Epoch 76 - Loss: 0.0063 - L_BS: 0.0084 - C_Loc: 0.0042 - Beta: 0.10 - Dice: 98.97, Prec: 99.01, Rec: 99.39, HD95: 5.72, ASSD: 1.06, IPE: 0.08, Mem: 10.40
Val. Loss: 0.0037, L_BS: 0.0044, C_Loc: 0.0029, Val. DSC: 99.22, Val. Precision: 99.20, Val. Recall: 99.30, Val. HD95: 8.33, Val. ASSD: 1.25, Val. IPE: 0.05, Val. Mem: 2.81
Epoch 77 - Loss: 0.0039 - L_BS: 0.0042 - C_Loc: 0.0035 - Beta: 0.10 - Dice: 99.30, Prec: 99.28, Rec: 99.40, HD95: 7.27, ASSD: 1.18, IPE: 0.09, Mem: 10.40
Val. Loss: 0.0036, L_BS: 0.0043, C_Loc: 0.0030, Val. DSC: 99.26, Val. Precision: 99.24, Val. Recall: 99.32, Val. HD95: 5.50, Val. ASSD: 0.97, Val. IPE: 0.05, Val. Mem: 2.81
Epoch 78 - Loss: 0.0051 - L_BS: 0.0063 - C_Loc: 0.0040 - Beta: 0.10 - Dice: 99.14, Prec: 99.13, Rec: 99.40, HD95: 7.40, ASSD: 1.33, IPE: 0.09, Mem: 10.40
Val. Loss: 0.0036, L_BS: 0.0043, C_Loc: 0.0029, Val. DSC: 99.27, Val. Precision: 99.24, Val. Recall: 99.35, Val. HD95: 8.40, Val. ASSD: 1.18, Val. IPE: 0.05, Val. Mem: 2.81
Epoch 79 - Loss: 0.0045 - L_BS: 0.0052 - C_Loc: 0.0038 - Beta: 0.10 - Dice: 99.23, Prec: 99.21, Rec: 99.42, HD95: 6.73, ASSD: 1.16, IPE: 0.08, Mem: 10.40
Val. Loss: 0.0034, L_BS: 0.0041, C_Loc: 0.0027, Val. DSC: 99.33, Val. Precision: 99.30, Val. Recall: 99.38, Val. HD95: 3.61, Val. ASSD: 0.97, Val. IPE: 0.05, Val. Mem: 2.81
Model saved successfully!
Model saved successfully!
Model saved successfully!
Model saved successfully!
Epoch 80 - Loss: 0.0047 - L_BS: 0.0060 - C_Loc: 0.0035 - Beta: 0.10 - Dice: 99.20, Prec: 99.20, Rec: 99.47, HD95: 5.34, ASSD: 1.01, IPE: 0.08, Mem: 10.40
Val. Loss: 0.0036, L_BS: 0.0042, C_Loc: 0.0029, Val. DSC: 99.28, Val. Precision: 99.25, Val. Recall: 99.34, Val. HD95: 6.43, Val. ASSD: 1.12, Val. IPE: 0.05, Val. Mem: 2.81
Epoch 81 - Loss: 0.0055 - L_BS: 0.0071 - C_Loc: 0.0039 - Beta: 0.10 - Dice: 99.09, Prec: 99.12, Rec: 99.43, HD95: 7.25, ASSD: 1.11, IPE: 0.09, Mem: 10.40
Val. Loss: 0.0034, L_BS: 0.0040, C_Loc: 0.0028, Val. DSC: 99.34, Val. Precision: 99.29, Val. Recall: 99.42, Val. HD95: 6.29, Val. ASSD: 1.13, Val. IPE: 0.05, Val. Mem: 2.81
Epoch 82 - Loss: 0.0057 - L_BS: 0.0073 - C_Loc: 0.0040 - Beta: 0.10 - Dice: 99.06, Prec: 99.06, Rec: 99.41, HD95: 6.78, ASSD: 1.21, IPE: 0.08, Mem: 10.40
Val. Loss: 0.0035, L_BS: 0.0041, C_Loc: 0.0028, Val. DSC: 99.29, Val. Precision: 99.29, Val. Recall: 99.34, Val. HD95: 6.25, Val. ASSD: 1.17, Val. IPE: 0.05, Val. Mem: 2.81
Epoch 83 - Loss: 0.0047 - L_BS: 0.0060 - C_Loc: 0.0033 - Beta: 0.10 - Dice: 99.22, Prec: 99.22, Rec: 99.48, HD95: 5.10, ASSD: 0.93, IPE: 0.08, Mem: 10.40
Val. Loss: 0.0034, L_BS: 0.0040, C_Loc: 0.0028, Val. DSC: 99.32, Val. Precision: 99.27, Val. Recall: 99.41, Val. HD95: 6.36, Val. ASSD: 1.20, Val. IPE: 0.05, Val. Mem: 2.81
Epoch 84 - Loss: 0.0042 - L_BS: 0.0051 - C_Loc: 0.0032 - Beta: 0.10 - Dice: 99.26, Prec: 99.28, Rec: 99.39, HD95: 6.86, ASSD: 1.20, IPE: 0.08, Mem: 10.40
Val. Loss: 0.0034, L_BS: 0.0041, C_Loc: 0.0027, Val. DSC: 99.31, Val. Precision: 99.31, Val. Recall: 99.35, Val. HD95: 5.37, Val. ASSD: 0.98, Val. IPE: 0.05, Val. Mem: 2.81
Epoch 85 - Loss: 0.0057 - L_BS: 0.0073 - C_Loc: 0.0042 - Beta: 0.10 - Dice: 99.04, Prec: 99.10, Rec: 99.39, HD95: 6.55, ASSD: 1.11, IPE: 0.08, Mem: 10.40
Val. Loss: 0.0035, L_BS: 0.0043, C_Loc: 0.0028, Val. DSC: 99.27, Val. Precision: 99.32, Val. Recall: 99.28, Val. HD95: 5.31, Val. ASSD: 0.93, Val. IPE: 0.05, Val. Mem: 2.81
Epoch 86 - Loss: 0.0046 - L_BS: 0.0057 - C_Loc: 0.0036 - Beta: 0.10 - Dice: 99.17, Prec: 99.15, Rec: 99.44, HD95: 8.84, ASSD: 1.35, IPE: 0.08, Mem: 10.40
Val. Loss: 0.0034, L_BS: 0.0040, C_Loc: 0.0029, Val. DSC: 99.33, Val. Precision: 99.21, Val. Recall: 99.47, Val. HD95: 5.44, Val. ASSD: 1.14, Val. IPE: 0.05, Val. Mem: 2.81
Epoch 87 - Loss: 0.0049 - L_BS: 0.0061 - C_Loc: 0.0037 - Beta: 0.10 - Dice: 99.17, Prec: 99.20, Rec: 99.39, HD95: 5.41, ASSD: 0.98, IPE: 0.08, Mem: 10.40
Val. Loss: 0.0035, L_BS: 0.0041, C_Loc: 0.0028, Val. DSC: 99.32, Val. Precision: 99.24, Val. Recall: 99.43, Val. HD95: 8.25, Val. ASSD: 1.24, Val. IPE: 0.05, Val. Mem: 2.81
Epoch 88 - Loss: 0.0031 - L_BS: 0.0038 - C_Loc: 0.0024 - Beta: 0.10 - Dice: 99.44, Prec: 99.46, Rec: 99.42, HD95: 6.04, ASSD: 1.06, IPE: 0.08, Mem: 10.40
Val. Loss: 0.0034, L_BS: 0.0040, C_Loc: 0.0028, Val. DSC: 99.33, Val. Precision: 99.22, Val. Recall: 99.48, Val. HD95: 8.30, Val. ASSD: 1.33, Val. IPE: 0.05, Val. Mem: 2.81
Epoch 89 - Loss: 0.0053 - L_BS: 0.0063 - C_Loc: 0.0042 - Beta: 0.10 - Dice: 99.11, Prec: 99.16, Rec: 99.35, HD95: 6.60, ASSD: 1.12, IPE: 0.09, Mem: 10.40
Val. Loss: 0.0034, L_BS: 0.0041, C_Loc: 0.0027, Val. DSC: 99.31, Val. Precision: 99.31, Val. Recall: 99.36, Val. HD95: 7.90, Val. ASSD: 0.99, Val. IPE: 0.05, Val. Mem: 2.81
Early stopping triggered!
Testing on easy samples
Testing on easy samplesTesting on easy samples

Testing on easy samples
Te. Loss: 0.0044 | L_BS: 0.0050 | C_Loc: 0.0039 | Beta: 0.10 | DSC: 99.11% | Precision: 98.99% | Recall: 99.30% | HD95: 9.61 px | ASSD: 1.96 px | IPE: 0.82 s/b | Mem: 5.14 GB/b | FLOPs: 218.10 G/b
[Wed 20 May 2026 09:39:23 -05] Training complete.
