[Wed 20 May 2026 09:50:20 -05] Starting training on compute-0-1.hpc.cedia.edu.ec...
Epoch 1 - Loss: 0.2450 - L_BS: 0.2385 - C_Loc: 0.2548 - Beta: 0.10 - Dice: 56.45, Prec: 57.54, Rec: 68.78, HD95: 156.72, ASSD: 42.07, IPE: 0.45, Mem: 10.87
Val. Loss: 0.2984, L_BS: 0.2220, C_Loc: 0.4131, Val. DSC: 52.15, Val. Precision: 40.26, Val. Recall: 90.62, Val. HD95: 207.74, Val. ASSD: 65.74, Val. IPE: 1.49, Val. Mem: 6.42
Model saved successfully!
Model saved successfully!Model saved successfully!

Model saved successfully!
Epoch 2 - Loss: 0.1754 - L_BS: 0.1635 - C_Loc: 0.1933 - Beta: 0.10 - Dice: 63.95, Prec: 66.79, Rec: 70.43, HD95: 129.56, ASSD: 34.28, IPE: 0.14, Mem: 10.40
Val. Loss: 0.2776, L_BS: 0.3043, C_Loc: 0.2376, Val. DSC: 42.20, Val. Precision: 50.99, Val. Recall: 48.91, Val. HD95: 159.90, Val. ASSD: 44.23, Val. IPE: 0.05, Val. Mem: 2.81
Model saved successfully!
Model saved successfully!
Model saved successfully!
Model saved successfully!
Epoch 3 - Loss: 0.1511 - L_BS: 0.1383 - C_Loc: 0.1704 - Beta: 0.10 - Dice: 67.97, Prec: 70.54, Rec: 74.25, HD95: 114.35, ASSD: 31.35, IPE: 0.12, Mem: 10.40
Val. Loss: 0.1216, L_BS: 0.1139, C_Loc: 0.1330, Val. DSC: 71.20, Val. Precision: 71.97, Val. Recall: 76.37, Val. HD95: 117.35, Val. ASSD: 28.39, Val. IPE: 0.05, Val. Mem: 2.81
Model saved successfully!
Model saved successfully!
Model saved successfully!
Model saved successfully!
Epoch 4 - Loss: 0.1192 - L_BS: 0.1115 - C_Loc: 0.1307 - Beta: 0.10 - Dice: 73.74, Prec: 76.05, Rec: 77.98, HD95: 96.19, ASSD: 24.30, IPE: 0.12, Mem: 10.40
Val. Loss: 0.2489, L_BS: 0.2864, C_Loc: 0.1927, Val. DSC: 54.44, Val. Precision: 79.46, Val. Recall: 47.33, Val. HD95: 117.79, Val. ASSD: 33.21, Val. IPE: 0.05, Val. Mem: 2.81
Epoch 5 - Loss: 0.1128 - L_BS: 0.1057 - C_Loc: 0.1235 - Beta: 0.10 - Dice: 74.80, Prec: 76.68, Rec: 79.62, HD95: 90.35, ASSD: 23.29, IPE: 0.11, Mem: 10.40
Val. Loss: 0.1361, L_BS: 0.1172, C_Loc: 0.1644, Val. DSC: 73.58, Val. Precision: 66.76, Val. Recall: 92.18, Val. HD95: 129.75, Val. ASSD: 34.72, Val. IPE: 0.05, Val. Mem: 2.81
Epoch 6 - Loss: 0.0930 - L_BS: 0.0876 - C_Loc: 0.1011 - Beta: 0.10 - Dice: 78.52, Prec: 80.12, Rec: 81.79, HD95: 85.27, ASSD: 20.97, IPE: 0.11, Mem: 10.40
Val. Loss: 0.1094, L_BS: 0.1040, C_Loc: 0.1176, Val. DSC: 74.57, Val. Precision: 82.76, Val. Recall: 72.62, Val. HD95: 82.86, Val. ASSD: 21.49, Val. IPE: 0.05, Val. Mem: 2.81
Model saved successfully!
Model saved successfully!
Model saved successfully!
Model saved successfully!
Epoch 7 - Loss: 0.0867 - L_BS: 0.0803 - C_Loc: 0.0964 - Beta: 0.10 - Dice: 80.37, Prec: 82.68, Rec: 82.88, HD95: 77.24, ASSD: 18.67, IPE: 0.11, Mem: 10.40
Val. Loss: 0.3034, L_BS: 0.3574, C_Loc: 0.2225, Val. DSC: 46.55, Val. Precision: 73.38, Val. Recall: 40.67, Val. HD95: 96.02, Val. ASSD: 26.11, Val. IPE: 0.05, Val. Mem: 2.81
Epoch 8 - Loss: 0.0790 - L_BS: 0.0716 - C_Loc: 0.0900 - Beta: 0.10 - Dice: 81.96, Prec: 83.44, Rec: 84.85, HD95: 75.57, ASSD: 18.21, IPE: 0.11, Mem: 10.40
Val. Loss: 0.0868, L_BS: 0.0795, C_Loc: 0.0978, Val. DSC: 79.23, Val. Precision: 81.24, Val. Recall: 83.23, Val. HD95: 90.74, Val. ASSD: 21.85, Val. IPE: 0.05, Val. Mem: 2.81
Model saved successfully!
Model saved successfully!
Model saved successfully!
Model saved successfully!
Epoch 9 - Loss: 0.0786 - L_BS: 0.0734 - C_Loc: 0.0864 - Beta: 0.10 - Dice: 82.21, Prec: 84.33, Rec: 84.57, HD95: 76.54, ASSD: 17.60, IPE: 0.11, Mem: 10.40
Val. Loss: 0.1585, L_BS: 0.1693, C_Loc: 0.1424, Val. DSC: 68.77, Val. Precision: 75.74, Val. Recall: 68.15, Val. HD95: 84.25, Val. ASSD: 22.17, Val. IPE: 0.05, Val. Mem: 2.81
Epoch 10 - Loss: 0.0759 - L_BS: 0.0698 - C_Loc: 0.0851 - Beta: 0.10 - Dice: 82.48, Prec: 84.59, Rec: 84.27, HD95: 74.84, ASSD: 17.38, IPE: 0.11, Mem: 10.40
Val. Loss: 0.0717, L_BS: 0.0689, C_Loc: 0.0759, Val. DSC: 82.87, Val. Precision: 87.40, Val. Recall: 81.55, Val. HD95: 67.50, Val. ASSD: 15.38, Val. IPE: 0.05, Val. Mem: 2.81
Model saved successfully!
Model saved successfully!
Model saved successfully!
Model saved successfully!
Epoch 11 - Loss: 0.0627 - L_BS: 0.0556 - C_Loc: 0.0733 - Beta: 0.10 - Dice: 85.80, Prec: 87.73, Rec: 86.96, HD95: 68.77, ASSD: 15.01, IPE: 0.10, Mem: 10.40
Val. Loss: 0.0958, L_BS: 0.0939, C_Loc: 0.0986, Val. DSC: 77.56, Val. Precision: 78.05, Val. Recall: 83.80, Val. HD95: 91.34, Val. ASSD: 20.64, Val. IPE: 0.05, Val. Mem: 2.81
Epoch 12 - Loss: 0.0580 - L_BS: 0.0519 - C_Loc: 0.0673 - Beta: 0.10 - Dice: 86.87, Prec: 89.15, Rec: 87.30, HD95: 60.90, ASSD: 13.80, IPE: 0.11, Mem: 10.40
Val. Loss: 0.0440, L_BS: 0.0429, C_Loc: 0.0456, Val. DSC: 89.56, Val. Precision: 92.74, Val. Recall: 87.95, Val. HD95: 47.56, Val. ASSD: 10.77, Val. IPE: 0.05, Val. Mem: 2.81
Model saved successfully!Model saved successfully!

Model saved successfully!
Model saved successfully!
Epoch 13 - Loss: 0.0550 - L_BS: 0.0498 - C_Loc: 0.0627 - Beta: 0.10 - Dice: 87.75, Prec: 89.35, Rec: 89.05, HD95: 64.49, ASSD: 13.55, IPE: 0.12, Mem: 10.40
Val. Loss: 0.0859, L_BS: 0.0809, C_Loc: 0.0936, Val. DSC: 82.39, Val. Precision: 92.30, Val. Recall: 80.07, Val. HD95: 68.25, Val. ASSD: 15.73, Val. IPE: 0.05, Val. Mem: 2.81
Epoch 14 - Loss: 0.0492 - L_BS: 0.0443 - C_Loc: 0.0566 - Beta: 0.10 - Dice: 89.09, Prec: 90.43, Rec: 90.04, HD95: 60.62, ASSD: 12.32, IPE: 0.11, Mem: 10.40
Val. Loss: 0.0486, L_BS: 0.0457, C_Loc: 0.0529, Val. DSC: 88.62, Val. Precision: 87.64, Val. Recall: 91.99, Val. HD95: 75.91, Val. ASSD: 15.08, Val. IPE: 0.05, Val. Mem: 2.81
Epoch 15 - Loss: 0.0438 - L_BS: 0.0403 - C_Loc: 0.0491 - Beta: 0.10 - Dice: 90.36, Prec: 91.79, Rec: 91.00, HD95: 54.55, ASSD: 11.08, IPE: 0.10, Mem: 10.40
Val. Loss: 0.0317, L_BS: 0.0290, C_Loc: 0.0357, Val. DSC: 92.86, Val. Precision: 94.44, Val. Recall: 92.43, Val. HD95: 41.35, Val. ASSD: 9.13, Val. IPE: 0.05, Val. Mem: 2.81
Model saved successfully!
Model saved successfully!
Model saved successfully!
Model saved successfully!
Epoch 16 - Loss: 0.0384 - L_BS: 0.0341 - C_Loc: 0.0449 - Beta: 0.10 - Dice: 91.57, Prec: 92.81, Rec: 92.25, HD95: 54.77, ASSD: 10.57, IPE: 0.11, Mem: 10.40
Val. Loss: 0.0356, L_BS: 0.0340, C_Loc: 0.0379, Val. DSC: 91.73, Val. Precision: 88.75, Val. Recall: 96.68, Val. HD95: 58.10, Val. ASSD: 11.39, Val. IPE: 0.05, Val. Mem: 2.81
Epoch 17 - Loss: 0.0463 - L_BS: 0.0436 - C_Loc: 0.0504 - Beta: 0.10 - Dice: 90.10, Prec: 91.46, Rec: 91.35, HD95: 57.98, ASSD: 11.52, IPE: 0.11, Mem: 10.40
Val. Loss: 0.0332, L_BS: 0.0293, C_Loc: 0.0392, Val. DSC: 92.97, Val. Precision: 93.17, Val. Recall: 94.09, Val. HD95: 43.33, Val. ASSD: 9.53, Val. IPE: 0.05, Val. Mem: 2.81
Epoch 18 - Loss: 0.0360 - L_BS: 0.0313 - C_Loc: 0.0430 - Beta: 0.10 - Dice: 92.11, Prec: 93.43, Rec: 92.42, HD95: 48.35, ASSD: 9.66, IPE: 0.10, Mem: 10.40
Val. Loss: 0.0365, L_BS: 0.0361, C_Loc: 0.0372, Val. DSC: 91.12, Val. Precision: 88.15, Val. Recall: 96.44, Val. HD95: 80.61, Val. ASSD: 12.59, Val. IPE: 0.05, Val. Mem: 2.81
Epoch 19 - Loss: 0.0359 - L_BS: 0.0343 - C_Loc: 0.0384 - Beta: 0.10 - Dice: 92.23, Prec: 92.98, Rec: 93.22, HD95: 56.30, ASSD: 10.36, IPE: 0.11, Mem: 10.40
Val. Loss: 0.0599, L_BS: 0.0522, C_Loc: 0.0714, Val. DSC: 87.06, Val. Precision: 83.38, Val. Recall: 94.36, Val. HD95: 72.25, Val. ASSD: 17.22, Val. IPE: 0.05, Val. Mem: 2.81
Epoch 20 - Loss: 0.0352 - L_BS: 0.0316 - C_Loc: 0.0404 - Beta: 0.10 - Dice: 92.69, Prec: 93.82, Rec: 93.22, HD95: 47.94, ASSD: 9.29, IPE: 0.11, Mem: 10.40
Val. Loss: 0.0271, L_BS: 0.0259, C_Loc: 0.0288, Val. DSC: 93.81, Val. Precision: 95.87, Val. Recall: 92.39, Val. HD95: 36.86, Val. ASSD: 7.83, Val. IPE: 0.05, Val. Mem: 2.81
Model saved successfully!
Model saved successfully!
Model saved successfully!
Model saved successfully!
Epoch 21 - Loss: 0.0351 - L_BS: 0.0334 - C_Loc: 0.0378 - Beta: 0.10 - Dice: 92.53, Prec: 93.17, Rec: 93.64, HD95: 48.66, ASSD: 9.09, IPE: 0.11, Mem: 10.40
Val. Loss: 0.0312, L_BS: 0.0279, C_Loc: 0.0363, Val. DSC: 93.11, Val. Precision: 95.32, Val. Recall: 91.80, Val. HD95: 42.91, Val. ASSD: 9.37, Val. IPE: 0.05, Val. Mem: 2.81
Epoch 22 - Loss: 0.0324 - L_BS: 0.0308 - C_Loc: 0.0348 - Beta: 0.10 - Dice: 93.28, Prec: 93.99, Rec: 94.12, HD95: 44.54, ASSD: 8.50, IPE: 0.10, Mem: 10.40
Val. Loss: 0.0440, L_BS: 0.0399, C_Loc: 0.0501, Val. DSC: 90.20, Val. Precision: 94.32, Val. Recall: 87.52, Val. HD95: 49.43, Val. ASSD: 10.85, Val. IPE: 0.05, Val. Mem: 2.81
Epoch 23 - Loss: 0.0252 - L_BS: 0.0226 - C_Loc: 0.0291 - Beta: 0.10 - Dice: 94.70, Prec: 95.37, Rec: 94.95, HD95: 40.12, ASSD: 7.34, IPE: 0.11, Mem: 10.40
Val. Loss: 0.0193, L_BS: 0.0184, C_Loc: 0.0208, Val. DSC: 95.84, Val. Precision: 96.72, Val. Recall: 95.32, Val. HD95: 32.16, Val. ASSD: 6.28, Val. IPE: 0.05, Val. Mem: 2.81
Model saved successfully!
Model saved successfully!
Model saved successfully!
Model saved successfully!
Epoch 24 - Loss: 0.0290 - L_BS: 0.0259 - C_Loc: 0.0335 - Beta: 0.10 - Dice: 93.84, Prec: 94.43, Rec: 94.58, HD95: 49.41, ASSD: 9.09, IPE: 0.11, Mem: 10.40
Val. Loss: 0.0336, L_BS: 0.0318, C_Loc: 0.0363, Val. DSC: 92.50, Val. Precision: 88.85, Val. Recall: 97.82, Val. HD95: 91.44, Val. ASSD: 15.16, Val. IPE: 0.05, Val. Mem: 2.81
Epoch 25 - Loss: 0.0283 - L_BS: 0.0260 - C_Loc: 0.0318 - Beta: 0.10 - Dice: 94.37, Prec: 95.14, Rec: 95.08, HD95: 44.18, ASSD: 7.99, IPE: 0.11, Mem: 10.40
Val. Loss: 0.0219, L_BS: 0.0211, C_Loc: 0.0230, Val. DSC: 94.97, Val. Precision: 95.10, Val. Recall: 95.40, Val. HD95: 38.20, Val. ASSD: 7.67, Val. IPE: 0.05, Val. Mem: 2.81
Epoch 26 - Loss: 0.0248 - L_BS: 0.0237 - C_Loc: 0.0264 - Beta: 0.10 - Dice: 94.92, Prec: 95.35, Rec: 95.87, HD95: 39.00, ASSD: 7.14, IPE: 0.11, Mem: 10.40
Val. Loss: 0.0202, L_BS: 0.0189, C_Loc: 0.0222, Val. DSC: 95.41, Val. Precision: 94.24, Val. Recall: 97.47, Val. HD95: 48.25, Val. ASSD: 8.75, Val. IPE: 0.05, Val. Mem: 2.81
Epoch 27 - Loss: 0.0185 - L_BS: 0.0171 - C_Loc: 0.0206 - Beta: 0.10 - Dice: 96.18, Prec: 96.55, Rec: 96.42, HD95: 36.11, ASSD: 6.51, IPE: 0.10, Mem: 10.40
Val. Loss: 0.0166, L_BS: 0.0160, C_Loc: 0.0175, Val. DSC: 96.34, Val. Precision: 96.10, Val. Recall: 96.91, Val. HD95: 56.38, Val. ASSD: 9.68, Val. IPE: 0.05, Val. Mem: 2.81
Model saved successfully!
Model saved successfully!
Model saved successfully!
Model saved successfully!
Epoch 28 - Loss: 0.0232 - L_BS: 0.0218 - C_Loc: 0.0253 - Beta: 0.10 - Dice: 95.34, Prec: 95.59, Rec: 96.19, HD95: 40.15, ASSD: 7.43, IPE: 0.11, Mem: 10.40
Val. Loss: 0.0223, L_BS: 0.0213, C_Loc: 0.0239, Val. DSC: 95.13, Val. Precision: 94.02, Val. Recall: 97.27, Val. HD95: 44.18, Val. ASSD: 8.67, Val. IPE: 0.05, Val. Mem: 2.81
Epoch 29 - Loss: 0.0183 - L_BS: 0.0173 - C_Loc: 0.0198 - Beta: 0.10 - Dice: 96.38, Prec: 96.86, Rec: 96.55, HD95: 33.34, ASSD: 5.92, IPE: 0.12, Mem: 10.40
Val. Loss: 0.0131, L_BS: 0.0130, C_Loc: 0.0132, Val. DSC: 97.17, Val. Precision: 97.21, Val. Recall: 97.39, Val. HD95: 29.52, Val. ASSD: 5.98, Val. IPE: 0.05, Val. Mem: 2.81
Model saved successfully!
Model saved successfully!
Model saved successfully!
Model saved successfully!
Epoch 30 - Loss: 0.0152 - L_BS: 0.0145 - C_Loc: 0.0163 - Beta: 0.10 - Dice: 96.81, Prec: 97.12, Rec: 96.97, HD95: 31.31, ASSD: 5.39, IPE: 0.10, Mem: 10.40
Val. Loss: 0.0173, L_BS: 0.0176, C_Loc: 0.0170, Val. DSC: 96.01, Val. Precision: 97.09, Val. Recall: 95.40, Val. HD95: 31.37, Val. ASSD: 6.20, Val. IPE: 0.05, Val. Mem: 2.81
Epoch 31 - Loss: 0.0180 - L_BS: 0.0179 - C_Loc: 0.0183 - Beta: 0.10 - Dice: 96.53, Prec: 96.76, Rec: 97.17, HD95: 31.32, ASSD: 5.30, IPE: 0.10, Mem: 10.40
Val. Loss: 0.0149, L_BS: 0.0149, C_Loc: 0.0150, Val. DSC: 96.66, Val. Precision: 96.29, Val. Recall: 97.27, Val. HD95: 34.65, Val. ASSD: 6.57, Val. IPE: 0.05, Val. Mem: 2.81
Epoch 32 - Loss: 0.0196 - L_BS: 0.0181 - C_Loc: 0.0219 - Beta: 0.10 - Dice: 96.02, Prec: 96.75, Rec: 96.14, HD95: 36.68, ASSD: 6.40, IPE: 0.11, Mem: 10.40
Val. Loss: 0.0268, L_BS: 0.0237, C_Loc: 0.0314, Val. DSC: 94.43, Val. Precision: 96.86, Val. Recall: 92.82, Val. HD95: 42.34, Val. ASSD: 8.83, Val. IPE: 0.05, Val. Mem: 2.81
Epoch 33 - Loss: 0.0175 - L_BS: 0.0163 - C_Loc: 0.0192 - Beta: 0.10 - Dice: 96.49, Prec: 96.67, Rec: 96.97, HD95: 36.94, ASSD: 6.26, IPE: 0.11, Mem: 10.40
Val. Loss: 0.0154, L_BS: 0.0151, C_Loc: 0.0158, Val. DSC: 96.73, Val. Precision: 96.31, Val. Recall: 97.90, Val. HD95: 37.09, Val. ASSD: 6.79, Val. IPE: 0.05, Val. Mem: 2.81
Epoch 34 - Loss: 0.0174 - L_BS: 0.0168 - C_Loc: 0.0184 - Beta: 0.10 - Dice: 96.47, Prec: 97.01, Rec: 96.79, HD95: 32.40, ASSD: 5.70, IPE: 0.10, Mem: 10.40
Val. Loss: 0.0140, L_BS: 0.0137, C_Loc: 0.0145, Val. DSC: 97.02, Val. Precision: 97.98, Val. Recall: 96.37, Val. HD95: 24.68, Val. ASSD: 5.33, Val. IPE: 0.05, Val. Mem: 2.81
Epoch 35 - Loss: 0.0192 - L_BS: 0.0187 - C_Loc: 0.0201 - Beta: 0.10 - Dice: 96.10, Prec: 96.38, Rec: 96.79, HD95: 36.51, ASSD: 6.52, IPE: 0.11, Mem: 10.40
Val. Loss: 0.0206, L_BS: 0.0194, C_Loc: 0.0223, Val. DSC: 95.53, Val. Precision: 96.32, Val. Recall: 95.22, Val. HD95: 40.83, Val. ASSD: 7.80, Val. IPE: 0.05, Val. Mem: 2.81
Epoch 36 - Loss: 0.0143 - L_BS: 0.0138 - C_Loc: 0.0149 - Beta: 0.10 - Dice: 97.25, Prec: 97.57, Rec: 97.47, HD95: 26.05, ASSD: 4.60, IPE: 0.10, Mem: 10.40
Val. Loss: 0.0103, L_BS: 0.0107, C_Loc: 0.0099, Val. DSC: 97.76, Val. Precision: 97.68, Val. Recall: 98.08, Val. HD95: 26.53, Val. ASSD: 5.11, Val. IPE: 0.05, Val. Mem: 2.81
Model saved successfully!
Model saved successfully!
Model saved successfully!
Model saved successfully!
Epoch 37 - Loss: 0.0125 - L_BS: 0.0119 - C_Loc: 0.0133 - Beta: 0.10 - Dice: 97.56, Prec: 97.69, Rec: 97.94, HD95: 25.79, ASSD: 4.69, IPE: 0.10, Mem: 10.40
Val. Loss: 0.0099, L_BS: 0.0103, C_Loc: 0.0093, Val. DSC: 97.87, Val. Precision: 98.16, Val. Recall: 97.77, Val. HD95: 20.95, Val. ASSD: 4.45, Val. IPE: 0.05, Val. Mem: 2.81
Model saved successfully!
Model saved successfully!
Model saved successfully!
Model saved successfully!
Epoch 38 - Loss: 0.0112 - L_BS: 0.0117 - C_Loc: 0.0105 - Beta: 0.10 - Dice: 97.95, Prec: 97.95, Rec: 98.44, HD95: 22.25, ASSD: 3.78, IPE: 0.10, Mem: 10.40
Val. Loss: 0.0089, L_BS: 0.0097, C_Loc: 0.0077, Val. DSC: 98.04, Val. Precision: 98.16, Val. Recall: 98.08, Val. HD95: 22.56, Val. ASSD: 4.63, Val. IPE: 0.05, Val. Mem: 2.81
Model saved successfully!
Model saved successfully!
Model saved successfully!
Model saved successfully!
Epoch 39 - Loss: 0.0090 - L_BS: 0.0087 - C_Loc: 0.0094 - Beta: 0.10 - Dice: 98.26, Prec: 98.39, Rec: 98.38, HD95: 23.19, ASSD: 4.00, IPE: 0.10, Mem: 10.40
Val. Loss: 0.0104, L_BS: 0.0108, C_Loc: 0.0099, Val. DSC: 97.76, Val. Precision: 97.41, Val. Recall: 98.31, Val. HD95: 31.78, Val. ASSD: 5.55, Val. IPE: 0.05, Val. Mem: 2.81
Epoch 40 - Loss: 0.0095 - L_BS: 0.0092 - C_Loc: 0.0099 - Beta: 0.10 - Dice: 98.21, Prec: 98.40, Rec: 98.29, HD95: 21.02, ASSD: 3.77, IPE: 0.09, Mem: 10.40
Val. Loss: 0.0093, L_BS: 0.0095, C_Loc: 0.0090, Val. DSC: 98.03, Val. Precision: 97.85, Val. Recall: 98.32, Val. HD95: 23.96, Val. ASSD: 4.43, Val. IPE: 0.05, Val. Mem: 2.81
Epoch 41 - Loss: 0.0113 - L_BS: 0.0120 - C_Loc: 0.0102 - Beta: 0.10 - Dice: 97.96, Prec: 98.00, Rec: 98.49, HD95: 23.18, ASSD: 3.87, IPE: 0.09, Mem: 10.40
Val. Loss: 0.0082, L_BS: 0.0090, C_Loc: 0.0070, Val. DSC: 98.19, Val. Precision: 98.03, Val. Recall: 98.50, Val. HD95: 21.49, Val. ASSD: 4.55, Val. IPE: 0.05, Val. Mem: 2.81
Model saved successfully!
Model saved successfully!
Model saved successfully!
Model saved successfully!
Epoch 42 - Loss: 0.0088 - L_BS: 0.0091 - C_Loc: 0.0082 - Beta: 0.10 - Dice: 98.35, Prec: 98.56, Rec: 98.50, HD95: 18.12, ASSD: 3.16, IPE: 0.09, Mem: 10.40
Val. Loss: 0.0093, L_BS: 0.0097, C_Loc: 0.0088, Val. DSC: 97.98, Val. Precision: 97.79, Val. Recall: 98.36, Val. HD95: 22.90, Val. ASSD: 4.49, Val. IPE: 0.05, Val. Mem: 2.81
Epoch 43 - Loss: 0.0110 - L_BS: 0.0117 - C_Loc: 0.0098 - Beta: 0.10 - Dice: 98.11, Prec: 98.16, Rec: 98.62, HD95: 18.90, ASSD: 3.19, IPE: 0.10, Mem: 10.40
Val. Loss: 0.0086, L_BS: 0.0092, C_Loc: 0.0077, Val. DSC: 98.10, Val. Precision: 98.13, Val. Recall: 98.23, Val. HD95: 20.48, Val. ASSD: 4.03, Val. IPE: 0.05, Val. Mem: 2.81
Epoch 44 - Loss: 0.0085 - L_BS: 0.0089 - C_Loc: 0.0077 - Beta: 0.10 - Dice: 98.53, Prec: 98.63, Rec: 98.82, HD95: 19.13, ASSD: 3.06, IPE: 0.10, Mem: 10.40
Val. Loss: 0.0088, L_BS: 0.0093, C_Loc: 0.0081, Val. DSC: 98.06, Val. Precision: 97.93, Val. Recall: 98.34, Val. HD95: 24.46, Val. ASSD: 4.49, Val. IPE: 0.05, Val. Mem: 2.81
Epoch 45 - Loss: 0.0082 - L_BS: 0.0083 - C_Loc: 0.0080 - Beta: 0.10 - Dice: 98.41, Prec: 98.54, Rec: 98.53, HD95: 19.04, ASSD: 3.43, IPE: 0.09, Mem: 10.40
Val. Loss: 0.0090, L_BS: 0.0094, C_Loc: 0.0084, Val. DSC: 98.05, Val. Precision: 97.72, Val. Recall: 98.62, Val. HD95: 25.95, Val. ASSD: 4.55, Val. IPE: 0.05, Val. Mem: 2.81
Epoch 46 - Loss: 0.0111 - L_BS: 0.0112 - C_Loc: 0.0109 - Beta: 0.10 - Dice: 97.96, Prec: 98.22, Rec: 98.16, HD95: 22.98, ASSD: 3.90, IPE: 0.10, Mem: 10.40
Val. Loss: 0.0093, L_BS: 0.0095, C_Loc: 0.0090, Val. DSC: 98.00, Val. Precision: 97.95, Val. Recall: 98.33, Val. HD95: 18.92, Val. ASSD: 4.04, Val. IPE: 0.05, Val. Mem: 2.81
Epoch 47 - Loss: 0.0095 - L_BS: 0.0099 - C_Loc: 0.0089 - Beta: 0.10 - Dice: 98.20, Prec: 98.44, Rec: 98.41, HD95: 21.35, ASSD: 3.54, IPE: 0.10, Mem: 10.40
Val. Loss: 0.0083, L_BS: 0.0090, C_Loc: 0.0072, Val. DSC: 98.19, Val. Precision: 98.10, Val. Recall: 98.46, Val. HD95: 17.78, Val. ASSD: 4.14, Val. IPE: 0.05, Val. Mem: 2.81
Epoch 48 - Loss: 0.0119 - L_BS: 0.0126 - C_Loc: 0.0108 - Beta: 0.10 - Dice: 97.84, Prec: 98.05, Rec: 98.27, HD95: 19.03, ASSD: 3.34, IPE: 0.09, Mem: 10.40
Val. Loss: 0.0077, L_BS: 0.0084, C_Loc: 0.0067, Val. DSC: 98.31, Val. Precision: 98.36, Val. Recall: 98.41, Val. HD95: 18.85, Val. ASSD: 3.95, Val. IPE: 0.05, Val. Mem: 2.81
Model saved successfully!
Model saved successfully!
Model saved successfully!
Model saved successfully!
Epoch 49 - Loss: 0.0088 - L_BS: 0.0100 - C_Loc: 0.0070 - Beta: 0.10 - Dice: 98.41, Prec: 98.50, Rec: 98.86, HD95: 16.40, ASSD: 2.71, IPE: 0.09, Mem: 10.40
Val. Loss: 0.0079, L_BS: 0.0087, C_Loc: 0.0066, Val. DSC: 98.28, Val. Precision: 98.30, Val. Recall: 98.43, Val. HD95: 17.11, Val. ASSD: 3.80, Val. IPE: 0.05, Val. Mem: 2.81
Epoch 50 - Loss: 0.0084 - L_BS: 0.0093 - C_Loc: 0.0070 - Beta: 0.10 - Dice: 98.56, Prec: 98.72, Rec: 98.81, HD95: 14.13, ASSD: 2.41, IPE: 0.09, Mem: 10.40
Val. Loss: 0.0078, L_BS: 0.0086, C_Loc: 0.0066, Val. DSC: 98.29, Val. Precision: 98.24, Val. Recall: 98.59, Val. HD95: 18.32, Val. ASSD: 3.90, Val. IPE: 0.05, Val. Mem: 2.81
Epoch 51 - Loss: 0.0084 - L_BS: 0.0085 - C_Loc: 0.0082 - Beta: 0.10 - Dice: 98.44, Prec: 98.69, Rec: 98.52, HD95: 16.87, ASSD: 3.10, IPE: 0.10, Mem: 10.40
Val. Loss: 0.0083, L_BS: 0.0087, C_Loc: 0.0076, Val. DSC: 98.23, Val. Precision: 98.38, Val. Recall: 98.25, Val. HD95: 17.32, Val. ASSD: 3.60, Val. IPE: 0.05, Val. Mem: 2.81
Epoch 52 - Loss: 0.0101 - L_BS: 0.0112 - C_Loc: 0.0084 - Beta: 0.10 - Dice: 98.25, Prec: 98.44, Rec: 98.66, HD95: 16.26, ASSD: 2.77, IPE: 0.10, Mem: 10.40
Val. Loss: 0.0085, L_BS: 0.0090, C_Loc: 0.0076, Val. DSC: 98.17, Val. Precision: 97.91, Val. Recall: 98.72, Val. HD95: 18.82, Val. ASSD: 4.01, Val. IPE: 0.05, Val. Mem: 2.81
Epoch 53 - Loss: 0.0096 - L_BS: 0.0102 - C_Loc: 0.0087 - Beta: 0.10 - Dice: 98.30, Prec: 98.54, Rec: 98.58, HD95: 16.70, ASSD: 2.95, IPE: 0.10, Mem: 10.40
Val. Loss: 0.0087, L_BS: 0.0091, C_Loc: 0.0080, Val. DSC: 98.12, Val. Precision: 97.99, Val. Recall: 98.46, Val. HD95: 21.18, Val. ASSD: 4.28, Val. IPE: 0.05, Val. Mem: 2.81
Epoch 54 - Loss: 0.0081 - L_BS: 0.0083 - C_Loc: 0.0078 - Beta: 0.10 - Dice: 98.58, Prec: 98.80, Rec: 98.70, HD95: 16.19, ASSD: 2.73, IPE: 0.09, Mem: 10.40
Val. Loss: 0.0074, L_BS: 0.0081, C_Loc: 0.0063, Val. DSC: 98.38, Val. Precision: 98.26, Val. Recall: 98.66, Val. HD95: 20.30, Val. ASSD: 3.79, Val. IPE: 0.05, Val. Mem: 2.81
Model saved successfully!
Model saved successfully!
Model saved successfully!
Model saved successfully!
Epoch 55 - Loss: 0.0071 - L_BS: 0.0075 - C_Loc: 0.0065 - Beta: 0.10 - Dice: 98.72, Prec: 98.85, Rec: 98.87, HD95: 15.88, ASSD: 2.62, IPE: 0.09, Mem: 10.40
Val. Loss: 0.0073, L_BS: 0.0082, C_Loc: 0.0060, Val. DSC: 98.41, Val. Precision: 98.52, Val. Recall: 98.44, Val. HD95: 16.43, Val. ASSD: 3.51, Val. IPE: 0.05, Val. Mem: 2.81
Model saved successfully!
Model saved successfully!
Model saved successfully!
Model saved successfully!
Epoch 56 - Loss: 0.0077 - L_BS: 0.0084 - C_Loc: 0.0067 - Beta: 0.10 - Dice: 98.61, Prec: 98.77, Rec: 98.78, HD95: 14.44, ASSD: 2.60, IPE: 0.09, Mem: 10.40
Val. Loss: 0.0073, L_BS: 0.0081, C_Loc: 0.0061, Val. DSC: 98.41, Val. Precision: 98.35, Val. Recall: 98.65, Val. HD95: 17.09, Val. ASSD: 3.29, Val. IPE: 0.05, Val. Mem: 2.81
Model saved successfully!
Model saved successfully!
Model saved successfully!
Model saved successfully!
Epoch 57 - Loss: 0.0087 - L_BS: 0.0096 - C_Loc: 0.0072 - Beta: 0.10 - Dice: 98.48, Prec: 98.60, Rec: 98.80, HD95: 15.20, ASSD: 2.55, IPE: 0.09, Mem: 10.40
Val. Loss: 0.0079, L_BS: 0.0088, C_Loc: 0.0065, Val. DSC: 98.27, Val. Precision: 98.33, Val. Recall: 98.41, Val. HD95: 16.52, Val. ASSD: 3.61, Val. IPE: 0.05, Val. Mem: 2.81
Epoch 58 - Loss: 0.0093 - L_BS: 0.0104 - C_Loc: 0.0078 - Beta: 0.10 - Dice: 98.31, Prec: 98.50, Rec: 98.68, HD95: 17.52, ASSD: 3.15, IPE: 0.10, Mem: 10.40
Val. Loss: 0.0095, L_BS: 0.0098, C_Loc: 0.0091, Val. DSC: 97.98, Val. Precision: 97.55, Val. Recall: 98.82, Val. HD95: 24.46, Val. ASSD: 4.78, Val. IPE: 0.05, Val. Mem: 2.81
Epoch 59 - Loss: 0.0065 - L_BS: 0.0063 - C_Loc: 0.0067 - Beta: 0.10 - Dice: 98.79, Prec: 99.03, Rec: 98.68, HD95: 15.18, ASSD: 2.67, IPE: 0.09, Mem: 10.40
Val. Loss: 0.0072, L_BS: 0.0078, C_Loc: 0.0063, Val. DSC: 98.45, Val. Precision: 98.40, Val. Recall: 98.58, Val. HD95: 17.92, Val. ASSD: 3.69, Val. IPE: 0.05, Val. Mem: 2.81
Model saved successfully!
Model saved successfully!
Model saved successfully!
Model saved successfully!
Epoch 60 - Loss: 0.0091 - L_BS: 0.0108 - C_Loc: 0.0066 - Beta: 0.10 - Dice: 98.51, Prec: 98.49, Rec: 99.14, HD95: 12.48, ASSD: 2.08, IPE: 0.09, Mem: 10.40
Val. Loss: 0.0077, L_BS: 0.0084, C_Loc: 0.0067, Val. DSC: 98.31, Val. Precision: 98.21, Val. Recall: 98.60, Val. HD95: 19.57, Val. ASSD: 3.87, Val. IPE: 0.05, Val. Mem: 2.81
Epoch 61 - Loss: 0.0092 - L_BS: 0.0107 - C_Loc: 0.0068 - Beta: 0.10 - Dice: 98.51, Prec: 98.63, Rec: 98.99, HD95: 13.65, ASSD: 2.19, IPE: 0.09, Mem: 10.40
Val. Loss: 0.0079, L_BS: 0.0085, C_Loc: 0.0069, Val. DSC: 98.28, Val. Precision: 98.01, Val. Recall: 98.75, Val. HD95: 19.07, Val. ASSD: 4.09, Val. IPE: 0.05, Val. Mem: 2.81
Epoch 62 - Loss: 0.0070 - L_BS: 0.0076 - C_Loc: 0.0062 - Beta: 0.10 - Dice: 98.77, Prec: 98.88, Rec: 98.96, HD95: 12.96, ASSD: 2.32, IPE: 0.09, Mem: 10.40
Val. Loss: 0.0075, L_BS: 0.0083, C_Loc: 0.0064, Val. DSC: 98.34, Val. Precision: 98.23, Val. Recall: 98.66, Val. HD95: 17.71, Val. ASSD: 3.74, Val. IPE: 0.05, Val. Mem: 2.81
Epoch 63 - Loss: 0.0071 - L_BS: 0.0080 - C_Loc: 0.0058 - Beta: 0.10 - Dice: 98.76, Prec: 98.88, Rec: 99.00, HD95: 14.23, ASSD: 2.34, IPE: 0.09, Mem: 10.40
Val. Loss: 0.0076, L_BS: 0.0084, C_Loc: 0.0064, Val. DSC: 98.35, Val. Precision: 98.22, Val. Recall: 98.69, Val. HD95: 17.11, Val. ASSD: 3.96, Val. IPE: 0.05, Val. Mem: 2.81
Epoch 64 - Loss: 0.0067 - L_BS: 0.0070 - C_Loc: 0.0061 - Beta: 0.10 - Dice: 98.78, Prec: 98.92, Rec: 98.85, HD95: 14.47, ASSD: 2.52, IPE: 0.09, Mem: 10.40
Val. Loss: 0.0080, L_BS: 0.0088, C_Loc: 0.0068, Val. DSC: 98.25, Val. Precision: 98.17, Val. Recall: 98.58, Val. HD95: 17.57, Val. ASSD: 3.66, Val. IPE: 0.05, Val. Mem: 2.81
Epoch 65 - Loss: 0.0077 - L_BS: 0.0087 - C_Loc: 0.0063 - Beta: 0.10 - Dice: 98.71, Prec: 98.85, Rec: 98.99, HD95: 14.14, ASSD: 2.36, IPE: 0.09, Mem: 10.40
Val. Loss: 0.0071, L_BS: 0.0079, C_Loc: 0.0060, Val. DSC: 98.45, Val. Precision: 98.31, Val. Recall: 98.81, Val. HD95: 15.46, Val. ASSD: 3.51, Val. IPE: 0.05, Val. Mem: 2.81
Model saved successfully!
Model saved successfully!
Model saved successfully!
Model saved successfully!
Epoch 66 - Loss: 0.0065 - L_BS: 0.0073 - C_Loc: 0.0054 - Beta: 0.10 - Dice: 98.88, Prec: 98.97, Rec: 99.08, HD95: 11.41, ASSD: 2.06, IPE: 0.09, Mem: 10.40
Val. Loss: 0.0068, L_BS: 0.0075, C_Loc: 0.0058, Val. DSC: 98.54, Val. Precision: 98.40, Val. Recall: 98.77, Val. HD95: 18.07, Val. ASSD: 3.74, Val. IPE: 0.05, Val. Mem: 2.81
Model saved successfully!
Model saved successfully!
Model saved successfully!
Model saved successfully!
Epoch 67 - Loss: 0.0075 - L_BS: 0.0085 - C_Loc: 0.0060 - Beta: 0.10 - Dice: 98.74, Prec: 98.84, Rec: 99.02, HD95: 12.43, ASSD: 2.20, IPE: 0.09, Mem: 10.40
Val. Loss: 0.0072, L_BS: 0.0078, C_Loc: 0.0063, Val. DSC: 98.44, Val. Precision: 98.17, Val. Recall: 98.82, Val. HD95: 18.54, Val. ASSD: 3.69, Val. IPE: 0.05, Val. Mem: 2.81
Epoch 68 - Loss: 0.0091 - L_BS: 0.0097 - C_Loc: 0.0082 - Beta: 0.10 - Dice: 98.47, Prec: 98.80, Rec: 98.67, HD95: 13.53, ASSD: 2.45, IPE: 0.10, Mem: 10.40
Val. Loss: 0.0077, L_BS: 0.0081, C_Loc: 0.0072, Val. DSC: 98.35, Val. Precision: 98.48, Val. Recall: 98.28, Val. HD95: 19.06, Val. ASSD: 3.73, Val. IPE: 0.05, Val. Mem: 2.81
Epoch 69 - Loss: 0.0067 - L_BS: 0.0071 - C_Loc: 0.0062 - Beta: 0.10 - Dice: 98.77, Prec: 98.97, Rec: 98.82, HD95: 13.95, ASSD: 2.43, IPE: 0.10, Mem: 10.40
Val. Loss: 0.0093, L_BS: 0.0098, C_Loc: 0.0085, Val. DSC: 97.98, Val. Precision: 97.64, Val. Recall: 98.63, Val. HD95: 29.50, Val. ASSD: 5.02, Val. IPE: 0.05, Val. Mem: 2.81
Epoch 70 - Loss: 0.0072 - L_BS: 0.0078 - C_Loc: 0.0062 - Beta: 0.10 - Dice: 98.68, Prec: 98.76, Rec: 98.90, HD95: 14.18, ASSD: 2.59, IPE: 0.10, Mem: 10.40
Val. Loss: 0.0069, L_BS: 0.0078, C_Loc: 0.0056, Val. DSC: 98.51, Val. Precision: 98.67, Val. Recall: 98.44, Val. HD95: 15.65, Val. ASSD: 3.41, Val. IPE: 0.05, Val. Mem: 2.81
Epoch 71 - Loss: 0.0074 - L_BS: 0.0084 - C_Loc: 0.0059 - Beta: 0.10 - Dice: 98.76, Prec: 98.88, Rec: 99.02, HD95: 12.22, ASSD: 2.08, IPE: 0.09, Mem: 10.40
Val. Loss: 0.0067, L_BS: 0.0074, C_Loc: 0.0056, Val. DSC: 98.53, Val. Precision: 98.46, Val. Recall: 98.71, Val. HD95: 16.51, Val. ASSD: 3.46, Val. IPE: 0.05, Val. Mem: 2.81
Model saved successfully!
Model saved successfully!
Model saved successfully!
Model saved successfully!
Epoch 72 - Loss: 0.0087 - L_BS: 0.0093 - C_Loc: 0.0077 - Beta: 0.10 - Dice: 98.37, Prec: 98.58, Rec: 98.63, HD95: 14.89, ASSD: 2.69, IPE: 0.09, Mem: 10.40
Val. Loss: 0.0134, L_BS: 0.0127, C_Loc: 0.0144, Val. DSC: 97.07, Val. Precision: 98.46, Val. Recall: 96.17, Val. HD95: 25.21, Val. ASSD: 4.84, Val. IPE: 0.05, Val. Mem: 2.81
Epoch 73 - Loss: 0.0088 - L_BS: 0.0098 - C_Loc: 0.0073 - Beta: 0.10 - Dice: 98.46, Prec: 98.64, Rec: 98.75, HD95: 15.85, ASSD: 2.53, IPE: 0.09, Mem: 10.40
Val. Loss: 0.0090, L_BS: 0.0096, C_Loc: 0.0081, Val. DSC: 98.03, Val. Precision: 97.93, Val. Recall: 98.34, Val. HD95: 23.03, Val. ASSD: 4.53, Val. IPE: 0.05, Val. Mem: 2.81
Epoch 74 - Loss: 0.0086 - L_BS: 0.0094 - C_Loc: 0.0072 - Beta: 0.10 - Dice: 98.47, Prec: 98.60, Rec: 98.82, HD95: 15.55, ASSD: 2.64, IPE: 0.10, Mem: 10.40
Val. Loss: 0.0080, L_BS: 0.0087, C_Loc: 0.0070, Val. DSC: 98.25, Val. Precision: 98.06, Val. Recall: 98.73, Val. HD95: 18.26, Val. ASSD: 3.89, Val. IPE: 0.05, Val. Mem: 2.81
Epoch 75 - Loss: 0.0074 - L_BS: 0.0085 - C_Loc: 0.0059 - Beta: 0.10 - Dice: 98.76, Prec: 98.89, Rec: 99.02, HD95: 10.94, ASSD: 1.97, IPE: 0.09, Mem: 10.40
Val. Loss: 0.0063, L_BS: 0.0070, C_Loc: 0.0052, Val. DSC: 98.62, Val. Precision: 98.57, Val. Recall: 98.76, Val. HD95: 15.19, Val. ASSD: 3.17, Val. IPE: 0.05, Val. Mem: 2.81
Model saved successfully!
Model saved successfully!
Model saved successfully!
Model saved successfully!
Epoch 76 - Loss: 0.0055 - L_BS: 0.0061 - C_Loc: 0.0046 - Beta: 0.10 - Dice: 99.01, Prec: 99.10, Rec: 99.09, HD95: 10.54, ASSD: 1.85, IPE: 0.09, Mem: 10.40
Val. Loss: 0.0069, L_BS: 0.0076, C_Loc: 0.0057, Val. DSC: 98.46, Val. Precision: 98.39, Val. Recall: 98.70, Val. HD95: 15.54, Val. ASSD: 3.12, Val. IPE: 0.05, Val. Mem: 2.81
Epoch 77 - Loss: 0.0078 - L_BS: 0.0090 - C_Loc: 0.0061 - Beta: 0.10 - Dice: 98.66, Prec: 98.76, Rec: 98.98, HD95: 13.42, ASSD: 2.24, IPE: 0.09, Mem: 10.40
Val. Loss: 0.0094, L_BS: 0.0088, C_Loc: 0.0103, Val. DSC: 98.13, Val. Precision: 98.77, Val. Recall: 97.62, Val. HD95: 23.22, Val. ASSD: 4.30, Val. IPE: 0.05, Val. Mem: 2.81
Epoch 78 - Loss: 0.0074 - L_BS: 0.0070 - C_Loc: 0.0081 - Beta: 0.10 - Dice: 98.57, Prec: 98.82, Rec: 98.49, HD95: 18.85, ASSD: 3.40, IPE: 0.10, Mem: 10.40
Val. Loss: 0.0072, L_BS: 0.0078, C_Loc: 0.0062, Val. DSC: 98.45, Val. Precision: 98.42, Val. Recall: 98.58, Val. HD95: 17.47, Val. ASSD: 3.81, Val. IPE: 0.05, Val. Mem: 2.81
Epoch 79 - Loss: 0.0069 - L_BS: 0.0076 - C_Loc: 0.0058 - Beta: 0.10 - Dice: 98.81, Prec: 98.96, Rec: 98.98, HD95: 12.03, ASSD: 2.10, IPE: 0.09, Mem: 10.40
Val. Loss: 0.0079, L_BS: 0.0085, C_Loc: 0.0070, Val. DSC: 98.26, Val. Precision: 97.98, Val. Recall: 98.72, Val. HD95: 22.34, Val. ASSD: 4.16, Val. IPE: 0.05, Val. Mem: 2.81
Epoch 80 - Loss: 0.0078 - L_BS: 0.0078 - C_Loc: 0.0078 - Beta: 0.10 - Dice: 98.56, Prec: 98.81, Rec: 98.59, HD95: 16.13, ASSD: 2.87, IPE: 0.10, Mem: 10.40
Val. Loss: 0.0096, L_BS: 0.0096, C_Loc: 0.0096, Val. DSC: 97.92, Val. Precision: 98.58, Val. Recall: 97.42, Val. HD95: 20.33, Val. ASSD: 4.19, Val. IPE: 0.05, Val. Mem: 2.81
Epoch 81 - Loss: 0.0089 - L_BS: 0.0097 - C_Loc: 0.0077 - Beta: 0.10 - Dice: 98.45, Prec: 98.58, Rec: 98.77, HD95: 16.72, ASSD: 2.87, IPE: 0.09, Mem: 10.40
Val. Loss: 0.0071, L_BS: 0.0078, C_Loc: 0.0061, Val. DSC: 98.44, Val. Precision: 98.54, Val. Recall: 98.47, Val. HD95: 15.96, Val. ASSD: 3.00, Val. IPE: 0.05, Val. Mem: 2.81
Epoch 82 - Loss: 0.0077 - L_BS: 0.0086 - C_Loc: 0.0063 - Beta: 0.10 - Dice: 98.68, Prec: 98.74, Rec: 99.05, HD95: 13.33, ASSD: 2.31, IPE: 0.09, Mem: 10.40
Val. Loss: 0.0068, L_BS: 0.0076, C_Loc: 0.0057, Val. DSC: 98.51, Val. Precision: 98.33, Val. Recall: 98.84, Val. HD95: 16.01, Val. ASSD: 3.67, Val. IPE: 0.05, Val. Mem: 2.81
Epoch 83 - Loss: 0.0061 - L_BS: 0.0068 - C_Loc: 0.0051 - Beta: 0.10 - Dice: 98.96, Prec: 99.08, Rec: 99.13, HD95: 10.87, ASSD: 1.90, IPE: 0.09, Mem: 10.40
Val. Loss: 0.0064, L_BS: 0.0072, C_Loc: 0.0052, Val. DSC: 98.61, Val. Precision: 98.56, Val. Recall: 98.75, Val. HD95: 15.35, Val. ASSD: 3.37, Val. IPE: 0.05, Val. Mem: 2.81
Epoch 84 - Loss: 0.0056 - L_BS: 0.0065 - C_Loc: 0.0042 - Beta: 0.10 - Dice: 99.08, Prec: 99.12, Rec: 99.29, HD95: 9.33, ASSD: 1.57, IPE: 0.09, Mem: 10.40
Val. Loss: 0.0071, L_BS: 0.0079, C_Loc: 0.0059, Val. DSC: 98.42, Val. Precision: 98.31, Val. Recall: 98.74, Val. HD95: 15.63, Val. ASSD: 3.53, Val. IPE: 0.05, Val. Mem: 2.81
Epoch 85 - Loss: 0.0075 - L_BS: 0.0089 - C_Loc: 0.0054 - Beta: 0.10 - Dice: 98.80, Prec: 98.91, Rec: 99.17, HD95: 8.18, ASSD: 1.52, IPE: 0.09, Mem: 10.40
Val. Loss: 0.0063, L_BS: 0.0071, C_Loc: 0.0050, Val. DSC: 98.64, Val. Precision: 98.71, Val. Recall: 98.65, Val. HD95: 15.67, Val. ASSD: 3.22, Val. IPE: 0.05, Val. Mem: 2.81
Early stopping triggered!
Testing on easy samplesTesting on easy samples

Testing on easy samplesTesting on easy samples

Te. Loss: 0.0053 | L_BS: 0.0054 | C_Loc: 0.0053 | Beta: 0.10 | DSC: 99.00% | Precision: 99.12% | Recall: 98.91% | HD95: 9.95 px | ASSD: 1.89 px | IPE: 0.76 s/b | Mem: 5.14 GB/b | FLOPs: 218.10 G/b
[Wed 20 May 2026 10:25:26 -05] Training complete.
