[Tue 19 May 2026 14:24:28 -05] Starting training on compute-0-2.hpc.cedia.edu.ec...
Epoch 1 - Loss: 0.2533 - L_BS: 0.2734 - C_Loc: 0.2447 - Beta: 0.10 - Dice: 49.54, Prec: 60.26, Rec: 54.81, HD95: 152.05, ASSD: 41.72, IPE: 0.44, Mem: 10.87
Val. Loss: 0.3684, L_BS: 0.2725, C_Loc: 0.4095, Val. DSC: 39.76, Val. Precision: 32.63, Val. Recall: 68.20, Val. HD95: 205.97, Val. ASSD: 73.22, Val. IPE: 1.54, Val. Mem: 6.42
Model saved successfully!
Model saved successfully!
Model saved successfully!
Model saved successfully!
Epoch 2 - Loss: 0.2003 - L_BS: 0.1975 - C_Loc: 0.2015 - Beta: 0.10 - Dice: 55.61, Prec: 64.63, Rec: 57.31, HD95: 126.06, ASSD: 35.37, IPE: 0.15, Mem: 10.40
Val. Loss: 0.1530, L_BS: 0.1570, C_Loc: 0.1513, Val. DSC: 65.63, Val. Precision: 69.50, Val. Recall: 68.45, Val. HD95: 131.25, Val. ASSD: 31.79, Val. IPE: 0.05, Val. Mem: 2.81
Model saved successfully!
Model saved successfully!Model saved successfully!

Model saved successfully!
Epoch 3 - Loss: 0.1616 - L_BS: 0.1592 - C_Loc: 0.1627 - Beta: 0.10 - Dice: 63.98, Prec: 70.13, Rec: 65.77, HD95: 112.23, ASSD: 30.41, IPE: 0.15, Mem: 10.40
Val. Loss: 0.1439, L_BS: 0.1158, C_Loc: 0.1559, Val. DSC: 70.57, Val. Precision: 68.34, Val. Recall: 78.50, Val. HD95: 118.14, Val. ASSD: 32.35, Val. IPE: 0.05, Val. Mem: 2.81
Model saved successfully!
Model saved successfully!
Model saved successfully!
Model saved successfully!
Epoch 4 - Loss: 0.1440 - L_BS: 0.1399 - C_Loc: 0.1457 - Beta: 0.10 - Dice: 68.21, Prec: 72.63, Rec: 70.41, HD95: 95.57, ASSD: 26.00, IPE: 0.15, Mem: 10.40
Val. Loss: 0.1045, L_BS: 0.0969, C_Loc: 0.1077, Val. DSC: 76.95, Val. Precision: 80.20, Val. Recall: 76.44, Val. HD95: 74.78, Val. ASSD: 18.91, Val. IPE: 0.05, Val. Mem: 2.81
Model saved successfully!
Model saved successfully!
Model saved successfully!
Model saved successfully!
Epoch 5 - Loss: 0.1155 - L_BS: 0.1105 - C_Loc: 0.1177 - Beta: 0.10 - Dice: 73.81, Prec: 76.56, Rec: 75.61, HD95: 85.38, ASSD: 21.08, IPE: 0.12, Mem: 10.40
Val. Loss: 0.1005, L_BS: 0.0939, C_Loc: 0.1033, Val. DSC: 76.89, Val. Precision: 84.83, Val. Recall: 72.37, Val. HD95: 68.11, Val. ASSD: 17.90, Val. IPE: 0.05, Val. Mem: 2.81
Model saved successfully!
Model saved successfully!
Model saved successfully!
Model saved successfully!
Epoch 6 - Loss: 0.0953 - L_BS: 0.0929 - C_Loc: 0.0963 - Beta: 0.10 - Dice: 77.69, Prec: 79.24, Rec: 79.89, HD95: 81.48, ASSD: 19.89, IPE: 0.11, Mem: 10.40
Val. Loss: 0.0946, L_BS: 0.0772, C_Loc: 0.1021, Val. DSC: 79.16, Val. Precision: 73.78, Val. Recall: 88.98, Val. HD95: 77.37, Val. ASSD: 20.66, Val. IPE: 0.05, Val. Mem: 2.81
Model saved successfully!Model saved successfully!

Model saved successfully!
Model saved successfully!
Epoch 7 - Loss: 0.0889 - L_BS: 0.0871 - C_Loc: 0.0897 - Beta: 0.10 - Dice: 79.47, Prec: 81.56, Rec: 81.59, HD95: 76.86, ASSD: 18.51, IPE: 0.11, Mem: 10.40
Val. Loss: 0.0822, L_BS: 0.0723, C_Loc: 0.0865, Val. DSC: 81.09, Val. Precision: 86.90, Val. Recall: 77.99, Val. HD95: 61.32, Val. ASSD: 16.69, Val. IPE: 0.05, Val. Mem: 2.81
Model saved successfully!Model saved successfully!

Model saved successfully!
Model saved successfully!
Epoch 8 - Loss: 0.0768 - L_BS: 0.0741 - C_Loc: 0.0780 - Beta: 0.10 - Dice: 82.07, Prec: 84.43, Rec: 83.28, HD95: 67.58, ASSD: 16.30, IPE: 0.10, Mem: 10.40
Val. Loss: 0.0793, L_BS: 0.0763, C_Loc: 0.0806, Val. DSC: 80.73, Val. Precision: 87.39, Val. Recall: 76.27, Val. HD95: 57.30, Val. ASSD: 15.26, Val. IPE: 0.05, Val. Mem: 2.81
Model saved successfully!Model saved successfully!

Model saved successfully!
Model saved successfully!
Epoch 9 - Loss: 0.0689 - L_BS: 0.0653 - C_Loc: 0.0704 - Beta: 0.10 - Dice: 83.76, Prec: 85.42, Rec: 85.10, HD95: 61.86, ASSD: 15.02, IPE: 0.11, Mem: 10.40
Val. Loss: 0.0505, L_BS: 0.0498, C_Loc: 0.0508, Val. DSC: 86.99, Val. Precision: 86.77, Val. Recall: 88.17, Val. HD95: 50.70, Val. ASSD: 11.72, Val. IPE: 0.05, Val. Mem: 2.81
Model saved successfully!Model saved successfully!

Model saved successfully!
Model saved successfully!
Epoch 10 - Loss: 0.0620 - L_BS: 0.0626 - C_Loc: 0.0618 - Beta: 0.10 - Dice: 85.48, Prec: 86.40, Rec: 87.29, HD95: 59.61, ASSD: 14.61, IPE: 0.10, Mem: 10.40
Val. Loss: 0.0457, L_BS: 0.0459, C_Loc: 0.0456, Val. DSC: 88.53, Val. Precision: 88.80, Val. Recall: 88.95, Val. HD95: 47.80, Val. ASSD: 10.65, Val. IPE: 0.05, Val. Mem: 2.81
Model saved successfully!Model saved successfully!Model saved successfully!


Model saved successfully!
Epoch 11 - Loss: 0.0615 - L_BS: 0.0583 - C_Loc: 0.0628 - Beta: 0.10 - Dice: 85.68, Prec: 86.63, Rec: 87.11, HD95: 61.97, ASSD: 14.74, IPE: 0.10, Mem: 10.40
Val. Loss: 0.0554, L_BS: 0.0458, C_Loc: 0.0595, Val. DSC: 87.68, Val. Precision: 85.76, Val. Recall: 91.39, Val. HD95: 62.89, Val. ASSD: 14.70, Val. IPE: 0.05, Val. Mem: 2.81
Epoch 12 - Loss: 0.0554 - L_BS: 0.0544 - C_Loc: 0.0559 - Beta: 0.10 - Dice: 86.78, Prec: 88.27, Rec: 87.66, HD95: 51.18, ASSD: 12.19, IPE: 0.10, Mem: 10.40
Val. Loss: 0.0417, L_BS: 0.0403, C_Loc: 0.0423, Val. DSC: 89.61, Val. Precision: 91.14, Val. Recall: 88.74, Val. HD95: 37.02, Val. ASSD: 8.80, Val. IPE: 0.05, Val. Mem: 2.81
Model saved successfully!
Model saved successfully!
Model saved successfully!
Model saved successfully!
Epoch 13 - Loss: 0.0480 - L_BS: 0.0479 - C_Loc: 0.0480 - Beta: 0.10 - Dice: 88.65, Prec: 89.36, Rec: 89.99, HD95: 50.90, ASSD: 10.86, IPE: 0.10, Mem: 10.40
Val. Loss: 0.0611, L_BS: 0.0510, C_Loc: 0.0654, Val. DSC: 86.51, Val. Precision: 81.38, Val. Recall: 94.75, Val. HD95: 79.13, Val. ASSD: 16.53, Val. IPE: 0.05, Val. Mem: 2.81
Epoch 14 - Loss: 0.0526 - L_BS: 0.0476 - C_Loc: 0.0547 - Beta: 0.10 - Dice: 88.11, Prec: 89.02, Rec: 89.54, HD95: 55.43, ASSD: 12.29, IPE: 0.10, Mem: 10.40
Val. Loss: 0.0360, L_BS: 0.0349, C_Loc: 0.0364, Val. DSC: 91.14, Val. Precision: 91.00, Val. Recall: 91.95, Val. HD95: 43.08, Val. ASSD: 9.23, Val. IPE: 0.05, Val. Mem: 2.81
Model saved successfully!
Model saved successfully!Model saved successfully!

Model saved successfully!
Epoch 15 - Loss: 0.0417 - L_BS: 0.0395 - C_Loc: 0.0426 - Beta: 0.10 - Dice: 90.44, Prec: 91.08, Rec: 91.31, HD95: 41.73, ASSD: 9.33, IPE: 0.09, Mem: 10.40
Val. Loss: 0.0351, L_BS: 0.0361, C_Loc: 0.0347, Val. DSC: 90.97, Val. Precision: 95.37, Val. Recall: 87.83, Val. HD95: 35.26, Val. ASSD: 7.86, Val. IPE: 0.05, Val. Mem: 2.81
Model saved successfully!Model saved successfully!Model saved successfully!


Model saved successfully!
Epoch 16 - Loss: 0.0387 - L_BS: 0.0375 - C_Loc: 0.0392 - Beta: 0.10 - Dice: 91.05, Prec: 91.76, Rec: 91.80, HD95: 43.29, ASSD: 9.21, IPE: 0.10, Mem: 10.40
Val. Loss: 0.0335, L_BS: 0.0357, C_Loc: 0.0325, Val. DSC: 91.31, Val. Precision: 91.73, Val. Recall: 91.68, Val. HD95: 35.83, Val. ASSD: 7.93, Val. IPE: 0.05, Val. Mem: 2.81
Model saved successfully!
Model saved successfully!Model saved successfully!

Model saved successfully!
Epoch 17 - Loss: 0.0384 - L_BS: 0.0384 - C_Loc: 0.0384 - Beta: 0.10 - Dice: 91.00, Prec: 91.49, Rec: 91.97, HD95: 47.68, ASSD: 9.65, IPE: 0.10, Mem: 10.40
Val. Loss: 0.0310, L_BS: 0.0308, C_Loc: 0.0311, Val. DSC: 92.38, Val. Precision: 94.25, Val. Recall: 90.99, Val. HD95: 37.29, Val. ASSD: 7.62, Val. IPE: 0.05, Val. Mem: 2.81
Model saved successfully!
Model saved successfully!
Model saved successfully!
Model saved successfully!
Epoch 18 - Loss: 0.0405 - L_BS: 0.0391 - C_Loc: 0.0411 - Beta: 0.10 - Dice: 90.92, Prec: 91.58, Rec: 91.99, HD95: 47.44, ASSD: 9.70, IPE: 0.11, Mem: 10.40
Val. Loss: 0.0286, L_BS: 0.0267, C_Loc: 0.0294, Val. DSC: 93.30, Val. Precision: 91.95, Val. Recall: 95.18, Val. HD95: 38.24, Val. ASSD: 8.06, Val. IPE: 0.05, Val. Mem: 2.81
Model saved successfully!
Model saved successfully!
Model saved successfully!
Model saved successfully!
Epoch 19 - Loss: 0.0292 - L_BS: 0.0280 - C_Loc: 0.0298 - Beta: 0.10 - Dice: 93.35, Prec: 93.71, Rec: 93.78, HD95: 36.42, ASSD: 7.50, IPE: 0.10, Mem: 10.40
Val. Loss: 0.0268, L_BS: 0.0280, C_Loc: 0.0263, Val. DSC: 93.60, Val. Precision: 91.42, Val. Recall: 96.37, Val. HD95: 92.10, Val. ASSD: 14.38, Val. IPE: 0.05, Val. Mem: 2.81
Model saved successfully!
Model saved successfully!Model saved successfully!

Model saved successfully!
Epoch 20 - Loss: 0.0345 - L_BS: 0.0346 - C_Loc: 0.0345 - Beta: 0.10 - Dice: 92.03, Prec: 92.72, Rec: 92.70, HD95: 44.87, ASSD: 9.06, IPE: 0.10, Mem: 10.40
Val. Loss: 0.0260, L_BS: 0.0286, C_Loc: 0.0249, Val. DSC: 93.71, Val. Precision: 96.82, Val. Recall: 91.59, Val. HD95: 31.46, Val. ASSD: 6.96, Val. IPE: 0.05, Val. Mem: 2.81
Model saved successfully!
Model saved successfully!
Model saved successfully!
Model saved successfully!
Epoch 21 - Loss: 0.0299 - L_BS: 0.0289 - C_Loc: 0.0303 - Beta: 0.10 - Dice: 93.34, Prec: 93.50, Rec: 94.21, HD95: 39.06, ASSD: 7.78, IPE: 0.10, Mem: 10.40
Val. Loss: 0.0228, L_BS: 0.0249, C_Loc: 0.0219, Val. DSC: 94.16, Val. Precision: 94.91, Val. Recall: 93.75, Val. HD95: 39.49, Val. ASSD: 7.22, Val. IPE: 0.05, Val. Mem: 2.81
Model saved successfully!
Model saved successfully!Model saved successfully!

Model saved successfully!
Epoch 22 - Loss: 0.0293 - L_BS: 0.0304 - C_Loc: 0.0289 - Beta: 0.10 - Dice: 93.60, Prec: 93.78, Rec: 94.62, HD95: 40.14, ASSD: 8.02, IPE: 0.10, Mem: 10.40
Val. Loss: 0.0187, L_BS: 0.0201, C_Loc: 0.0182, Val. DSC: 95.49, Val. Precision: 95.35, Val. Recall: 95.94, Val. HD95: 29.18, Val. ASSD: 6.02, Val. IPE: 0.05, Val. Mem: 2.81
Model saved successfully!
Model saved successfully!Model saved successfully!

Model saved successfully!
Epoch 23 - Loss: 0.0329 - L_BS: 0.0356 - C_Loc: 0.0317 - Beta: 0.10 - Dice: 92.86, Prec: 93.24, Rec: 94.33, HD95: 37.46, ASSD: 7.72, IPE: 0.10, Mem: 10.40
Val. Loss: 0.0245, L_BS: 0.0261, C_Loc: 0.0239, Val. DSC: 93.87, Val. Precision: 94.60, Val. Recall: 93.41, Val. HD95: 41.27, Val. ASSD: 7.90, Val. IPE: 0.05, Val. Mem: 2.81
Epoch 24 - Loss: 0.0267 - L_BS: 0.0263 - C_Loc: 0.0268 - Beta: 0.10 - Dice: 94.17, Prec: 94.48, Rec: 94.70, HD95: 38.17, ASSD: 7.20, IPE: 0.09, Mem: 10.40
Val. Loss: 0.0268, L_BS: 0.0268, C_Loc: 0.0268, Val. DSC: 93.63, Val. Precision: 94.21, Val. Recall: 93.78, Val. HD95: 43.62, Val. ASSD: 8.05, Val. IPE: 0.05, Val. Mem: 2.81
Epoch 25 - Loss: 0.0275 - L_BS: 0.0299 - C_Loc: 0.0265 - Beta: 0.10 - Dice: 94.03, Prec: 94.22, Rec: 95.25, HD95: 38.03, ASSD: 7.16, IPE: 0.09, Mem: 10.40
Val. Loss: 0.0158, L_BS: 0.0176, C_Loc: 0.0151, Val. DSC: 96.38, Val. Precision: 97.29, Val. Recall: 95.63, Val. HD95: 29.67, Val. ASSD: 6.23, Val. IPE: 0.05, Val. Mem: 2.81
Model saved successfully!
Model saved successfully!
Model saved successfully!
Model saved successfully!
Epoch 26 - Loss: 0.0238 - L_BS: 0.0238 - C_Loc: 0.0238 - Beta: 0.10 - Dice: 94.87, Prec: 95.16, Rec: 95.36, HD95: 34.30, ASSD: 6.63, IPE: 0.09, Mem: 10.40
Val. Loss: 0.0160, L_BS: 0.0166, C_Loc: 0.0157, Val. DSC: 96.59, Val. Precision: 95.64, Val. Recall: 97.68, Val. HD95: 65.61, Val. ASSD: 10.65, Val. IPE: 0.05, Val. Mem: 2.81
Epoch 27 - Loss: 0.0232 - L_BS: 0.0263 - C_Loc: 0.0219 - Beta: 0.10 - Dice: 94.79, Prec: 94.98, Rec: 95.61, HD95: 37.74, ASSD: 6.81, IPE: 0.10, Mem: 10.40
Val. Loss: 0.0227, L_BS: 0.0218, C_Loc: 0.0231, Val. DSC: 94.77, Val. Precision: 95.74, Val. Recall: 94.20, Val. HD95: 42.94, Val. ASSD: 7.83, Val. IPE: 0.05, Val. Mem: 2.81
Epoch 28 - Loss: 0.0219 - L_BS: 0.0235 - C_Loc: 0.0212 - Beta: 0.10 - Dice: 95.24, Prec: 95.47, Rec: 95.89, HD95: 34.05, ASSD: 6.37, IPE: 0.10, Mem: 10.40
Val. Loss: 0.0170, L_BS: 0.0186, C_Loc: 0.0162, Val. DSC: 95.86, Val. Precision: 96.65, Val. Recall: 95.21, Val. HD95: 36.11, Val. ASSD: 6.89, Val. IPE: 0.05, Val. Mem: 2.81
Epoch 29 - Loss: 0.0181 - L_BS: 0.0183 - C_Loc: 0.0180 - Beta: 0.10 - Dice: 96.23, Prec: 96.28, Rec: 96.70, HD95: 30.19, ASSD: 5.53, IPE: 0.09, Mem: 10.40
Val. Loss: 0.0135, L_BS: 0.0153, C_Loc: 0.0128, Val. DSC: 96.82, Val. Precision: 96.62, Val. Recall: 97.17, Val. HD95: 31.64, Val. ASSD: 5.56, Val. IPE: 0.05, Val. Mem: 2.81
Model saved successfully!
Model saved successfully!
Model saved successfully!
Model saved successfully!
Epoch 30 - Loss: 0.0178 - L_BS: 0.0185 - C_Loc: 0.0175 - Beta: 0.10 - Dice: 96.30, Prec: 96.32, Rec: 96.84, HD95: 32.23, ASSD: 5.67, IPE: 0.09, Mem: 10.40
Val. Loss: 0.0180, L_BS: 0.0177, C_Loc: 0.0181, Val. DSC: 95.98, Val. Precision: 95.13, Val. Recall: 97.17, Val. HD95: 47.62, Val. ASSD: 7.49, Val. IPE: 0.05, Val. Mem: 2.81
Epoch 31 - Loss: 0.0180 - L_BS: 0.0188 - C_Loc: 0.0176 - Beta: 0.10 - Dice: 95.93, Prec: 96.05, Rec: 96.39, HD95: 33.69, ASSD: 6.05, IPE: 0.10, Mem: 10.40
Val. Loss: 0.0351, L_BS: 0.0308, C_Loc: 0.0370, Val. DSC: 92.86, Val. Precision: 89.11, Val. Recall: 98.24, Val. HD95: 109.45, Val. ASSD: 19.10, Val. IPE: 0.05, Val. Mem: 2.81
Epoch 32 - Loss: 0.0247 - L_BS: 0.0243 - C_Loc: 0.0249 - Beta: 0.10 - Dice: 94.62, Prec: 95.10, Rec: 95.18, HD95: 35.84, ASSD: 6.88, IPE: 0.10, Mem: 10.40
Val. Loss: 0.0158, L_BS: 0.0172, C_Loc: 0.0153, Val. DSC: 96.18, Val. Precision: 96.21, Val. Recall: 96.29, Val. HD95: 24.82, Val. ASSD: 5.54, Val. IPE: 0.05, Val. Mem: 2.81
Epoch 33 - Loss: 0.0200 - L_BS: 0.0216 - C_Loc: 0.0193 - Beta: 0.10 - Dice: 95.85, Prec: 96.14, Rec: 96.47, HD95: 29.73, ASSD: 5.37, IPE: 0.09, Mem: 10.40
Val. Loss: 0.0127, L_BS: 0.0139, C_Loc: 0.0121, Val. DSC: 97.10, Val. Precision: 98.09, Val. Recall: 96.29, Val. HD95: 21.11, Val. ASSD: 4.27, Val. IPE: 0.05, Val. Mem: 2.81
Model saved successfully!
Model saved successfully!
Model saved successfully!
Model saved successfully!
Epoch 34 - Loss: 0.0177 - L_BS: 0.0205 - C_Loc: 0.0164 - Beta: 0.10 - Dice: 96.39, Prec: 96.49, Rec: 97.18, HD95: 28.23, ASSD: 4.84, IPE: 0.10, Mem: 10.40
Val. Loss: 0.0112, L_BS: 0.0118, C_Loc: 0.0109, Val. DSC: 97.69, Val. Precision: 96.84, Val. Recall: 98.65, Val. HD95: 41.41, Val. ASSD: 6.43, Val. IPE: 0.05, Val. Mem: 2.81
Model saved successfully!
Model saved successfully!Model saved successfully!

Model saved successfully!
Epoch 35 - Loss: 0.0146 - L_BS: 0.0168 - C_Loc: 0.0136 - Beta: 0.10 - Dice: 96.87, Prec: 96.79, Rec: 97.50, HD95: 26.56, ASSD: 4.55, IPE: 0.10, Mem: 10.40
Val. Loss: 0.0131, L_BS: 0.0141, C_Loc: 0.0126, Val. DSC: 97.28, Val. Precision: 96.04, Val. Recall: 98.70, Val. HD95: 47.60, Val. ASSD: 7.87, Val. IPE: 0.05, Val. Mem: 2.81
Epoch 36 - Loss: 0.0186 - L_BS: 0.0194 - C_Loc: 0.0183 - Beta: 0.10 - Dice: 96.26, Prec: 96.53, Rec: 96.83, HD95: 27.19, ASSD: 5.13, IPE: 0.09, Mem: 10.40
Val. Loss: 0.0122, L_BS: 0.0133, C_Loc: 0.0117, Val. DSC: 97.26, Val. Precision: 96.76, Val. Recall: 97.93, Val. HD95: 48.89, Val. ASSD: 7.44, Val. IPE: 0.05, Val. Mem: 2.81
Epoch 37 - Loss: 0.0165 - L_BS: 0.0173 - C_Loc: 0.0161 - Beta: 0.10 - Dice: 96.49, Prec: 96.56, Rec: 96.98, HD95: 31.42, ASSD: 5.46, IPE: 0.10, Mem: 10.40
Val. Loss: 0.0120, L_BS: 0.0134, C_Loc: 0.0114, Val. DSC: 97.31, Val. Precision: 96.28, Val. Recall: 98.49, Val. HD95: 39.62, Val. ASSD: 7.24, Val. IPE: 0.05, Val. Mem: 2.81
Epoch 38 - Loss: 0.0132 - L_BS: 0.0156 - C_Loc: 0.0121 - Beta: 0.10 - Dice: 97.28, Prec: 97.28, Rec: 97.78, HD95: 21.38, ASSD: 4.02, IPE: 0.09, Mem: 10.40
Val. Loss: 0.0100, L_BS: 0.0108, C_Loc: 0.0096, Val. DSC: 97.90, Val. Precision: 97.85, Val. Recall: 98.04, Val. HD95: 26.47, Val. ASSD: 4.64, Val. IPE: 0.05, Val. Mem: 2.81
Model saved successfully!Model saved successfully!
Model saved successfully!

Model saved successfully!
Epoch 39 - Loss: 0.0120 - L_BS: 0.0142 - C_Loc: 0.0110 - Beta: 0.10 - Dice: 97.50, Prec: 97.46, Rec: 97.97, HD95: 21.90, ASSD: 3.66, IPE: 0.09, Mem: 10.40
Val. Loss: 0.0103, L_BS: 0.0109, C_Loc: 0.0100, Val. DSC: 97.83, Val. Precision: 98.01, Val. Recall: 97.75, Val. HD95: 23.02, Val. ASSD: 4.38, Val. IPE: 0.05, Val. Mem: 2.81
Epoch 40 - Loss: 0.0143 - L_BS: 0.0151 - C_Loc: 0.0140 - Beta: 0.10 - Dice: 97.13, Prec: 97.36, Rec: 97.43, HD95: 24.69, ASSD: 4.24, IPE: 0.09, Mem: 10.40
Val. Loss: 0.0162, L_BS: 0.0154, C_Loc: 0.0165, Val. DSC: 96.82, Val. Precision: 94.76, Val. Recall: 99.37, Val. HD95: 47.83, Val. ASSD: 7.50, Val. IPE: 0.05, Val. Mem: 2.81
Epoch 41 - Loss: 0.0139 - L_BS: 0.0148 - C_Loc: 0.0135 - Beta: 0.10 - Dice: 97.22, Prec: 97.11, Rec: 97.85, HD95: 24.75, ASSD: 4.29, IPE: 0.09, Mem: 10.40
Val. Loss: 0.0100, L_BS: 0.0111, C_Loc: 0.0096, Val. DSC: 97.78, Val. Precision: 97.64, Val. Recall: 98.00, Val. HD95: 40.07, Val. ASSD: 6.68, Val. IPE: 0.05, Val. Mem: 2.81
Epoch 42 - Loss: 0.0128 - L_BS: 0.0139 - C_Loc: 0.0124 - Beta: 0.10 - Dice: 97.35, Prec: 97.45, Rec: 97.57, HD95: 27.23, ASSD: 4.46, IPE: 0.09, Mem: 10.40
Val. Loss: 0.0126, L_BS: 0.0129, C_Loc: 0.0124, Val. DSC: 97.21, Val. Precision: 96.27, Val. Recall: 98.37, Val. HD95: 31.88, Val. ASSD: 5.31, Val. IPE: 0.05, Val. Mem: 2.81
Epoch 43 - Loss: 0.0107 - L_BS: 0.0125 - C_Loc: 0.0099 - Beta: 0.10 - Dice: 97.85, Prec: 97.87, Rec: 98.15, HD95: 18.79, ASSD: 3.28, IPE: 0.09, Mem: 10.40
Val. Loss: 0.0078, L_BS: 0.0094, C_Loc: 0.0071, Val. DSC: 98.23, Val. Precision: 98.69, Val. Recall: 97.82, Val. HD95: 19.20, Val. ASSD: 3.79, Val. IPE: 0.05, Val. Mem: 2.81
Model saved successfully!
Model saved successfully!Model saved successfully!

Model saved successfully!
Epoch 44 - Loss: 0.0107 - L_BS: 0.0132 - C_Loc: 0.0097 - Beta: 0.10 - Dice: 97.82, Prec: 97.85, Rec: 98.33, HD95: 17.85, ASSD: 3.08, IPE: 0.09, Mem: 10.40
Val. Loss: 0.0095, L_BS: 0.0111, C_Loc: 0.0088, Val. DSC: 97.81, Val. Precision: 99.00, Val. Recall: 96.78, Val. HD95: 15.41, Val. ASSD: 3.27, Val. IPE: 0.05, Val. Mem: 2.81
Epoch 45 - Loss: 0.0149 - L_BS: 0.0168 - C_Loc: 0.0140 - Beta: 0.10 - Dice: 96.94, Prec: 96.95, Rec: 97.73, HD95: 26.52, ASSD: 4.47, IPE: 0.09, Mem: 10.40
Val. Loss: 0.0132, L_BS: 0.0135, C_Loc: 0.0130, Val. DSC: 97.04, Val. Precision: 96.84, Val. Recall: 97.49, Val. HD95: 33.16, Val. ASSD: 5.38, Val. IPE: 0.05, Val. Mem: 2.81
Epoch 46 - Loss: 0.0146 - L_BS: 0.0163 - C_Loc: 0.0139 - Beta: 0.10 - Dice: 97.10, Prec: 97.16, Rec: 97.82, HD95: 22.79, ASSD: 4.05, IPE: 0.09, Mem: 10.40
Val. Loss: 0.0174, L_BS: 0.0154, C_Loc: 0.0183, Val. DSC: 96.19, Val. Precision: 94.80, Val. Recall: 97.88, Val. HD95: 40.18, Val. ASSD: 6.93, Val. IPE: 0.05, Val. Mem: 2.81
Epoch 47 - Loss: 0.0132 - L_BS: 0.0130 - C_Loc: 0.0132 - Beta: 0.10 - Dice: 97.24, Prec: 97.24, Rec: 97.56, HD95: 26.00, ASSD: 4.57, IPE: 0.09, Mem: 10.40
Val. Loss: 0.0097, L_BS: 0.0105, C_Loc: 0.0094, Val. DSC: 97.83, Val. Precision: 97.68, Val. Recall: 98.08, Val. HD95: 25.46, Val. ASSD: 4.43, Val. IPE: 0.05, Val. Mem: 2.81
Epoch 48 - Loss: 0.0122 - L_BS: 0.0146 - C_Loc: 0.0112 - Beta: 0.10 - Dice: 97.43, Prec: 97.47, Rec: 97.92, HD95: 25.54, ASSD: 4.21, IPE: 0.09, Mem: 10.40
Val. Loss: 0.0081, L_BS: 0.0088, C_Loc: 0.0078, Val. DSC: 98.26, Val. Precision: 98.05, Val. Recall: 98.54, Val. HD95: 24.73, Val. ASSD: 4.31, Val. IPE: 0.05, Val. Mem: 2.81
Epoch 49 - Loss: 0.0096 - L_BS: 0.0104 - C_Loc: 0.0093 - Beta: 0.10 - Dice: 98.10, Prec: 98.20, Rec: 98.24, HD95: 18.40, ASSD: 3.16, IPE: 0.09, Mem: 10.40
Val. Loss: 0.0068, L_BS: 0.0076, C_Loc: 0.0064, Val. DSC: 98.57, Val. Precision: 98.18, Val. Recall: 99.01, Val. HD95: 19.00, Val. ASSD: 3.60, Val. IPE: 0.05, Val. Mem: 2.81
Model saved successfully!
Model saved successfully!
Model saved successfully!
Model saved successfully!
Epoch 50 - Loss: 0.0106 - L_BS: 0.0111 - C_Loc: 0.0104 - Beta: 0.10 - Dice: 97.92, Prec: 97.90, Rec: 98.35, HD95: 18.02, ASSD: 3.26, IPE: 0.09, Mem: 10.40
Val. Loss: 0.0081, L_BS: 0.0085, C_Loc: 0.0080, Val. DSC: 98.35, Val. Precision: 97.79, Val. Recall: 99.00, Val. HD95: 28.40, Val. ASSD: 4.65, Val. IPE: 0.05, Val. Mem: 2.81
Epoch 51 - Loss: 0.0119 - L_BS: 0.0134 - C_Loc: 0.0113 - Beta: 0.10 - Dice: 97.54, Prec: 97.63, Rec: 97.97, HD95: 22.93, ASSD: 3.85, IPE: 0.09, Mem: 10.40
Val. Loss: 0.0196, L_BS: 0.0163, C_Loc: 0.0210, Val. DSC: 96.11, Val. Precision: 94.22, Val. Recall: 98.84, Val. HD95: 49.92, Val. ASSD: 8.72, Val. IPE: 0.05, Val. Mem: 2.81
Epoch 52 - Loss: 0.0154 - L_BS: 0.0168 - C_Loc: 0.0148 - Beta: 0.10 - Dice: 96.79, Prec: 96.98, Rec: 97.29, HD95: 33.43, ASSD: 5.44, IPE: 0.09, Mem: 10.40
Val. Loss: 0.0097, L_BS: 0.0102, C_Loc: 0.0095, Val. DSC: 97.94, Val. Precision: 97.05, Val. Recall: 98.99, Val. HD95: 32.04, Val. ASSD: 5.44, Val. IPE: 0.05, Val. Mem: 2.81
Epoch 53 - Loss: 0.0113 - L_BS: 0.0133 - C_Loc: 0.0104 - Beta: 0.10 - Dice: 97.70, Prec: 97.76, Rec: 98.22, HD95: 20.70, ASSD: 3.39, IPE: 0.09, Mem: 10.40
Val. Loss: 0.0070, L_BS: 0.0080, C_Loc: 0.0066, Val. DSC: 98.47, Val. Precision: 98.46, Val. Recall: 98.55, Val. HD95: 21.37, Val. ASSD: 3.70, Val. IPE: 0.05, Val. Mem: 2.81
Epoch 54 - Loss: 0.0096 - L_BS: 0.0114 - C_Loc: 0.0088 - Beta: 0.10 - Dice: 98.12, Prec: 98.11, Rec: 98.60, HD95: 14.30, ASSD: 2.63, IPE: 0.09, Mem: 10.40
Val. Loss: 0.0072, L_BS: 0.0080, C_Loc: 0.0068, Val. DSC: 98.45, Val. Precision: 98.66, Val. Recall: 98.27, Val. HD95: 24.16, Val. ASSD: 3.90, Val. IPE: 0.05, Val. Mem: 2.81
Epoch 55 - Loss: 0.0085 - L_BS: 0.0094 - C_Loc: 0.0081 - Beta: 0.10 - Dice: 98.31, Prec: 98.41, Rec: 98.44, HD95: 16.74, ASSD: 2.91, IPE: 0.09, Mem: 10.40
Val. Loss: 0.0079, L_BS: 0.0091, C_Loc: 0.0074, Val. DSC: 98.27, Val. Precision: 98.08, Val. Recall: 98.55, Val. HD95: 26.05, Val. ASSD: 4.27, Val. IPE: 0.05, Val. Mem: 2.81
Epoch 56 - Loss: 0.0077 - L_BS: 0.0096 - C_Loc: 0.0069 - Beta: 0.10 - Dice: 98.36, Prec: 98.34, Rec: 98.69, HD95: 15.88, ASSD: 2.63, IPE: 0.09, Mem: 10.40
Val. Loss: 0.0069, L_BS: 0.0074, C_Loc: 0.0066, Val. DSC: 98.57, Val. Precision: 98.78, Val. Recall: 98.40, Val. HD95: 21.55, Val. ASSD: 3.53, Val. IPE: 0.05, Val. Mem: 2.81
Epoch 57 - Loss: 0.0089 - L_BS: 0.0116 - C_Loc: 0.0078 - Beta: 0.10 - Dice: 98.27, Prec: 98.33, Rec: 98.76, HD95: 11.14, ASSD: 2.02, IPE: 0.09, Mem: 10.40
Val. Loss: 0.0066, L_BS: 0.0075, C_Loc: 0.0063, Val. DSC: 98.56, Val. Precision: 98.10, Val. Recall: 99.08, Val. HD95: 25.73, Val. ASSD: 4.09, Val. IPE: 0.05, Val. Mem: 2.81
Model saved successfully!
Model saved successfully!
Model saved successfully!
Model saved successfully!
Epoch 58 - Loss: 0.0084 - L_BS: 0.0106 - C_Loc: 0.0075 - Beta: 0.10 - Dice: 98.35, Prec: 98.44, Rec: 98.78, HD95: 13.91, ASSD: 2.45, IPE: 0.09, Mem: 10.40
Val. Loss: 0.0071, L_BS: 0.0079, C_Loc: 0.0067, Val. DSC: 98.40, Val. Precision: 97.88, Val. Recall: 98.99, Val. HD95: 23.17, Val. ASSD: 3.72, Val. IPE: 0.05, Val. Mem: 2.81
Epoch 59 - Loss: 0.0071 - L_BS: 0.0090 - C_Loc: 0.0063 - Beta: 0.10 - Dice: 98.59, Prec: 98.64, Rec: 98.84, HD95: 11.95, ASSD: 1.90, IPE: 0.09, Mem: 10.40
Val. Loss: 0.0074, L_BS: 0.0081, C_Loc: 0.0070, Val. DSC: 98.33, Val. Precision: 98.08, Val. Recall: 98.65, Val. HD95: 19.60, Val. ASSD: 3.34, Val. IPE: 0.05, Val. Mem: 2.81
Epoch 60 - Loss: 0.0047 - L_BS: 0.0057 - C_Loc: 0.0043 - Beta: 0.10 - Dice: 99.06, Prec: 99.12, Rec: 99.03, HD95: 8.65, ASSD: 1.56, IPE: 0.09, Mem: 10.40
Val. Loss: 0.0062, L_BS: 0.0069, C_Loc: 0.0059, Val. DSC: 98.67, Val. Precision: 98.48, Val. Recall: 98.90, Val. HD95: 19.34, Val. ASSD: 3.55, Val. IPE: 0.05, Val. Mem: 2.81
Model saved successfully!
Model saved successfully!
Model saved successfully!
Model saved successfully!
Epoch 61 - Loss: 0.0073 - L_BS: 0.0091 - C_Loc: 0.0066 - Beta: 0.10 - Dice: 98.54, Prec: 98.49, Rec: 98.92, HD95: 13.82, ASSD: 2.28, IPE: 0.09, Mem: 10.40
Val. Loss: 0.0068, L_BS: 0.0071, C_Loc: 0.0067, Val. DSC: 98.61, Val. Precision: 98.01, Val. Recall: 99.29, Val. HD95: 22.26, Val. ASSD: 4.02, Val. IPE: 0.05, Val. Mem: 2.81
Epoch 62 - Loss: 0.0068 - L_BS: 0.0082 - C_Loc: 0.0062 - Beta: 0.10 - Dice: 98.73, Prec: 98.75, Rec: 99.00, HD95: 12.01, ASSD: 1.98, IPE: 0.09, Mem: 10.40
Val. Loss: 0.0058, L_BS: 0.0067, C_Loc: 0.0055, Val. DSC: 98.70, Val. Precision: 98.79, Val. Recall: 98.64, Val. HD95: 13.21, Val. ASSD: 2.71, Val. IPE: 0.05, Val. Mem: 2.81
Model saved successfully!
Model saved successfully!Model saved successfully!

Model saved successfully!
Epoch 63 - Loss: 0.0054 - L_BS: 0.0066 - C_Loc: 0.0049 - Beta: 0.10 - Dice: 98.96, Prec: 99.01, Rec: 99.07, HD95: 10.22, ASSD: 1.77, IPE: 0.09, Mem: 10.40
Val. Loss: 0.0058, L_BS: 0.0066, C_Loc: 0.0055, Val. DSC: 98.74, Val. Precision: 98.55, Val. Recall: 98.98, Val. HD95: 18.95, Val. ASSD: 3.39, Val. IPE: 0.05, Val. Mem: 2.81
Model saved successfully!
Model saved successfully!Model saved successfully!

Model saved successfully!
Epoch 64 - Loss: 0.0067 - L_BS: 0.0085 - C_Loc: 0.0059 - Beta: 0.10 - Dice: 98.68, Prec: 98.71, Rec: 98.94, HD95: 10.19, ASSD: 1.88, IPE: 0.09, Mem: 10.40
Val. Loss: 0.0053, L_BS: 0.0062, C_Loc: 0.0050, Val. DSC: 98.81, Val. Precision: 98.90, Val. Recall: 98.74, Val. HD95: 16.76, Val. ASSD: 2.74, Val. IPE: 0.05, Val. Mem: 2.81
Model saved successfully!
Model saved successfully!
Model saved successfully!
Model saved successfully!
Epoch 65 - Loss: 0.0058 - L_BS: 0.0078 - C_Loc: 0.0050 - Beta: 0.10 - Dice: 98.86, Prec: 98.87, Rec: 99.13, HD95: 9.63, ASSD: 1.72, IPE: 0.09, Mem: 10.40
Val. Loss: 0.0055, L_BS: 0.0066, C_Loc: 0.0050, Val. DSC: 98.76, Val. Precision: 98.74, Val. Recall: 98.82, Val. HD95: 15.08, Val. ASSD: 3.18, Val. IPE: 0.05, Val. Mem: 2.81
Epoch 66 - Loss: 0.0054 - L_BS: 0.0069 - C_Loc: 0.0048 - Beta: 0.10 - Dice: 98.90, Prec: 98.93, Rec: 99.07, HD95: 9.14, ASSD: 1.69, IPE: 0.09, Mem: 10.40
Val. Loss: 0.0059, L_BS: 0.0064, C_Loc: 0.0056, Val. DSC: 98.76, Val. Precision: 98.42, Val. Recall: 99.16, Val. HD95: 18.86, Val. ASSD: 3.38, Val. IPE: 0.05, Val. Mem: 2.81
Epoch 67 - Loss: 0.0058 - L_BS: 0.0077 - C_Loc: 0.0050 - Beta: 0.10 - Dice: 98.89, Prec: 98.96, Rec: 99.06, HD95: 9.71, ASSD: 1.63, IPE: 0.09, Mem: 10.40
Val. Loss: 0.0053, L_BS: 0.0062, C_Loc: 0.0050, Val. DSC: 98.85, Val. Precision: 98.56, Val. Recall: 99.17, Val. HD95: 18.35, Val. ASSD: 2.97, Val. IPE: 0.05, Val. Mem: 2.81
Model saved successfully!
Model saved successfully!
Model saved successfully!
Model saved successfully!
Epoch 68 - Loss: 0.0057 - L_BS: 0.0070 - C_Loc: 0.0051 - Beta: 0.10 - Dice: 98.89, Prec: 98.92, Rec: 99.05, HD95: 9.27, ASSD: 1.73, IPE: 0.09, Mem: 10.40
Val. Loss: 0.0050, L_BS: 0.0058, C_Loc: 0.0047, Val. DSC: 98.91, Val. Precision: 98.73, Val. Recall: 99.11, Val. HD95: 18.08, Val. ASSD: 2.99, Val. IPE: 0.05, Val. Mem: 2.81
Model saved successfully!
Model saved successfully!
Model saved successfully!
Model saved successfully!
Epoch 69 - Loss: 0.0047 - L_BS: 0.0062 - C_Loc: 0.0041 - Beta: 0.10 - Dice: 99.07, Prec: 99.10, Rec: 99.17, HD95: 8.59, ASSD: 1.42, IPE: 0.09, Mem: 10.40
Val. Loss: 0.0051, L_BS: 0.0059, C_Loc: 0.0047, Val. DSC: 98.89, Val. Precision: 98.87, Val. Recall: 98.93, Val. HD95: 14.18, Val. ASSD: 2.78, Val. IPE: 0.05, Val. Mem: 2.81
Epoch 70 - Loss: 0.0053 - L_BS: 0.0067 - C_Loc: 0.0046 - Beta: 0.10 - Dice: 98.94, Prec: 98.92, Rec: 99.14, HD95: 9.52, ASSD: 1.66, IPE: 0.09, Mem: 10.40
Val. Loss: 0.0051, L_BS: 0.0059, C_Loc: 0.0047, Val. DSC: 98.89, Val. Precision: 98.58, Val. Recall: 99.23, Val. HD95: 18.61, Val. ASSD: 2.93, Val. IPE: 0.05, Val. Mem: 2.81
Epoch 71 - Loss: 0.0051 - L_BS: 0.0064 - C_Loc: 0.0045 - Beta: 0.10 - Dice: 98.99, Prec: 99.00, Rec: 99.12, HD95: 10.82, ASSD: 1.70, IPE: 0.09, Mem: 10.40
Val. Loss: 0.0051, L_BS: 0.0061, C_Loc: 0.0047, Val. DSC: 98.86, Val. Precision: 98.85, Val. Recall: 98.89, Val. HD95: 14.88, Val. ASSD: 2.93, Val. IPE: 0.05, Val. Mem: 2.81
Epoch 72 - Loss: 0.0060 - L_BS: 0.0087 - C_Loc: 0.0048 - Beta: 0.10 - Dice: 98.82, Prec: 98.86, Rec: 99.16, HD95: 8.23, ASSD: 1.52, IPE: 0.09, Mem: 10.40
Val. Loss: 0.0051, L_BS: 0.0058, C_Loc: 0.0047, Val. DSC: 98.90, Val. Precision: 98.88, Val. Recall: 98.95, Val. HD95: 14.67, Val. ASSD: 2.83, Val. IPE: 0.05, Val. Mem: 2.81
Epoch 73 - Loss: 0.0059 - L_BS: 0.0075 - C_Loc: 0.0052 - Beta: 0.10 - Dice: 98.87, Prec: 98.84, Rec: 99.25, HD95: 6.42, ASSD: 1.31, IPE: 0.08, Mem: 10.40
Val. Loss: 0.0049, L_BS: 0.0058, C_Loc: 0.0046, Val. DSC: 98.92, Val. Precision: 98.73, Val. Recall: 99.14, Val. HD95: 17.79, Val. ASSD: 3.01, Val. IPE: 0.05, Val. Mem: 2.81
Model saved successfully!Model saved successfully!Model saved successfully!


Model saved successfully!
Epoch 74 - Loss: 0.0042 - L_BS: 0.0051 - C_Loc: 0.0038 - Beta: 0.10 - Dice: 99.17, Prec: 99.24, Rec: 99.12, HD95: 8.58, ASSD: 1.55, IPE: 0.09, Mem: 10.40
Val. Loss: 0.0050, L_BS: 0.0058, C_Loc: 0.0046, Val. DSC: 98.90, Val. Precision: 99.01, Val. Recall: 98.82, Val. HD95: 14.21, Val. ASSD: 2.72, Val. IPE: 0.05, Val. Mem: 2.81
Epoch 75 - Loss: 0.0043 - L_BS: 0.0053 - C_Loc: 0.0038 - Beta: 0.10 - Dice: 99.11, Prec: 99.09, Rec: 99.20, HD95: 8.71, ASSD: 1.54, IPE: 0.08, Mem: 10.40
Val. Loss: 0.0054, L_BS: 0.0061, C_Loc: 0.0051, Val. DSC: 98.83, Val. Precision: 98.66, Val. Recall: 99.03, Val. HD95: 18.57, Val. ASSD: 3.10, Val. IPE: 0.05, Val. Mem: 2.81
Epoch 76 - Loss: 0.0059 - L_BS: 0.0083 - C_Loc: 0.0049 - Beta: 0.10 - Dice: 98.89, Prec: 98.91, Rec: 99.24, HD95: 7.15, ASSD: 1.23, IPE: 0.09, Mem: 10.40
Val. Loss: 0.0054, L_BS: 0.0061, C_Loc: 0.0050, Val. DSC: 98.83, Val. Precision: 98.50, Val. Recall: 99.19, Val. HD95: 15.23, Val. ASSD: 3.00, Val. IPE: 0.05, Val. Mem: 2.81
Epoch 77 - Loss: 0.0066 - L_BS: 0.0082 - C_Loc: 0.0059 - Beta: 0.10 - Dice: 98.74, Prec: 98.76, Rec: 99.02, HD95: 13.22, ASSD: 2.03, IPE: 0.09, Mem: 10.40
Val. Loss: 0.0057, L_BS: 0.0063, C_Loc: 0.0055, Val. DSC: 98.78, Val. Precision: 98.63, Val. Recall: 98.98, Val. HD95: 18.05, Val. ASSD: 3.07, Val. IPE: 0.05, Val. Mem: 2.81
Epoch 78 - Loss: 0.0047 - L_BS: 0.0062 - C_Loc: 0.0041 - Beta: 0.10 - Dice: 99.06, Prec: 99.10, Rec: 99.17, HD95: 9.06, ASSD: 1.48, IPE: 0.09, Mem: 10.40
Val. Loss: 0.0048, L_BS: 0.0055, C_Loc: 0.0045, Val. DSC: 98.95, Val. Precision: 98.70, Val. Recall: 99.25, Val. HD95: 10.05, Val. ASSD: 2.16, Val. IPE: 0.05, Val. Mem: 2.81
Model saved successfully!
Model saved successfully!
Model saved successfully!
Model saved successfully!
Epoch 79 - Loss: 0.0047 - L_BS: 0.0066 - C_Loc: 0.0038 - Beta: 0.10 - Dice: 99.10, Prec: 99.13, Rec: 99.31, HD95: 6.31, ASSD: 1.14, IPE: 0.09, Mem: 10.40
Val. Loss: 0.0048, L_BS: 0.0056, C_Loc: 0.0044, Val. DSC: 98.95, Val. Precision: 98.80, Val. Recall: 99.13, Val. HD95: 14.36, Val. ASSD: 2.77, Val. IPE: 0.05, Val. Mem: 2.81
Model saved successfully!
Model saved successfully!
Model saved successfully!
Model saved successfully!
Epoch 80 - Loss: 0.0050 - L_BS: 0.0068 - C_Loc: 0.0042 - Beta: 0.10 - Dice: 99.06, Prec: 99.08, Rec: 99.29, HD95: 6.44, ASSD: 1.19, IPE: 0.09, Mem: 10.40
Val. Loss: 0.0047, L_BS: 0.0059, C_Loc: 0.0041, Val. DSC: 98.92, Val. Precision: 99.04, Val. Recall: 98.82, Val. HD95: 10.06, Val. ASSD: 2.19, Val. IPE: 0.05, Val. Mem: 2.81
Model saved successfully!
Model saved successfully!
Model saved successfully!
Model saved successfully!
Epoch 81 - Loss: 0.0072 - L_BS: 0.0090 - C_Loc: 0.0064 - Beta: 0.10 - Dice: 98.59, Prec: 98.56, Rec: 99.07, HD95: 9.98, ASSD: 1.84, IPE: 0.09, Mem: 10.40
Val. Loss: 0.0051, L_BS: 0.0060, C_Loc: 0.0047, Val. DSC: 98.88, Val. Precision: 99.03, Val. Recall: 98.76, Val. HD95: 17.41, Val. ASSD: 2.68, Val. IPE: 0.05, Val. Mem: 2.81
Epoch 82 - Loss: 0.0054 - L_BS: 0.0080 - C_Loc: 0.0043 - Beta: 0.10 - Dice: 98.95, Prec: 98.98, Rec: 99.28, HD95: 7.17, ASSD: 1.25, IPE: 0.09, Mem: 10.40
Val. Loss: 0.0049, L_BS: 0.0059, C_Loc: 0.0045, Val. DSC: 98.90, Val. Precision: 98.94, Val. Recall: 98.89, Val. HD95: 10.08, Val. ASSD: 2.27, Val. IPE: 0.05, Val. Mem: 2.81
Epoch 83 - Loss: 0.0045 - L_BS: 0.0060 - C_Loc: 0.0039 - Beta: 0.10 - Dice: 99.08, Prec: 99.04, Rec: 99.31, HD95: 6.60, ASSD: 1.31, IPE: 0.09, Mem: 10.40
Val. Loss: 0.0044, L_BS: 0.0056, C_Loc: 0.0040, Val. DSC: 98.98, Val. Precision: 98.94, Val. Recall: 99.06, Val. HD95: 13.71, Val. ASSD: 2.28, Val. IPE: 0.05, Val. Mem: 2.81
Model saved successfully!
Model saved successfully!
Model saved successfully!
Model saved successfully!
Epoch 84 - Loss: 0.0058 - L_BS: 0.0089 - C_Loc: 0.0045 - Beta: 0.10 - Dice: 98.90, Prec: 98.93, Rec: 99.33, HD95: 5.83, ASSD: 1.02, IPE: 0.09, Mem: 10.40
Val. Loss: 0.0045, L_BS: 0.0055, C_Loc: 0.0041, Val. DSC: 98.97, Val. Precision: 98.96, Val. Recall: 99.01, Val. HD95: 14.23, Val. ASSD: 2.50, Val. IPE: 0.05, Val. Mem: 2.81
Epoch 85 - Loss: 0.0058 - L_BS: 0.0082 - C_Loc: 0.0047 - Beta: 0.10 - Dice: 98.90, Prec: 98.95, Rec: 99.20, HD95: 8.88, ASSD: 1.53, IPE: 0.09, Mem: 10.40
Val. Loss: 0.0047, L_BS: 0.0055, C_Loc: 0.0043, Val. DSC: 98.97, Val. Precision: 98.96, Val. Recall: 99.01, Val. HD95: 12.66, Val. ASSD: 2.18, Val. IPE: 0.05, Val. Mem: 2.81
Epoch 86 - Loss: 0.0066 - L_BS: 0.0077 - C_Loc: 0.0062 - Beta: 0.10 - Dice: 98.64, Prec: 98.64, Rec: 98.90, HD95: 13.14, ASSD: 2.15, IPE: 0.09, Mem: 10.40
Val. Loss: 0.0055, L_BS: 0.0064, C_Loc: 0.0051, Val. DSC: 98.78, Val. Precision: 98.52, Val. Recall: 99.07, Val. HD95: 11.92, Val. ASSD: 2.57, Val. IPE: 0.05, Val. Mem: 2.81
Epoch 87 - Loss: 0.0064 - L_BS: 0.0086 - C_Loc: 0.0054 - Beta: 0.10 - Dice: 98.77, Prec: 98.85, Rec: 99.06, HD95: 10.80, ASSD: 1.84, IPE: 0.09, Mem: 10.40
Val. Loss: 0.0050, L_BS: 0.0058, C_Loc: 0.0047, Val. DSC: 98.91, Val. Precision: 98.57, Val. Recall: 99.30, Val. HD95: 10.76, Val. ASSD: 2.51, Val. IPE: 0.05, Val. Mem: 2.81
Epoch 88 - Loss: 0.0049 - L_BS: 0.0068 - C_Loc: 0.0040 - Beta: 0.10 - Dice: 99.07, Prec: 99.08, Rec: 99.29, HD95: 7.87, ASSD: 1.29, IPE: 0.09, Mem: 10.40
Val. Loss: 0.0043, L_BS: 0.0055, C_Loc: 0.0038, Val. DSC: 99.00, Val. Precision: 98.94, Val. Recall: 99.09, Val. HD95: 9.63, Val. ASSD: 2.15, Val. IPE: 0.05, Val. Mem: 2.81
Model saved successfully!
Model saved successfully!Model saved successfully!

Model saved successfully!
Epoch 89 - Loss: 0.0044 - L_BS: 0.0066 - C_Loc: 0.0034 - Beta: 0.10 - Dice: 99.13, Prec: 99.16, Rec: 99.33, HD95: 7.88, ASSD: 1.21, IPE: 0.09, Mem: 10.40
Val. Loss: 0.0042, L_BS: 0.0053, C_Loc: 0.0038, Val. DSC: 99.04, Val. Precision: 98.84, Val. Recall: 99.27, Val. HD95: 9.85, Val. ASSD: 2.34, Val. IPE: 0.05, Val. Mem: 2.81
Model saved successfully!
Model saved successfully!
Model saved successfully!
Model saved successfully!
Epoch 90 - Loss: 0.0060 - L_BS: 0.0089 - C_Loc: 0.0048 - Beta: 0.10 - Dice: 98.83, Prec: 98.86, Rec: 99.32, HD95: 5.35, ASSD: 1.12, IPE: 0.09, Mem: 10.40
Val. Loss: 0.0046, L_BS: 0.0053, C_Loc: 0.0042, Val. DSC: 99.01, Val. Precision: 98.82, Val. Recall: 99.24, Val. HD95: 13.24, Val. ASSD: 2.42, Val. IPE: 0.05, Val. Mem: 2.81
Epoch 91 - Loss: 0.0045 - L_BS: 0.0058 - C_Loc: 0.0039 - Beta: 0.10 - Dice: 99.15, Prec: 99.19, Rec: 99.26, HD95: 8.31, ASSD: 1.38, IPE: 0.09, Mem: 10.40
Val. Loss: 0.0049, L_BS: 0.0057, C_Loc: 0.0045, Val. DSC: 98.94, Val. Precision: 98.82, Val. Recall: 99.08, Val. HD95: 11.51, Val. ASSD: 2.34, Val. IPE: 0.05, Val. Mem: 2.81
Epoch 92 - Loss: 0.0078 - L_BS: 0.0110 - C_Loc: 0.0065 - Beta: 0.10 - Dice: 98.51, Prec: 98.49, Rec: 99.16, HD95: 10.58, ASSD: 1.79, IPE: 0.08, Mem: 10.40
Val. Loss: 0.0050, L_BS: 0.0056, C_Loc: 0.0047, Val. DSC: 98.93, Val. Precision: 98.58, Val. Recall: 99.33, Val. HD95: 13.09, Val. ASSD: 2.58, Val. IPE: 0.05, Val. Mem: 2.81
Epoch 93 - Loss: 0.0035 - L_BS: 0.0045 - C_Loc: 0.0031 - Beta: 0.10 - Dice: 99.31, Prec: 99.33, Rec: 99.31, HD95: 8.37, ASSD: 1.23, IPE: 0.09, Mem: 10.40
Val. Loss: 0.0045, L_BS: 0.0054, C_Loc: 0.0042, Val. DSC: 99.00, Val. Precision: 98.89, Val. Recall: 99.12, Val. HD95: 12.40, Val. ASSD: 2.35, Val. IPE: 0.05, Val. Mem: 2.81
Epoch 94 - Loss: 0.0042 - L_BS: 0.0056 - C_Loc: 0.0035 - Beta: 0.10 - Dice: 99.18, Prec: 99.18, Rec: 99.32, HD95: 7.60, ASSD: 1.27, IPE: 0.09, Mem: 10.40
Val. Loss: 0.0045, L_BS: 0.0051, C_Loc: 0.0042, Val. DSC: 99.04, Val. Precision: 98.87, Val. Recall: 99.24, Val. HD95: 13.67, Val. ASSD: 2.35, Val. IPE: 0.05, Val. Mem: 2.81
[Tue 19 May 2026 15:02:32 -05] Training complete.
