[Wed 20 May 2026 06:00:15 -05] Starting training on compute-0-1.hpc.cedia.edu.ec...
Epoch 1 - Loss: 0.2544 - L_BS: 0.2857 - C_Loc: 0.2409 - Beta: 0.10 - Dice: 47.75, Prec: 59.03, Rec: 51.33, HD95: 153.50, ASSD: 40.62, IPE: 0.30, Mem: 10.87
Val. Loss: 0.2662, L_BS: 0.2312, C_Loc: 0.2812, Val. DSC: 57.74, Val. Precision: 52.94, Val. Recall: 78.13, Val. HD95: 171.85, Val. ASSD: 46.50, Val. IPE: 1.71, Val. Mem: 6.42
Model saved successfully!
Model saved successfully!
Model saved successfully!
Model saved successfully!
Epoch 2 - Loss: 0.1850 - L_BS: 0.1869 - C_Loc: 0.1842 - Beta: 0.10 - Dice: 62.28, Prec: 68.52, Rec: 65.21, HD95: 118.31, ASSD: 31.65, IPE: 0.13, Mem: 10.40
Val. Loss: 0.1642, L_BS: 0.1393, C_Loc: 0.1749, Val. DSC: 68.12, Val. Precision: 63.72, Val. Recall: 81.47, Val. HD95: 106.55, Val. ASSD: 32.31, Val. IPE: 0.05, Val. Mem: 2.81
Model saved successfully!
Model saved successfully!Model saved successfully!

Model saved successfully!
Epoch 3 - Loss: 0.1467 - L_BS: 0.1393 - C_Loc: 0.1499 - Beta: 0.10 - Dice: 68.04, Prec: 72.31, Rec: 71.32, HD95: 96.14, ASSD: 27.54, IPE: 0.11, Mem: 10.40
Val. Loss: 0.1083, L_BS: 0.1046, C_Loc: 0.1098, Val. DSC: 75.96, Val. Precision: 77.77, Val. Recall: 78.81, Val. HD95: 76.47, Val. ASSD: 21.80, Val. IPE: 0.05, Val. Mem: 2.81
Model saved successfully!
Model saved successfully!
Model saved successfully!
Model saved successfully!
Epoch 4 - Loss: 0.1224 - L_BS: 0.1193 - C_Loc: 0.1237 - Beta: 0.10 - Dice: 72.46, Prec: 76.49, Rec: 74.86, HD95: 88.04, ASSD: 24.03, IPE: 0.10, Mem: 10.40
Val. Loss: 0.2296, L_BS: 0.3171, C_Loc: 0.1922, Val. DSC: 45.36, Val. Precision: 89.10, Val. Recall: 36.51, Val. HD95: 103.35, Val. ASSD: 29.76, Val. IPE: 0.05, Val. Mem: 2.81
Epoch 5 - Loss: 0.1047 - L_BS: 0.1005 - C_Loc: 0.1065 - Beta: 0.10 - Dice: 76.30, Prec: 78.18, Rec: 80.23, HD95: 82.65, ASSD: 21.50, IPE: 0.11, Mem: 10.40
Val. Loss: 0.0921, L_BS: 0.0832, C_Loc: 0.0959, Val. DSC: 77.86, Val. Precision: 83.91, Val. Recall: 76.70, Val. HD95: 74.75, Val. ASSD: 19.72, Val. IPE: 0.05, Val. Mem: 2.81
Model saved successfully!
Model saved successfully!Model saved successfully!

Model saved successfully!
Epoch 6 - Loss: 0.1008 - L_BS: 0.0957 - C_Loc: 0.1030 - Beta: 0.10 - Dice: 77.17, Prec: 79.84, Rec: 79.43, HD95: 84.38, ASSD: 20.88, IPE: 0.11, Mem: 10.40
Val. Loss: 0.1916, L_BS: 0.2212, C_Loc: 0.1789, Val. DSC: 62.83, Val. Precision: 69.46, Val. Recall: 68.58, Val. HD95: 121.70, Val. ASSD: 31.67, Val. IPE: 0.05, Val. Mem: 2.81
Epoch 7 - Loss: 0.0805 - L_BS: 0.0761 - C_Loc: 0.0824 - Beta: 0.10 - Dice: 81.37, Prec: 83.55, Rec: 83.34, HD95: 76.03, ASSD: 17.85, IPE: 0.11, Mem: 10.40
Val. Loss: 0.0786, L_BS: 0.0758, C_Loc: 0.0797, Val. DSC: 81.00, Val. Precision: 78.87, Val. Recall: 86.62, Val. HD95: 78.41, Val. ASSD: 18.88, Val. IPE: 0.05, Val. Mem: 2.81
Model saved successfully!
Model saved successfully!Model saved successfully!

Model saved successfully!
Epoch 8 - Loss: 0.0798 - L_BS: 0.0748 - C_Loc: 0.0819 - Beta: 0.10 - Dice: 81.84, Prec: 84.29, Rec: 83.47, HD95: 69.06, ASSD: 17.44, IPE: 0.10, Mem: 10.40
Val. Loss: 0.0602, L_BS: 0.0613, C_Loc: 0.0597, Val. DSC: 85.33, Val. Precision: 86.14, Val. Recall: 86.77, Val. HD95: 58.74, Val. ASSD: 13.88, Val. IPE: 0.05, Val. Mem: 2.81
Model saved successfully!
Model saved successfully!Model saved successfully!

Model saved successfully!
Epoch 9 - Loss: 0.0655 - L_BS: 0.0636 - C_Loc: 0.0663 - Beta: 0.10 - Dice: 85.04, Prec: 86.63, Rec: 86.65, HD95: 67.19, ASSD: 15.11, IPE: 0.10, Mem: 10.40
Val. Loss: 0.0578, L_BS: 0.0603, C_Loc: 0.0568, Val. DSC: 85.88, Val. Precision: 90.39, Val. Recall: 83.66, Val. HD95: 58.33, Val. ASSD: 12.48, Val. IPE: 0.05, Val. Mem: 2.81
Model saved successfully!
Model saved successfully!Model saved successfully!

Model saved successfully!
Epoch 10 - Loss: 0.0568 - L_BS: 0.0512 - C_Loc: 0.0592 - Beta: 0.10 - Dice: 87.33, Prec: 88.71, Rec: 88.39, HD95: 62.84, ASSD: 13.61, IPE: 0.10, Mem: 10.40
Val. Loss: 0.0478, L_BS: 0.0477, C_Loc: 0.0478, Val. DSC: 88.36, Val. Precision: 91.09, Val. Recall: 87.08, Val. HD95: 53.13, Val. ASSD: 11.41, Val. IPE: 0.05, Val. Mem: 2.81
Model saved successfully!
Model saved successfully!Model saved successfully!

Model saved successfully!
Epoch 11 - Loss: 0.0556 - L_BS: 0.0517 - C_Loc: 0.0573 - Beta: 0.10 - Dice: 87.68, Prec: 88.95, Rec: 89.01, HD95: 65.05, ASSD: 13.61, IPE: 0.11, Mem: 10.40
Val. Loss: 0.0420, L_BS: 0.0437, C_Loc: 0.0412, Val. DSC: 89.01, Val. Precision: 85.96, Val. Recall: 94.51, Val. HD95: 62.73, Val. ASSD: 12.08, Val. IPE: 0.05, Val. Mem: 2.81
Model saved successfully!
Model saved successfully!Model saved successfully!

Model saved successfully!
Epoch 12 - Loss: 0.0508 - L_BS: 0.0462 - C_Loc: 0.0528 - Beta: 0.10 - Dice: 88.68, Prec: 90.10, Rec: 89.58, HD95: 56.05, ASSD: 12.14, IPE: 0.10, Mem: 10.40
Val. Loss: 0.0393, L_BS: 0.0428, C_Loc: 0.0378, Val. DSC: 90.02, Val. Precision: 94.91, Val. Recall: 86.50, Val. HD95: 34.64, Val. ASSD: 8.63, Val. IPE: 0.05, Val. Mem: 2.81
Model saved successfully!
Model saved successfully!Model saved successfully!

Model saved successfully!
Epoch 13 - Loss: 0.0408 - L_BS: 0.0403 - C_Loc: 0.0410 - Beta: 0.10 - Dice: 90.63, Prec: 91.28, Rec: 91.80, HD95: 53.92, ASSD: 10.72, IPE: 0.10, Mem: 10.40
Val. Loss: 0.1225, L_BS: 0.1301, C_Loc: 0.1192, Val. DSC: 75.58, Val. Precision: 94.20, Val. Recall: 69.48, Val. HD95: 69.24, Val. ASSD: 18.09, Val. IPE: 0.05, Val. Mem: 2.81
Epoch 14 - Loss: 0.0431 - L_BS: 0.0396 - C_Loc: 0.0445 - Beta: 0.10 - Dice: 90.78, Prec: 91.89, Rec: 91.59, HD95: 53.67, ASSD: 11.11, IPE: 0.10, Mem: 10.40
Val. Loss: 0.0297, L_BS: 0.0301, C_Loc: 0.0295, Val. DSC: 92.79, Val. Precision: 95.43, Val. Recall: 91.03, Val. HD95: 50.69, Val. ASSD: 8.79, Val. IPE: 0.05, Val. Mem: 2.81
Model saved successfully!
Model saved successfully!Model saved successfully!

Model saved successfully!
Epoch 15 - Loss: 0.0381 - L_BS: 0.0379 - C_Loc: 0.0382 - Beta: 0.10 - Dice: 91.44, Prec: 92.08, Rec: 92.44, HD95: 51.95, ASSD: 10.03, IPE: 0.10, Mem: 10.40
Val. Loss: 0.0321, L_BS: 0.0327, C_Loc: 0.0318, Val. DSC: 92.37, Val. Precision: 93.04, Val. Recall: 92.86, Val. HD95: 51.90, Val. ASSD: 9.53, Val. IPE: 0.05, Val. Mem: 2.81
Epoch 16 - Loss: 0.0360 - L_BS: 0.0379 - C_Loc: 0.0351 - Beta: 0.10 - Dice: 92.06, Prec: 92.72, Rec: 93.10, HD95: 47.72, ASSD: 9.38, IPE: 0.10, Mem: 10.40
Val. Loss: 0.0825, L_BS: 0.0709, C_Loc: 0.0875, Val. DSC: 82.19, Val. Precision: 94.97, Val. Recall: 74.93, Val. HD95: 50.63, Val. ASSD: 13.20, Val. IPE: 0.05, Val. Mem: 2.81
Epoch 17 - Loss: 0.0324 - L_BS: 0.0312 - C_Loc: 0.0329 - Beta: 0.10 - Dice: 92.94, Prec: 93.56, Rec: 93.61, HD95: 45.41, ASSD: 8.88, IPE: 0.10, Mem: 10.40
Val. Loss: 0.0358, L_BS: 0.0377, C_Loc: 0.0350, Val. DSC: 91.49, Val. Precision: 95.20, Val. Recall: 89.24, Val. HD95: 48.45, Val. ASSD: 10.04, Val. IPE: 0.05, Val. Mem: 2.81
Epoch 18 - Loss: 0.0352 - L_BS: 0.0356 - C_Loc: 0.0351 - Beta: 0.10 - Dice: 92.26, Prec: 92.87, Rec: 93.68, HD95: 52.95, ASSD: 9.78, IPE: 0.10, Mem: 10.40
Val. Loss: 0.0263, L_BS: 0.0275, C_Loc: 0.0257, Val. DSC: 93.62, Val. Precision: 93.87, Val. Recall: 94.10, Val. HD95: 53.94, Val. ASSD: 9.71, Val. IPE: 0.05, Val. Mem: 2.81
Model saved successfully!
Model saved successfully!
Model saved successfully!
Model saved successfully!
Epoch 19 - Loss: 0.0304 - L_BS: 0.0300 - C_Loc: 0.0306 - Beta: 0.10 - Dice: 93.39, Prec: 93.93, Rec: 94.30, HD95: 45.36, ASSD: 8.58, IPE: 0.09, Mem: 10.40
Val. Loss: 0.0314, L_BS: 0.0318, C_Loc: 0.0312, Val. DSC: 92.49, Val. Precision: 92.30, Val. Recall: 93.58, Val. HD95: 47.66, Val. ASSD: 9.32, Val. IPE: 0.05, Val. Mem: 2.81
Epoch 20 - Loss: 0.0262 - L_BS: 0.0252 - C_Loc: 0.0266 - Beta: 0.10 - Dice: 94.55, Prec: 94.97, Rec: 95.30, HD95: 39.83, ASSD: 7.23, IPE: 0.09, Mem: 10.40
Val. Loss: 0.0203, L_BS: 0.0252, C_Loc: 0.0182, Val. DSC: 94.63, Val. Precision: 96.95, Val. Recall: 93.22, Val. HD95: 29.68, Val. ASSD: 6.01, Val. IPE: 0.05, Val. Mem: 2.81
Model saved successfully!
Model saved successfully!Model saved successfully!

Model saved successfully!
Epoch 21 - Loss: 0.0231 - L_BS: 0.0244 - C_Loc: 0.0225 - Beta: 0.10 - Dice: 95.02, Prec: 95.36, Rec: 95.94, HD95: 41.99, ASSD: 7.56, IPE: 0.10, Mem: 10.40
Val. Loss: 0.0390, L_BS: 0.0354, C_Loc: 0.0406, Val. DSC: 91.48, Val. Precision: 89.05, Val. Recall: 95.77, Val. HD95: 73.89, Val. ASSD: 13.84, Val. IPE: 0.05, Val. Mem: 2.81
Epoch 22 - Loss: 0.0254 - L_BS: 0.0251 - C_Loc: 0.0255 - Beta: 0.10 - Dice: 94.72, Prec: 95.50, Rec: 95.10, HD95: 37.55, ASSD: 6.73, IPE: 0.10, Mem: 10.40
Val. Loss: 0.0158, L_BS: 0.0168, C_Loc: 0.0153, Val. DSC: 96.34, Val. Precision: 96.65, Val. Recall: 96.31, Val. HD95: 36.13, Val. ASSD: 6.23, Val. IPE: 0.05, Val. Mem: 2.81
Model saved successfully!
Model saved successfully!Model saved successfully!

Model saved successfully!
Epoch 23 - Loss: 0.0232 - L_BS: 0.0237 - C_Loc: 0.0230 - Beta: 0.10 - Dice: 95.10, Prec: 95.40, Rec: 95.79, HD95: 40.07, ASSD: 7.08, IPE: 0.10, Mem: 10.40
Val. Loss: 0.0188, L_BS: 0.0191, C_Loc: 0.0187, Val. DSC: 95.63, Val. Precision: 95.13, Val. Recall: 96.90, Val. HD95: 38.36, Val. ASSD: 6.88, Val. IPE: 0.05, Val. Mem: 2.81
Epoch 24 - Loss: 0.0193 - L_BS: 0.0202 - C_Loc: 0.0189 - Beta: 0.10 - Dice: 96.06, Prec: 96.19, Rec: 96.77, HD95: 32.92, ASSD: 5.88, IPE: 0.10, Mem: 10.40
Val. Loss: 0.0255, L_BS: 0.0230, C_Loc: 0.0266, Val. DSC: 94.24, Val. Precision: 92.02, Val. Recall: 97.74, Val. HD95: 70.48, Val. ASSD: 11.70, Val. IPE: 0.05, Val. Mem: 2.81
Epoch 25 - Loss: 0.0181 - L_BS: 0.0169 - C_Loc: 0.0185 - Beta: 0.10 - Dice: 96.32, Prec: 96.52, Rec: 96.64, HD95: 34.40, ASSD: 5.80, IPE: 0.09, Mem: 10.40
Val. Loss: 0.0151, L_BS: 0.0160, C_Loc: 0.0147, Val. DSC: 96.40, Val. Precision: 95.34, Val. Recall: 97.95, Val. HD95: 38.75, Val. ASSD: 7.54, Val. IPE: 0.05, Val. Mem: 2.81
Model saved successfully!
Model saved successfully!Model saved successfully!

Model saved successfully!
Epoch 26 - Loss: 0.0166 - L_BS: 0.0157 - C_Loc: 0.0170 - Beta: 0.10 - Dice: 96.61, Prec: 96.74, Rec: 97.02, HD95: 33.43, ASSD: 5.71, IPE: 0.09, Mem: 10.40
Val. Loss: 0.0215, L_BS: 0.0207, C_Loc: 0.0218, Val. DSC: 95.14, Val. Precision: 92.96, Val. Recall: 97.94, Val. HD95: 60.70, Val. ASSD: 9.10, Val. IPE: 0.05, Val. Mem: 2.81
Epoch 27 - Loss: 0.0171 - L_BS: 0.0183 - C_Loc: 0.0166 - Beta: 0.10 - Dice: 96.41, Prec: 96.65, Rec: 97.06, HD95: 31.46, ASSD: 5.29, IPE: 0.10, Mem: 10.40
Val. Loss: 0.0213, L_BS: 0.0209, C_Loc: 0.0215, Val. DSC: 95.36, Val. Precision: 96.08, Val. Recall: 95.14, Val. HD95: 42.13, Val. ASSD: 7.59, Val. IPE: 0.05, Val. Mem: 2.81
Epoch 28 - Loss: 0.0148 - L_BS: 0.0153 - C_Loc: 0.0146 - Beta: 0.10 - Dice: 97.13, Prec: 97.25, Rec: 97.60, HD95: 29.27, ASSD: 4.78, IPE: 0.09, Mem: 10.40
Val. Loss: 0.0136, L_BS: 0.0146, C_Loc: 0.0131, Val. DSC: 96.78, Val. Precision: 96.37, Val. Recall: 97.40, Val. HD95: 43.49, Val. ASSD: 6.85, Val. IPE: 0.05, Val. Mem: 2.81
Model saved successfully!
Model saved successfully!Model saved successfully!

Model saved successfully!
Epoch 29 - Loss: 0.0116 - L_BS: 0.0118 - C_Loc: 0.0115 - Beta: 0.10 - Dice: 97.66, Prec: 97.61, Rec: 98.06, HD95: 24.45, ASSD: 4.08, IPE: 0.09, Mem: 10.40
Val. Loss: 0.0298, L_BS: 0.0278, C_Loc: 0.0307, Val. DSC: 93.06, Val. Precision: 89.53, Val. Recall: 98.38, Val. HD95: 72.51, Val. ASSD: 12.58, Val. IPE: 0.05, Val. Mem: 2.81
Epoch 30 - Loss: 0.0152 - L_BS: 0.0165 - C_Loc: 0.0146 - Beta: 0.10 - Dice: 96.97, Prec: 97.18, Rec: 97.49, HD95: 28.76, ASSD: 4.67, IPE: 0.10, Mem: 10.40
Val. Loss: 0.0127, L_BS: 0.0142, C_Loc: 0.0121, Val. DSC: 96.95, Val. Precision: 96.20, Val. Recall: 97.94, Val. HD95: 39.20, Val. ASSD: 6.70, Val. IPE: 0.05, Val. Mem: 2.81
Model saved successfully!
Model saved successfully!Model saved successfully!

Model saved successfully!
Epoch 31 - Loss: 0.0177 - L_BS: 0.0190 - C_Loc: 0.0172 - Beta: 0.10 - Dice: 96.25, Prec: 96.67, Rec: 96.79, HD95: 30.98, ASSD: 5.59, IPE: 0.09, Mem: 10.40
Val. Loss: 0.0260, L_BS: 0.0216, C_Loc: 0.0278, Val. DSC: 94.73, Val. Precision: 98.12, Val. Recall: 92.57, Val. HD95: 27.13, Val. ASSD: 5.24, Val. IPE: 0.05, Val. Mem: 2.81
Epoch 32 - Loss: 0.0144 - L_BS: 0.0145 - C_Loc: 0.0144 - Beta: 0.10 - Dice: 97.07, Prec: 97.08, Rec: 97.65, HD95: 28.73, ASSD: 4.87, IPE: 0.09, Mem: 10.40
Val. Loss: 0.0140, L_BS: 0.0136, C_Loc: 0.0141, Val. DSC: 96.80, Val. Precision: 96.04, Val. Recall: 97.83, Val. HD95: 32.41, Val. ASSD: 5.43, Val. IPE: 0.05, Val. Mem: 2.81
Epoch 33 - Loss: 0.0117 - L_BS: 0.0122 - C_Loc: 0.0114 - Beta: 0.10 - Dice: 97.59, Prec: 97.68, Rec: 97.93, HD95: 24.02, ASSD: 4.00, IPE: 0.09, Mem: 10.40
Val. Loss: 0.0112, L_BS: 0.0117, C_Loc: 0.0110, Val. DSC: 97.43, Val. Precision: 96.85, Val. Recall: 98.18, Val. HD95: 33.28, Val. ASSD: 4.89, Val. IPE: 0.05, Val. Mem: 2.81
Model saved successfully!
Model saved successfully!
Model saved successfully!
Model saved successfully!
Epoch 34 - Loss: 0.0138 - L_BS: 0.0157 - C_Loc: 0.0130 - Beta: 0.10 - Dice: 97.18, Prec: 97.32, Rec: 97.79, HD95: 23.86, ASSD: 4.06, IPE: 0.09, Mem: 10.40
Val. Loss: 0.0103, L_BS: 0.0113, C_Loc: 0.0098, Val. DSC: 97.63, Val. Precision: 97.68, Val. Recall: 97.75, Val. HD95: 24.03, Val. ASSD: 4.07, Val. IPE: 0.05, Val. Mem: 2.81
Model saved successfully!
Model saved successfully!
Model saved successfully!
Model saved successfully!
Epoch 35 - Loss: 0.0108 - L_BS: 0.0119 - C_Loc: 0.0103 - Beta: 0.10 - Dice: 97.83, Prec: 98.13, Rec: 97.97, HD95: 18.09, ASSD: 3.14, IPE: 0.09, Mem: 10.40
Val. Loss: 0.0134, L_BS: 0.0155, C_Loc: 0.0125, Val. DSC: 96.70, Val. Precision: 98.23, Val. Recall: 95.60, Val. HD95: 26.41, Val. ASSD: 4.77, Val. IPE: 0.05, Val. Mem: 2.81
Epoch 36 - Loss: 0.0183 - L_BS: 0.0185 - C_Loc: 0.0182 - Beta: 0.10 - Dice: 96.12, Prec: 96.29, Rec: 96.95, HD95: 33.17, ASSD: 5.60, IPE: 0.09, Mem: 10.40
Val. Loss: 0.0108, L_BS: 0.0120, C_Loc: 0.0102, Val. DSC: 97.51, Val. Precision: 97.92, Val. Recall: 97.23, Val. HD95: 24.13, Val. ASSD: 3.83, Val. IPE: 0.05, Val. Mem: 2.81
Epoch 37 - Loss: 0.0157 - L_BS: 0.0154 - C_Loc: 0.0159 - Beta: 0.10 - Dice: 96.72, Prec: 96.76, Rec: 97.32, HD95: 28.79, ASSD: 4.79, IPE: 0.09, Mem: 10.40
Val. Loss: 0.0117, L_BS: 0.0132, C_Loc: 0.0111, Val. DSC: 97.29, Val. Precision: 97.18, Val. Recall: 97.53, Val. HD95: 32.75, Val. ASSD: 5.57, Val. IPE: 0.05, Val. Mem: 2.81
Epoch 38 - Loss: 0.0134 - L_BS: 0.0142 - C_Loc: 0.0131 - Beta: 0.10 - Dice: 97.25, Prec: 97.38, Rec: 97.68, HD95: 25.06, ASSD: 4.25, IPE: 0.09, Mem: 10.40
Val. Loss: 0.0104, L_BS: 0.0115, C_Loc: 0.0100, Val. DSC: 97.60, Val. Precision: 97.99, Val. Recall: 97.30, Val. HD95: 25.85, Val. ASSD: 4.08, Val. IPE: 0.05, Val. Mem: 2.81
Epoch 39 - Loss: 0.0083 - L_BS: 0.0088 - C_Loc: 0.0081 - Beta: 0.10 - Dice: 98.28, Prec: 98.40, Rec: 98.30, HD95: 19.27, ASSD: 3.30, IPE: 0.09, Mem: 10.40
Val. Loss: 0.0113, L_BS: 0.0125, C_Loc: 0.0108, Val. DSC: 97.33, Val. Precision: 96.65, Val. Recall: 98.42, Val. HD95: 35.00, Val. ASSD: 5.47, Val. IPE: 0.05, Val. Mem: 2.81
Epoch 40 - Loss: 0.0102 - L_BS: 0.0105 - C_Loc: 0.0101 - Beta: 0.10 - Dice: 98.03, Prec: 98.09, Rec: 98.33, HD95: 21.16, ASSD: 3.62, IPE: 0.09, Mem: 10.40
Val. Loss: 0.0078, L_BS: 0.0094, C_Loc: 0.0071, Val. DSC: 98.03, Val. Precision: 98.09, Val. Recall: 98.06, Val. HD95: 14.85, Val. ASSD: 2.94, Val. IPE: 0.05, Val. Mem: 2.81
Model saved successfully!
Model saved successfully!Model saved successfully!

Model saved successfully!
Epoch 41 - Loss: 0.0105 - L_BS: 0.0114 - C_Loc: 0.0101 - Beta: 0.10 - Dice: 97.92, Prec: 97.88, Rec: 98.44, HD95: 20.06, ASSD: 3.25, IPE: 0.09, Mem: 10.40
Val. Loss: 0.0084, L_BS: 0.0097, C_Loc: 0.0078, Val. DSC: 97.91, Val. Precision: 97.30, Val. Recall: 98.67, Val. HD95: 17.79, Val. ASSD: 3.13, Val. IPE: 0.05, Val. Mem: 2.81
Epoch 42 - Loss: 0.0109 - L_BS: 0.0123 - C_Loc: 0.0102 - Beta: 0.10 - Dice: 97.71, Prec: 97.83, Rec: 98.13, HD95: 22.47, ASSD: 3.83, IPE: 0.09, Mem: 10.40
Val. Loss: 0.0115, L_BS: 0.0132, C_Loc: 0.0108, Val. DSC: 97.26, Val. Precision: 96.23, Val. Recall: 98.55, Val. HD95: 50.29, Val. ASSD: 7.17, Val. IPE: 0.05, Val. Mem: 2.81
Epoch 43 - Loss: 0.0124 - L_BS: 0.0135 - C_Loc: 0.0119 - Beta: 0.10 - Dice: 97.52, Prec: 97.67, Rec: 97.97, HD95: 20.37, ASSD: 3.54, IPE: 0.10, Mem: 10.40
Val. Loss: 0.0078, L_BS: 0.0092, C_Loc: 0.0072, Val. DSC: 98.15, Val. Precision: 98.01, Val. Recall: 98.39, Val. HD95: 19.39, Val. ASSD: 3.34, Val. IPE: 0.05, Val. Mem: 2.81
Model saved successfully!
Model saved successfully!Model saved successfully!

Model saved successfully!
Epoch 44 - Loss: 0.0121 - L_BS: 0.0136 - C_Loc: 0.0114 - Beta: 0.10 - Dice: 97.58, Prec: 97.63, Rec: 98.22, HD95: 20.16, ASSD: 3.45, IPE: 0.09, Mem: 10.40
Val. Loss: 0.0109, L_BS: 0.0117, C_Loc: 0.0106, Val. DSC: 97.48, Val. Precision: 96.19, Val. Recall: 99.06, Val. HD95: 40.47, Val. ASSD: 6.51, Val. IPE: 0.05, Val. Mem: 2.81
Epoch 45 - Loss: 0.0116 - L_BS: 0.0119 - C_Loc: 0.0115 - Beta: 0.10 - Dice: 97.71, Prec: 97.87, Rec: 98.01, HD95: 21.67, ASSD: 3.77, IPE: 0.09, Mem: 10.40
Val. Loss: 0.0099, L_BS: 0.0113, C_Loc: 0.0093, Val. DSC: 97.62, Val. Precision: 97.80, Val. Recall: 97.55, Val. HD95: 25.62, Val. ASSD: 4.37, Val. IPE: 0.05, Val. Mem: 2.81
Epoch 46 - Loss: 0.0095 - L_BS: 0.0112 - C_Loc: 0.0088 - Beta: 0.10 - Dice: 98.13, Prec: 98.15, Rec: 98.56, HD95: 19.45, ASSD: 3.01, IPE: 0.09, Mem: 10.40
Val. Loss: 0.0082, L_BS: 0.0098, C_Loc: 0.0076, Val. DSC: 97.95, Val. Precision: 97.83, Val. Recall: 98.13, Val. HD95: 33.54, Val. ASSD: 4.83, Val. IPE: 0.05, Val. Mem: 2.81
Epoch 47 - Loss: 0.0117 - L_BS: 0.0130 - C_Loc: 0.0112 - Beta: 0.10 - Dice: 97.73, Prec: 97.78, Rec: 98.35, HD95: 18.21, ASSD: 3.19, IPE: 0.09, Mem: 10.40
Val. Loss: 0.0098, L_BS: 0.0109, C_Loc: 0.0093, Val. DSC: 97.77, Val. Precision: 97.72, Val. Recall: 97.92, Val. HD95: 18.57, Val. ASSD: 3.60, Val. IPE: 0.05, Val. Mem: 2.81
Epoch 48 - Loss: 0.0098 - L_BS: 0.0100 - C_Loc: 0.0097 - Beta: 0.10 - Dice: 98.06, Prec: 98.20, Rec: 98.27, HD95: 19.24, ASSD: 3.29, IPE: 0.09, Mem: 10.40
Val. Loss: 0.0087, L_BS: 0.0102, C_Loc: 0.0080, Val. DSC: 97.76, Val. Precision: 97.65, Val. Recall: 98.02, Val. HD95: 20.97, Val. ASSD: 3.96, Val. IPE: 0.05, Val. Mem: 2.81
Epoch 49 - Loss: 0.0079 - L_BS: 0.0090 - C_Loc: 0.0074 - Beta: 0.10 - Dice: 98.35, Prec: 98.48, Rec: 98.47, HD95: 15.54, ASSD: 2.68, IPE: 0.09, Mem: 10.40
Val. Loss: 0.0072, L_BS: 0.0089, C_Loc: 0.0065, Val. DSC: 98.26, Val. Precision: 98.40, Val. Recall: 98.13, Val. HD95: 13.90, Val. ASSD: 3.06, Val. IPE: 0.05, Val. Mem: 2.81
Model saved successfully!
Model saved successfully!
Model saved successfully!
Model saved successfully!
Epoch 50 - Loss: 0.0101 - L_BS: 0.0111 - C_Loc: 0.0096 - Beta: 0.10 - Dice: 98.09, Prec: 98.19, Rec: 98.51, HD95: 15.99, ASSD: 2.84, IPE: 0.09, Mem: 10.40
Val. Loss: 0.0086, L_BS: 0.0101, C_Loc: 0.0079, Val. DSC: 97.94, Val. Precision: 97.38, Val. Recall: 98.71, Val. HD95: 27.38, Val. ASSD: 4.20, Val. IPE: 0.05, Val. Mem: 2.81
Epoch 51 - Loss: 0.0104 - L_BS: 0.0109 - C_Loc: 0.0102 - Beta: 0.10 - Dice: 97.97, Prec: 98.03, Rec: 98.31, HD95: 19.17, ASSD: 3.18, IPE: 0.09, Mem: 10.40
Val. Loss: 0.0097, L_BS: 0.0111, C_Loc: 0.0091, Val. DSC: 97.58, Val. Precision: 97.06, Val. Recall: 98.24, Val. HD95: 33.76, Val. ASSD: 5.37, Val. IPE: 0.05, Val. Mem: 2.81
Epoch 52 - Loss: 0.0069 - L_BS: 0.0081 - C_Loc: 0.0064 - Beta: 0.10 - Dice: 98.63, Prec: 98.65, Rec: 98.91, HD95: 11.95, ASSD: 2.10, IPE: 0.09, Mem: 10.40
Val. Loss: 0.0079, L_BS: 0.0092, C_Loc: 0.0074, Val. DSC: 98.11, Val. Precision: 98.60, Val. Recall: 97.73, Val. HD95: 13.93, Val. ASSD: 2.93, Val. IPE: 0.05, Val. Mem: 2.81
Epoch 53 - Loss: 0.0074 - L_BS: 0.0081 - C_Loc: 0.0071 - Beta: 0.10 - Dice: 98.47, Prec: 98.59, Rec: 98.52, HD95: 15.40, ASSD: 2.60, IPE: 0.09, Mem: 10.40
Val. Loss: 0.0074, L_BS: 0.0104, C_Loc: 0.0062, Val. DSC: 97.96, Val. Precision: 98.06, Val. Recall: 97.91, Val. HD95: 21.02, Val. ASSD: 3.41, Val. IPE: 0.05, Val. Mem: 2.81
Epoch 54 - Loss: 0.0072 - L_BS: 0.0088 - C_Loc: 0.0065 - Beta: 0.10 - Dice: 98.57, Prec: 98.48, Rec: 99.02, HD95: 12.53, ASSD: 2.16, IPE: 0.09, Mem: 10.40
Val. Loss: 0.0081, L_BS: 0.0089, C_Loc: 0.0077, Val. DSC: 98.10, Val. Precision: 97.70, Val. Recall: 98.64, Val. HD95: 24.99, Val. ASSD: 4.29, Val. IPE: 0.05, Val. Mem: 2.81
Epoch 55 - Loss: 0.0089 - L_BS: 0.0094 - C_Loc: 0.0087 - Beta: 0.10 - Dice: 98.29, Prec: 98.37, Rec: 98.58, HD95: 17.13, ASSD: 2.88, IPE: 0.09, Mem: 10.40
Val. Loss: 0.0077, L_BS: 0.0091, C_Loc: 0.0071, Val. DSC: 98.18, Val. Precision: 97.82, Val. Recall: 98.65, Val. HD95: 25.08, Val. ASSD: 3.90, Val. IPE: 0.05, Val. Mem: 2.81
Epoch 56 - Loss: 0.0086 - L_BS: 0.0112 - C_Loc: 0.0075 - Beta: 0.10 - Dice: 98.25, Prec: 98.30, Rec: 98.76, HD95: 13.10, ASSD: 2.30, IPE: 0.09, Mem: 10.40
Val. Loss: 0.0069, L_BS: 0.0089, C_Loc: 0.0061, Val. DSC: 98.28, Val. Precision: 98.15, Val. Recall: 98.45, Val. HD95: 22.77, Val. ASSD: 3.75, Val. IPE: 0.05, Val. Mem: 2.81
Model saved successfully!
Model saved successfully!Model saved successfully!

Model saved successfully!
Epoch 57 - Loss: 0.0079 - L_BS: 0.0102 - C_Loc: 0.0069 - Beta: 0.10 - Dice: 98.50, Prec: 98.49, Rec: 99.10, HD95: 10.23, ASSD: 1.79, IPE: 0.08, Mem: 10.40
Val. Loss: 0.0058, L_BS: 0.0077, C_Loc: 0.0049, Val. DSC: 98.55, Val. Precision: 98.48, Val. Recall: 98.64, Val. HD95: 13.91, Val. ASSD: 2.52, Val. IPE: 0.05, Val. Mem: 2.81
Model saved successfully!
Model saved successfully!Model saved successfully!

Model saved successfully!
Epoch 58 - Loss: 0.0069 - L_BS: 0.0089 - C_Loc: 0.0060 - Beta: 0.10 - Dice: 98.67, Prec: 98.66, Rec: 99.14, HD95: 10.12, ASSD: 1.70, IPE: 0.09, Mem: 10.40
Val. Loss: 0.0054, L_BS: 0.0071, C_Loc: 0.0046, Val. DSC: 98.63, Val. Precision: 98.52, Val. Recall: 98.76, Val. HD95: 19.93, Val. ASSD: 2.93, Val. IPE: 0.05, Val. Mem: 2.81
Model saved successfully!
Model saved successfully!
Model saved successfully!
Model saved successfully!
Epoch 59 - Loss: 0.0065 - L_BS: 0.0089 - C_Loc: 0.0054 - Beta: 0.10 - Dice: 98.69, Prec: 98.67, Rec: 99.15, HD95: 10.86, ASSD: 1.90, IPE: 0.08, Mem: 10.40
Val. Loss: 0.0061, L_BS: 0.0078, C_Loc: 0.0053, Val. DSC: 98.49, Val. Precision: 98.21, Val. Recall: 98.80, Val. HD95: 14.37, Val. ASSD: 2.84, Val. IPE: 0.05, Val. Mem: 2.81
Epoch 60 - Loss: 0.0066 - L_BS: 0.0078 - C_Loc: 0.0061 - Beta: 0.10 - Dice: 98.77, Prec: 98.82, Rec: 99.03, HD95: 11.57, ASSD: 1.98, IPE: 0.09, Mem: 10.40
Val. Loss: 0.0051, L_BS: 0.0067, C_Loc: 0.0044, Val. DSC: 98.73, Val. Precision: 98.74, Val. Recall: 98.73, Val. HD95: 13.32, Val. ASSD: 2.52, Val. IPE: 0.05, Val. Mem: 2.81
Model saved successfully!
Model saved successfully!
Model saved successfully!
Model saved successfully!
Epoch 61 - Loss: 0.0078 - L_BS: 0.0096 - C_Loc: 0.0071 - Beta: 0.10 - Dice: 98.54, Prec: 98.62, Rec: 98.95, HD95: 12.65, ASSD: 2.16, IPE: 0.09, Mem: 10.40
Val. Loss: 0.0062, L_BS: 0.0077, C_Loc: 0.0056, Val. DSC: 98.51, Val. Precision: 98.53, Val. Recall: 98.52, Val. HD95: 11.73, Val. ASSD: 2.43, Val. IPE: 0.05, Val. Mem: 2.81
Epoch 62 - Loss: 0.0048 - L_BS: 0.0060 - C_Loc: 0.0044 - Beta: 0.10 - Dice: 99.08, Prec: 99.08, Rec: 99.25, HD95: 8.35, ASSD: 1.43, IPE: 0.08, Mem: 10.40
Val. Loss: 0.0063, L_BS: 0.0078, C_Loc: 0.0056, Val. DSC: 98.49, Val. Precision: 97.96, Val. Recall: 99.06, Val. HD95: 14.72, Val. ASSD: 2.93, Val. IPE: 0.05, Val. Mem: 2.81
Epoch 63 - Loss: 0.0053 - L_BS: 0.0072 - C_Loc: 0.0044 - Beta: 0.10 - Dice: 98.95, Prec: 99.01, Rec: 99.16, HD95: 8.60, ASSD: 1.43, IPE: 0.08, Mem: 10.40
Val. Loss: 0.0053, L_BS: 0.0069, C_Loc: 0.0045, Val. DSC: 98.71, Val. Precision: 98.68, Val. Recall: 98.76, Val. HD95: 11.46, Val. ASSD: 2.38, Val. IPE: 0.05, Val. Mem: 2.81
Epoch 64 - Loss: 0.0040 - L_BS: 0.0054 - C_Loc: 0.0034 - Beta: 0.10 - Dice: 99.23, Prec: 99.24, Rec: 99.36, HD95: 6.32, ASSD: 1.17, IPE: 0.08, Mem: 10.40
Val. Loss: 0.0054, L_BS: 0.0072, C_Loc: 0.0045, Val. DSC: 98.66, Val. Precision: 98.45, Val. Recall: 98.90, Val. HD95: 12.36, Val. ASSD: 2.67, Val. IPE: 0.05, Val. Mem: 2.81
Epoch 65 - Loss: 0.0056 - L_BS: 0.0070 - C_Loc: 0.0050 - Beta: 0.10 - Dice: 98.93, Prec: 98.94, Rec: 99.20, HD95: 9.62, ASSD: 1.58, IPE: 0.08, Mem: 10.40
Val. Loss: 0.0059, L_BS: 0.0076, C_Loc: 0.0051, Val. DSC: 98.56, Val. Precision: 98.45, Val. Recall: 98.68, Val. HD95: 15.00, Val. ASSD: 2.76, Val. IPE: 0.05, Val. Mem: 2.81
Epoch 66 - Loss: 0.0054 - L_BS: 0.0077 - C_Loc: 0.0044 - Beta: 0.10 - Dice: 98.97, Prec: 99.03, Rec: 99.27, HD95: 7.58, ASSD: 1.32, IPE: 0.09, Mem: 10.40
Val. Loss: 0.0051, L_BS: 0.0065, C_Loc: 0.0045, Val. DSC: 98.79, Val. Precision: 98.61, Val. Recall: 98.98, Val. HD95: 14.63, Val. ASSD: 2.98, Val. IPE: 0.05, Val. Mem: 2.81
Epoch 67 - Loss: 0.0054 - L_BS: 0.0082 - C_Loc: 0.0042 - Beta: 0.10 - Dice: 98.89, Prec: 98.90, Rec: 99.30, HD95: 6.78, ASSD: 1.30, IPE: 0.09, Mem: 10.40
Val. Loss: 0.0054, L_BS: 0.0068, C_Loc: 0.0047, Val. DSC: 98.70, Val. Precision: 98.42, Val. Recall: 99.02, Val. HD95: 18.38, Val. ASSD: 3.22, Val. IPE: 0.05, Val. Mem: 2.81
Epoch 68 - Loss: 0.0048 - L_BS: 0.0056 - C_Loc: 0.0045 - Beta: 0.10 - Dice: 99.13, Prec: 99.22, Rec: 99.22, HD95: 8.09, ASSD: 1.35, IPE: 0.09, Mem: 10.40
Val. Loss: 0.0055, L_BS: 0.0074, C_Loc: 0.0046, Val. DSC: 98.60, Val. Precision: 98.64, Val. Recall: 98.58, Val. HD95: 16.61, Val. ASSD: 2.75, Val. IPE: 0.05, Val. Mem: 2.81
Epoch 69 - Loss: 0.0042 - L_BS: 0.0055 - C_Loc: 0.0036 - Beta: 0.10 - Dice: 99.19, Prec: 99.22, Rec: 99.28, HD95: 9.08, ASSD: 1.49, IPE: 0.08, Mem: 10.40
Val. Loss: 0.0052, L_BS: 0.0068, C_Loc: 0.0045, Val. DSC: 98.67, Val. Precision: 98.60, Val. Recall: 98.75, Val. HD95: 14.63, Val. ASSD: 2.49, Val. IPE: 0.05, Val. Mem: 2.81
Epoch 70 - Loss: 0.0052 - L_BS: 0.0076 - C_Loc: 0.0041 - Beta: 0.10 - Dice: 99.00, Prec: 99.00, Rec: 99.38, HD95: 7.54, ASSD: 1.27, IPE: 0.08, Mem: 10.40
Val. Loss: 0.0052, L_BS: 0.0067, C_Loc: 0.0046, Val. DSC: 98.72, Val. Precision: 98.46, Val. Recall: 99.01, Val. HD95: 14.14, Val. ASSD: 2.44, Val. IPE: 0.05, Val. Mem: 2.81
Early stopping triggered!
Testing on easy samples
Testing on easy samplesTesting on easy samples

Testing on easy samples
Te. Loss: 0.0046 | L_BS: 0.0056 | C_Loc: 0.0042 | Beta: 0.10 | DSC: 98.96% | Precision: 98.84% | Recall: 99.18% | HD95: 12.13 px | ASSD: 2.16 px | IPE: 0.84 s/b | Mem: 5.14 GB/b | FLOPs: 218.10 G/b
[Wed 20 May 2026 06:26:53 -05] Training complete.
